<?xml version="1.0" encoding="utf-8"?>
<TestRun id="0649ac69-dd31-4702-8370-174404c05449" name="xniw9@MIN-ASUS 2026-10-03 14:15:08" runUser="MIN-ASUS\xniw9" xmlns="http://microsoft.com/schemas/VisualStudio/TeamTest/2010">
  <Times creation="2026-10-03T14:15:08.2606283-03:00" queuing="2026-10-03T14:15:08.2606286-03:00" start="2026-10-03T14:15:06.5248128-03:00" finish="2026-10-03T14:15:09.7014092-03:00" />
  <TestSettings name="default" id="ca355b32-4365-425c-9bc7-bde144c0a534">
    <Deployment runDeploymentRoot="xniw9_MIN-ASUS_2026-10-03_14_15_08" />
  </TestSettings>
  <Results>
    <UnitTestResult executionId="f715ca8a-7fc5-4cae-bbd6-8f9a4807bd70" testId="1a9917e1-7b0d-8aea-9413-d6eda10719db" testName="OnlineBackup_CancelDuringRealLockAttempt_DoesNotRetryOrPublish" computerName="MIN-ASUS" duration="00:00:00.6335508" startTime="2026-10-03T14:15:08.5065210-03:00" endTime="2026-10-03T14:15:09.1401498-03:00" testType="13cdc9d9-ddb5-4fa4-a97d-d965ccfc6d4b" outcome="Passed" testListId="8c84fa94-04c1-424b-9868-57a2d4851a1d" relativeResultsDirectory="f715ca8a-7fc5-4cae-bbd6-8f9a4807bd70" />
    <UnitTestResult executionId="bc4d2682-5419-4ce6-a91b-8fd4ef898511" testId="12e791d6-cdbc-8036-9cee-e6b3807a10ed" testName="OnlineBackup_ProducesValidatedSnapshotWhileWriterContinues" computerName="MIN-ASUS" duration="00:00:00.5092123" startTime="2026-10-03T14:15:09.1439721-03:00" endTime="2026-10-03T14:15:09.6553943-03:00" testType="13cdc9d9-ddb5-4fa4-a97d-d965ccfc6d4b" outcome="Passed" testListId="8c84fa94-04c1-424b-9868-57a2d4851a1d" relativeResultsDirectory="bc4d2682-5419-4ce6-a91b-8fd4ef898511" />
    <UnitTestResult executionId="6c1a5fe5-a05f-47b5-9496-d5084ca1937d" testId="1a6cbbd0-8c72-8dc2-a5fe-2cf8bdf892a0" testName="OnlineBackup_RealExclusiveLockReleasedAtRetry_PublishesVerifiedSnapshot" computerName="MIN-ASUS" duration="00:00:00.7955419" startTime="2026-10-03T14:15:06.8597570-03:00" endTime="2026-10-03T14:15:07.6679456-03:00" testType="13cdc9d9-ddb5-4fa4-a97d-d965ccfc6d4b" outcome="Passed" testListId="8c84fa94-04c1-424b-9868-57a2d4851a1d" relativeResultsDirectory="6c1a5fe5-a05f-47b5-9496-d5084ca1937d" />
    <UnitTestResult executionId="78325e9c-67bf-4fd0-96ec-b7d5d3e29af4" testId="13185cac-5d03-8a8a-b5bd-65983241aafc" testName="OnlineBackup_RealInvalidSource_IsNotRetriedAndNeverPublished" computerName="MIN-ASUS" duration="00:00:00.0036432" startTime="2026-10-03T14:15:09.1402285-03:00" endTime="2026-10-03T14:15:09.1439393-03:00" testType="13cdc9d9-ddb5-4fa4-a97d-d965ccfc6d4b" outcome="Passed" testListId="8c84fa94-04c1-424b-9868-57a2d4851a1d" relativeResultsDirectory="78325e9c-67bf-4fd0-96ec-b7d5d3e29af4" />
    <UnitTestResult executionId="4467622c-f862-4b56-a238-7b17c54d0518" testId="12500af5-1c3e-8d1d-8f60-9311b04184c7" testName="OnlineBackup_RealPersistentExclusiveLock_FailsWithinAttemptBudgetAndCleansUp" computerName="MIN-ASUS" duration="00:00:00.8353599" startTime="2026-10-03T14:15:07.6705528-03:00" endTime="2026-10-03T14:15:08.5061894-03:00" testType="13cdc9d9-ddb5-4fa4-a97d-d965ccfc6d4b" outcome="Passed" testListId="8c84fa94-04c1-424b-9868-57a2d4851a1d" relativeResultsDirectory="4467622c-f862-4b56-a238-7b17c54d0518" />
  </Results>
  <TestDefinitions>
    <UnitTest name="OnlineBackup_RealInvalidSource_IsNotRetriedAndNeverPublished" storage="c:\dev\win7pos\tests\win7pos.core.tests\bin\release\net10.0\win7pos.core.tests.dll" id="13185cac-5d03-8a8a-b5bd-65983241aafc">
      <Execution id="78325e9c-67bf-4fd0-96ec-b7d5d3e29af4" />
      <TestMethod codeBase="C:\Dev\Win7POS\tests\Win7POS.Core.Tests\bin\Release\net10.0\Win7POS.Core.Tests.dll" adapterTypeName="executor://mstestadapter/v4" className="Win7POS.Core.Tests.Data.PersistenceFoundationTests" name="OnlineBackup_RealInvalidSource_IsNotRetriedAndNeverPublished" />
    </UnitTest>
    <UnitTest name="OnlineBackup_ProducesValidatedSnapshotWhileWriterContinues" storage="c:\dev\win7pos\tests\win7pos.core.tests\bin\release\net10.0\win7pos.core.tests.dll" id="12e791d6-cdbc-8036-9cee-e6b3807a10ed">
      <Execution id="bc4d2682-5419-4ce6-a91b-8fd4ef898511" />
      <TestMethod codeBase="C:\Dev\Win7POS\tests\Win7POS.Core.Tests\bin\Release\net10.0\Win7POS.Core.Tests.dll" adapterTypeName="executor://mstestadapter/v4" className="Win7POS.Core.Tests.Data.PersistenceFoundationTests" name="OnlineBackup_ProducesValidatedSnapshotWhileWriterContinues" />
    </UnitTest>
    <UnitTest name="OnlineBackup_CancelDuringRealLockAttempt_DoesNotRetryOrPublish" storage="c:\dev\win7pos\tests\win7pos.core.tests\bin\release\net10.0\win7pos.core.tests.dll" id="1a9917e1-7b0d-8aea-9413-d6eda10719db">
      <Execution id="f715ca8a-7fc5-4cae-bbd6-8f9a4807bd70" />
      <TestMethod codeBase="C:\Dev\Win7POS\tests\Win7POS.Core.Tests\bin\Release\net10.0\Win7POS.Core.Tests.dll" adapterTypeName="executor://mstestadapter/v4" className="Win7POS.Core.Tests.Data.PersistenceFoundationTests" name="OnlineBackup_CancelDuringRealLockAttempt_DoesNotRetryOrPublish" />
    </UnitTest>
    <UnitTest name="OnlineBackup_RealPersistentExclusiveLock_FailsWithinAttemptBudgetAndCleansUp" storage="c:\dev\win7pos\tests\win7pos.core.tests\bin\release\net10.0\win7pos.core.tests.dll" id="12500af5-1c3e-8d1d-8f60-9311b04184c7">
      <Execution id="4467622c-f862-4b56-a238-7b17c54d0518" />
      <TestMethod codeBase="C:\Dev\Win7POS\tests\Win7POS.Core.Tests\bin\Release\net10.0\Win7POS.Core.Tests.dll" adapterTypeName="executor://mstestadapter/v4" className="Win7POS.Core.Tests.Data.PersistenceFoundationTests" name="OnlineBackup_RealPersistentExclusiveLock_FailsWithinAttemptBudgetAndCleansUp" />
    </UnitTest>
    <UnitTest name="OnlineBackup_RealExclusiveLockReleasedAtRetry_PublishesVerifiedSnapshot" storage="c:\dev\win7pos\tests\win7pos.core.tests\bin\release\net10.0\win7pos.core.tests.dll" id="1a6cbbd0-8c72-8dc2-a5fe-2cf8bdf892a0">
      <Execution id="6c1a5fe5-a05f-47b5-9496-d5084ca1937d" />
      <TestMethod codeBase="C:\Dev\Win7POS\tests\Win7POS.Core.Tests\bin\Release\net10.0\Win7POS.Core.Tests.dll" adapterTypeName="executor://mstestadapter/v4" className="Win7POS.Core.Tests.Data.PersistenceFoundationTests" name="OnlineBackup_RealExclusiveLockReleasedAtRetry_PublishesVerifiedSnapshot" />
    </UnitTest>
  </TestDefinitions>
  <TestEntries>
    <TestEntry testId="1a9917e1-7b0d-8aea-9413-d6eda10719db" executionId="f715ca8a-7fc5-4cae-bbd6-8f9a4807bd70" testListId="8c84fa94-04c1-424b-9868-57a2d4851a1d" />
    <TestEntry testId="12e791d6-cdbc-8036-9cee-e6b3807a10ed" executionId="bc4d2682-5419-4ce6-a91b-8fd4ef898511" testListId="8c84fa94-04c1-424b-9868-57a2d4851a1d" />
    <TestEntry testId="1a6cbbd0-8c72-8dc2-a5fe-2cf8bdf892a0" executionId="6c1a5fe5-a05f-47b5-9496-d5084ca1937d" testListId="8c84fa94-04c1-424b-9868-57a2d4851a1d" />
    <TestEntry testId="13185cac-5d03-8a8a-b5bd-65983241aafc" executionId="78325e9c-67bf-4fd0-96ec-b7d5d3e29af4" testListId="8c84fa94-04c1-424b-9868-57a2d4851a1d" />
    <TestEntry testId="12500af5-1c3e-8d1d-8f60-9311b04184c7" executionId="4467622c-f862-4b56-a238-7b17c54d0518" testListId="8c84fa94-04c1-424b-9868-57a2d4851a1d" />
  </TestEntries>
  <TestLists>
    <TestList name="Results Not in a List" id="8c84fa94-04c1-424b-9868-57a2d4851a1d" />
    <TestList name="All Loaded Results" id="19431567-8539-422a-85d7-44ee4e166bda" />
  </TestLists>
  <ResultSummary outcome="Completed">
    <Counters total="5" executed="5" passed="5" failed="0" error="0" timeout="0" aborted="0" inconclusive="0" passedButRunAborted="0" notRunnable="0" notExecuted="0" disconnected="0" warning="0" completed="0" inProgress="0" pending="0" />
  </ResultSummary>
</TestRun>