<?xml version="1.0" encoding="utf-8"?>
<TestRun id="3ea0dac3-9906-400d-9ac6-f6b1feff1def" name="xniw9@MIN-ASUS 2026-10-03 14:00:17" runUser="MIN-ASUS\xniw9" xmlns="http://microsoft.com/schemas/VisualStudio/TeamTest/2010">
  <Times creation="2026-10-03T14:00:17.0183670-03:00" queuing="2026-10-03T14:00:17.0183675-03:00" start="2026-10-03T14:00:15.1099038-03:00" finish="2026-10-03T14:00:28.5540902-03:00" />
  <TestSettings name="default" id="808f4c43-b66f-4e30-8b94-5b3961c98e47">
    <Deployment runDeploymentRoot="xniw9_MIN-ASUS_2026-10-03_14_00_17" />
  </TestSettings>
  <Results>
    <UnitTestResult executionId="71260af4-a255-47a1-8d7f-017257d7548e" testId="1d077c2b-90b1-809f-bd45-da76252065a0" testName="ApplyAsync_TargetFieldChangedAfterStep4_RejectsBeforeWrites (&quot;name&quot;)" computerName="MIN-ASUS" duration="00:00:00.3511472" startTime="2026-10-03T14:00:19.8219996-03:00" endTime="2026-10-03T14:00:20.1736693-03:00" testType="13cdc9d9-ddb5-4fa4-a97d-d965ccfc6d4b" outcome="Passed" testListId="8c84fa94-04c1-424b-9868-57a2d4851a1d" relativeResultsDirectory="71260af4-a255-47a1-8d7f-017257d7548e" />
    <UnitTestResult executionId="5bed722b-e106-4428-9c54-8609fcaeaf5b" testId="1f8987ac-9269-84b9-bfdd-ac54908ac757" testName="ApplyAsync_DryRunWithConcurrentTargetChange_RejectsAndLeavesNoResidue" computerName="MIN-ASUS" duration="00:00:00.2679053" startTime="2026-10-03T14:00:24.8519150-03:00" endTime="2026-10-03T14:00:25.1198716-03:00" testType="13cdc9d9-ddb5-4fa4-a97d-d965ccfc6d4b" outcome="Passed" testListId="8c84fa94-04c1-424b-9868-57a2d4851a1d" relativeResultsDirectory="5bed722b-e106-4428-9c54-8609fcaeaf5b" />
    <UnitTestResult executionId="8dd75074-5f92-4632-b610-bee508232700" testId="12e6641c-b039-845c-b92f-cb6885113636" testName="ApplyAsync_DeterministicFaultPoint_RollsBackEverythingAndRetrySucceeds (&quot;AfterOutboxEnqueueBeforeCommit&quot;,0)" computerName="MIN-ASUS" duration="00:00:00.2535607" startTime="2026-10-03T14:00:26.9412858-03:00" endTime="2026-10-03T14:00:27.1949102-03:00" testType="13cdc9d9-ddb5-4fa4-a97d-d965ccfc6d4b" outcome="Passed" testListId="8c84fa94-04c1-424b-9868-57a2d4851a1d" relativeResultsDirectory="8dd75074-5f92-4632-b610-bee508232700" />
    <UnitTestResult executionId="79dbcf59-f918-46d1-816e-0f38af1d867d" testId="1780b995-08a8-8744-9f82-b6e7ab665f68" testName="ApplyAsync_TargetFieldChangedAfterStep4_RejectsBeforeWrites (&quot;quantity&quot;)" computerName="MIN-ASUS" duration="00:00:00.3114343" startTime="2026-10-03T14:00:20.8145958-03:00" endTime="2026-10-03T14:00:21.1261110-03:00" testType="13cdc9d9-ddb5-4fa4-a97d-d965ccfc6d4b" outcome="Passed" testListId="8c84fa94-04c1-424b-9868-57a2d4851a1d" relativeResultsDirectory="79dbcf59-f918-46d1-816e-0f38af1d867d" />
    <UnitTestResult executionId="fc2a6481-d79e-4552-b570-51c05a9e8593" testId="1d794507-bc0d-893d-ad6c-44ed66ca39b0" testName="ApplyAsync_ProductInsertedAfterNewPreview_RejectsBeforeWrites" computerName="MIN-ASUS" duration="00:00:00.2812589" startTime="2026-10-03T14:00:21.7180211-03:00" endTime="2026-10-03T14:00:21.9993351-03:00" testType="13cdc9d9-ddb5-4fa4-a97d-d965ccfc6d4b" outcome="Passed" testListId="8c84fa94-04c1-424b-9868-57a2d4851a1d" relativeResultsDirectory="fc2a6481-d79e-4552-b570-51c05a9e8593" />
    <UnitTestResult executionId="f327b1d0-c37d-463f-83c4-2263466e32af" testId="1b356fc0-3da6-8070-8041-e48b387155d6" testName="SupplierPreviewRejectsUnsupportedQuantityAsRowError (&quot;NaN&quot;)" computerName="MIN-ASUS" duration="00:00:00.0000167" startTime="2026-10-03T14:00:18.2797816-03:00" endTime="2026-10-03T14:00:18.2798086-03:00" testType="13cdc9d9-ddb5-4fa4-a97d-d965ccfc6d4b" outcome="Passed" testListId="8c84fa94-04c1-424b-9868-57a2d4851a1d" relativeResultsDirectory="f327b1d0-c37d-463f-83c4-2263466e32af" />
    <UnitTestResult executionId="f3da7bac-9b5c-440b-9139-441686ab84c7" testId="18170e57-7ced-8105-8568-70f02c456dea" testName="SupplierPreviewRejectsUnsupportedQuantityAsRowError (&quot;1.2345&quot;)" computerName="MIN-ASUS" duration="00:00:00.0000317" startTime="2026-10-03T14:00:18.2797193-03:00" endTime="2026-10-03T14:00:18.2797752-03:00" testType="13cdc9d9-ddb5-4fa4-a97d-d965ccfc6d4b" outcome="Passed" testListId="8c84fa94-04c1-424b-9868-57a2d4851a1d" relativeResultsDirectory="f3da7bac-9b5c-440b-9139-441686ab84c7" />
    <UnitTestResult executionId="a558423c-523a-4e14-a13b-4d3725dea606" testId="199b6309-6d3e-8456-a247-c40152350ed2" testName="ApplyAsync_CancelledBeforeTransaction_WritesNothingAndCanRetry" computerName="MIN-ASUS" duration="00:00:00.2456170" startTime="2026-10-03T14:00:27.7169707-03:00" endTime="2026-10-03T14:00:27.9626481-03:00" testType="13cdc9d9-ddb5-4fa4-a97d-d965ccfc6d4b" outcome="Passed" testListId="8c84fa94-04c1-424b-9868-57a2d4851a1d" relativeResultsDirectory="a558423c-523a-4e14-a13b-4d3725dea606" />
    <UnitTestResult executionId="d83c0c37-12c9-4213-b8af-55f65a240c08" testId="12de6706-93f0-846c-a06a-ddfd10bd5d4b" testName="ApplyAsync_OutboxInsertFailure_RollsBackProductsMetaHistoryAndOutbox" computerName="MIN-ASUS" duration="00:00:00.2593045" startTime="2026-10-03T14:00:27.1949400-03:00" endTime="2026-10-03T14:00:27.4543050-03:00" testType="13cdc9d9-ddb5-4fa4-a97d-d965ccfc6d4b" outcome="Passed" testListId="8c84fa94-04c1-424b-9868-57a2d4851a1d" relativeResultsDirectory="d83c0c37-12c9-4213-b8af-55f65a240c08" />
    <UnitTestResult executionId="999d0e47-8a86-4d53-a787-a22bbee21e8c" testId="196e2303-32e2-832c-ab3e-b7bcbaa3a517" testName="UnsupportedLocalScaleIsRejectedBeforeProductOrOutboxWrites" computerName="MIN-ASUS" duration="00:00:00.3449489" startTime="2026-10-03T14:00:19.1383245-03:00" endTime="2026-10-03T14:00:19.4833486-03:00" testType="13cdc9d9-ddb5-4fa4-a97d-d965ccfc6d4b" outcome="Passed" testListId="8c84fa94-04c1-424b-9868-57a2d4851a1d" relativeResultsDirectory="999d0e47-8a86-4d53-a787-a22bbee21e8c" />
    <UnitTestResult executionId="23bde8d1-10cf-4203-95e1-abf3c1871796" testId="15cb374b-a868-8f84-962d-b4f0c54bd99b" testName="ApplyAsync_ShopChangedAfterStep4_RejectsAllNewPreviewBeforeWrites" computerName="MIN-ASUS" duration="00:00:00.2680653" startTime="2026-10-03T14:00:21.9993742-03:00" endTime="2026-10-03T14:00:22.2674994-03:00" testType="13cdc9d9-ddb5-4fa4-a97d-d965ccfc6d4b" outcome="Passed" testListId="8c84fa94-04c1-424b-9868-57a2d4851a1d" relativeResultsDirectory="23bde8d1-10cf-4203-95e1-abf3c1871796" />
    <UnitTestResult executionId="0ce06da6-d014-4385-b3f1-f428648cd32c" testId="19369df1-ba0e-84e8-acd7-76a2c7b50d63" testName="ApplyAsync_TargetFieldChangedAfterStep4_RejectsBeforeWrites (&quot;purchase&quot;)" computerName="MIN-ASUS" duration="00:00:00.3219504" startTime="2026-10-03T14:00:20.1737208-03:00" endTime="2026-10-03T14:00:20.4957555-03:00" testType="13cdc9d9-ddb5-4fa4-a97d-d965ccfc6d4b" outcome="Passed" testListId="8c84fa94-04c1-424b-9868-57a2d4851a1d" relativeResultsDirectory="0ce06da6-d014-4385-b3f1-f428648cd32c" />
    <UnitTestResult executionId="42122ad0-4c5a-4236-8ee0-73da2eb0e020" testId="121b556a-ec1d-898c-afaa-9c63d52e16ce" testName="RemoteReadsPreserveAdditionalFractionDigitsWithoutLocalWriteRounding" computerName="MIN-ASUS" duration="00:00:00.3365924" startTime="2026-10-03T14:00:19.4834055-03:00" endTime="2026-10-03T14:00:19.8200772-03:00" testType="13cdc9d9-ddb5-4fa4-a97d-d965ccfc6d4b" outcome="Passed" testListId="8c84fa94-04c1-424b-9868-57a2d4851a1d" relativeResultsDirectory="42122ad0-4c5a-4236-8ee0-73da2eb0e020" />
    <UnitTestResult executionId="590e8809-92b6-4c84-ba7b-08de730d275b" testId="1850f8c0-efae-8fc8-a5cd-c4a0c77afbe0" testName="ReopenPreservesFractionalLocalStockDeltaAndDurableOutbox" computerName="MIN-ASUS" duration="00:00:00.4849247" startTime="2026-10-03T14:00:18.2806268-03:00" endTime="2026-10-03T14:00:18.7655901-03:00" testType="13cdc9d9-ddb5-4fa4-a97d-d965ccfc6d4b" outcome="Passed" testListId="8c84fa94-04c1-424b-9868-57a2d4851a1d" relativeResultsDirectory="590e8809-92b6-4c84-ba7b-08de730d275b" />
    <UnitTestResult executionId="4a908d9d-9574-4177-9821-3467437a9b7a" testId="10fa7df2-bd68-8877-bdea-62fce1eb0f32" testName="CatalogMapperAndRepositoryPreserveFractionalStock" computerName="MIN-ASUS" duration="00:00:00.8353381" startTime="2026-10-03T14:00:15.8524882-03:00" endTime="2026-10-03T14:00:16.7137917-03:00" testType="13cdc9d9-ddb5-4fa4-a97d-d965ccfc6d4b" outcome="Passed" testListId="8c84fa94-04c1-424b-9868-57a2d4851a1d" relativeResultsDirectory="4a908d9d-9574-4177-9821-3467437a9b7a" />
    <UnitTestResult executionId="b75d0079-3456-4c48-97d7-19c6b654092c" testId="12eebe59-b7eb-87a8-8282-2d13f9e54c54" testName="SupplierPreviewRejectsUnsupportedQuantityAsRowError (&quot;2147483648&quot;)" computerName="MIN-ASUS" duration="00:00:00.0022540" startTime="2026-10-03T14:00:18.2771202-03:00" endTime="2026-10-03T14:00:18.2794596-03:00" testType="13cdc9d9-ddb5-4fa4-a97d-d965ccfc6d4b" outcome="Passed" testListId="8c84fa94-04c1-424b-9868-57a2d4851a1d" relativeResultsDirectory="b75d0079-3456-4c48-97d7-19c6b654092c" />
    <UnitTestResult executionId="d53dbaad-cd93-4890-a0b1-6fa0d1148abc" testId="10e1fb4f-3b52-898b-bc72-7755533d2377" testName="ApplyAsync_UnrelatedCatalogChange_DoesNotInvalidateTargetScopedPreview" computerName="MIN-ASUS" duration="00:00:00.2736437" startTime="2026-10-03T14:00:23.2936477-03:00" endTime="2026-10-03T14:00:23.5673524-03:00" testType="13cdc9d9-ddb5-4fa4-a97d-d965ccfc6d4b" outcome="Passed" testListId="8c84fa94-04c1-424b-9868-57a2d4851a1d" relativeResultsDirectory="d53dbaad-cd93-4890-a0b1-6fa0d1148abc" />
    <UnitTestResult executionId="8c2be112-7568-4042-981d-f41268ea3331" testId="1a11f827-844a-82b1-83e1-61958bc5626e" testName="ApplyAsync_TargetFieldChangedAfterStep4_RejectsBeforeWrites (&quot;category&quot;)" computerName="MIN-ASUS" duration="00:00:00.2925240" startTime="2026-10-03T14:00:21.4253867-03:00" endTime="2026-10-03T14:00:21.7179866-03:00" testType="13cdc9d9-ddb5-4fa4-a97d-d965ccfc6d4b" outcome="Passed" testListId="8c84fa94-04c1-424b-9868-57a2d4851a1d" relativeResultsDirectory="8c2be112-7568-4042-981d-f41268ea3331" />
    <UnitTestResult executionId="9a9d7e5a-086d-4109-9d50-8b78887e1a52" testId="191b6a18-9dc8-8329-80ba-b49568c9c7c6" testName="ApplyAsync_DeterministicFaultPoint_RollsBackEverythingAndRetrySucceeds (&quot;BeforeOutboxEnqueue&quot;,0)" computerName="MIN-ASUS" duration="00:00:00.2504019" startTime="2026-10-03T14:00:26.6907896-03:00" endTime="2026-10-03T14:00:26.9412547-03:00" testType="13cdc9d9-ddb5-4fa4-a97d-d965ccfc6d4b" outcome="Passed" testListId="8c84fa94-04c1-424b-9868-57a2d4851a1d" relativeResultsDirectory="9a9d7e5a-086d-4109-9d50-8b78887e1a52" />
    <UnitTestResult executionId="df64c9bc-7918-4754-a64a-2d63637d9ba4" testId="10e3987b-36fc-80ad-938a-1628c22848ce" testName="ApplyAsync_PriceHistoryInsertFailure_RollsBackProductsMetaReferencesAndOutbox" computerName="MIN-ASUS" duration="00:00:00.2625384" startTime="2026-10-03T14:00:27.4543368-03:00" endTime="2026-10-03T14:00:27.7169300-03:00" testType="13cdc9d9-ddb5-4fa4-a97d-d965ccfc6d4b" outcome="Passed" testListId="8c84fa94-04c1-424b-9868-57a2d4851a1d" relativeResultsDirectory="df64c9bc-7918-4754-a64a-2d63637d9ba4" />
    <UnitTestResult executionId="fc2f4c0f-7e77-4a06-9879-459c1da79dd5" testId="1834b158-781a-8bcd-8a6d-f4c8038be0fd" testName="ApplyAsync_ProductDeletedAfterStep4_RejectsBeforeWrites (False)" computerName="MIN-ASUS" duration="00:00:00.2681681" startTime="2026-10-03T14:00:22.7695585-03:00" endTime="2026-10-03T14:00:23.0378147-03:00" testType="13cdc9d9-ddb5-4fa4-a97d-d965ccfc6d4b" outcome="Passed" testListId="8c84fa94-04c1-424b-9868-57a2d4851a1d" relativeResultsDirectory="fc2f4c0f-7e77-4a06-9879-459c1da79dd5" />
    <UnitTestResult executionId="de7969a7-d901-467b-9274-7a6335fdfb1f" testId="1410dc7c-d1c8-8ea8-9050-6710adb1c79d" testName="ApplyAsync_BlankExistingFieldsArePreservedAndNoChangeDoesNotWriteHistoryOrOutbox" computerName="MIN-ASUS" duration="00:00:00.2517914" startTime="2026-10-03T14:00:24.0846863-03:00" endTime="2026-10-03T14:00:24.3365446-03:00" testType="13cdc9d9-ddb5-4fa4-a97d-d965ccfc6d4b" outcome="Passed" testListId="8c84fa94-04c1-424b-9868-57a2d4851a1d" relativeResultsDirectory="de7969a7-d901-467b-9274-7a6335fdfb1f" />
    <UnitTestResult executionId="630f68d8-3614-44ff-823b-40c07f0f2147" testId="1b9e976c-39d3-84d0-a5d2-6ebc63c48977" testName="ApplyAsync_CancelledAfterFirstProductWrite_RollsBackAndCanRetry" computerName="MIN-ASUS" duration="00:00:00.2671525" startTime="2026-10-03T14:00:28.2410233-03:00" endTime="2026-10-03T14:00:28.5094320-03:00" testType="13cdc9d9-ddb5-4fa4-a97d-d965ccfc6d4b" outcome="Passed" testListId="8c84fa94-04c1-424b-9868-57a2d4851a1d" relativeResultsDirectory="630f68d8-3614-44ff-823b-40c07f0f2147" />
    <UnitTestResult executionId="297ecf91-fad4-462d-8858-4d097023fd2b" testId="1a189ac5-e315-89a2-ab8b-fd1fa36f5dfd" testName="ApplyAsync_DuplicateBarcode_LastWinsWithOriginalSourceRowAndOneOutboxItem" computerName="MIN-ASUS" duration="00:00:00.2503753" startTime="2026-10-03T14:00:23.8342003-03:00" endTime="2026-10-03T14:00:24.0846395-03:00" testType="13cdc9d9-ddb5-4fa4-a97d-d965ccfc6d4b" outcome="Passed" testListId="8c84fa94-04c1-424b-9868-57a2d4851a1d" relativeResultsDirectory="297ecf91-fad4-462d-8858-4d097023fd2b" />
    <UnitTestResult executionId="f77a2417-d8c2-4061-adaf-cbf52822103f" testId="192f0265-2878-80a0-b42b-52aa757d3490" testName="SupplierPreviewRejectsUnsupportedQuantityAsRowError (&quot;Infinity&quot;)" computerName="MIN-ASUS" duration="00:00:00.0000147" startTime="2026-10-03T14:00:18.2798118-03:00" endTime="2026-10-03T14:00:18.2798362-03:00" testType="13cdc9d9-ddb5-4fa4-a97d-d965ccfc6d4b" outcome="Passed" testListId="8c84fa94-04c1-424b-9868-57a2d4851a1d" relativeResultsDirectory="f77a2417-d8c2-4061-adaf-cbf52822103f" />
    <UnitTestResult executionId="89a167aa-0482-4c49-a544-f9b8a9885cfb" testId="1e3b2474-05c5-8073-942c-722e442775da" testName="SQLiteStockRoundtripPreservesThreeFractionsNearLocalMaximum" computerName="MIN-ASUS" duration="00:00:00.3725466" startTime="2026-10-03T14:00:18.7656510-03:00" endTime="2026-10-03T14:00:19.1382726-03:00" testType="13cdc9d9-ddb5-4fa4-a97d-d965ccfc6d4b" outcome="Passed" testListId="8c84fa94-04c1-424b-9868-57a2d4851a1d" relativeResultsDirectory="89a167aa-0482-4c49-a544-f9b8a9885cfb" />
    <UnitTestResult executionId="2da8a4ae-3db2-460c-bfd8-a7a219d195a2" testId="1ac28375-621f-8c19-b035-68a42a2526a7" testName="ApplyAsync_TargetFieldChangedAfterStep4_RejectsBeforeWrites (&quot;retail&quot;)" computerName="MIN-ASUS" duration="00:00:00.3186620" startTime="2026-10-03T14:00:20.4957992-03:00" endTime="2026-10-03T14:00:20.8145460-03:00" testType="13cdc9d9-ddb5-4fa4-a97d-d965ccfc6d4b" outcome="Passed" testListId="8c84fa94-04c1-424b-9868-57a2d4851a1d" relativeResultsDirectory="2da8a4ae-3db2-460c-bfd8-a7a219d195a2" />
    <UnitTestResult executionId="68bb5c2a-5dd9-4cea-91ad-88e56268aa00" testId="1afc7c14-f345-8f3f-b79b-54d2c5d8ab8b" testName="ApplyAsync_TransitionBarrierSerializesApplyAndEpochChangeIsRejected" computerName="MIN-ASUS" duration="00:00:00.2531989" startTime="2026-10-03T14:00:22.2675395-03:00" endTime="2026-10-03T14:00:22.5218663-03:00" testType="13cdc9d9-ddb5-4fa4-a97d-d965ccfc6d4b" outcome="Passed" testListId="8c84fa94-04c1-424b-9868-57a2d4851a1d" relativeResultsDirectory="68bb5c2a-5dd9-4cea-91ad-88e56268aa00" />
    <UnitTestResult executionId="bcdb6868-2451-4a05-80a3-7a83d368eb50" testId="159b4ce3-1bf3-8093-b7b8-2abf4d9beb3c" testName="ApplyAsync_TargetFieldChangedAfterStep4_RejectsBeforeWrites (&quot;supplier&quot;)" computerName="MIN-ASUS" duration="00:00:00.2991186" startTime="2026-10-03T14:00:21.1261478-03:00" endTime="2026-10-03T14:00:21.4253498-03:00" testType="13cdc9d9-ddb5-4fa4-a97d-d965ccfc6d4b" outcome="Passed" testListId="8c84fa94-04c1-424b-9868-57a2d4851a1d" relativeResultsDirectory="bcdb6868-2451-4a05-80a3-7a83d368eb50" />
    <UnitTestResult executionId="9de4cb01-7b0e-47f5-884e-ccc4d3ef1fa4" testId="15485402-babc-8148-a00d-3b3a04aa965d" testName="ApplyAsync_DeterministicFaultPoint_RollsBackEverythingAndRetrySucceeds (&quot;AfterReferenceResolution&quot;,0)" computerName="MIN-ASUS" duration="00:00:00.2518805" startTime="2026-10-03T14:00:25.9267726-03:00" endTime="2026-10-03T14:00:26.1787204-03:00" testType="13cdc9d9-ddb5-4fa4-a97d-d965ccfc6d4b" outcome="Passed" testListId="8c84fa94-04c1-424b-9868-57a2d4851a1d" relativeResultsDirectory="9de4cb01-7b0e-47f5-884e-ccc4d3ef1fa4" />
    <UnitTestResult executionId="f2a0690a-388b-44ff-b1aa-0bb029285884" testId="134dcbbf-bddf-86ab-838b-9661da2f04fe" testName="ApplyAsync_BatchSnapshotUsesBoundedObservedSelectCount" computerName="MIN-ASUS" duration="00:00:00.2883550" startTime="2026-10-03T14:00:25.1199066-03:00" endTime="2026-10-03T14:00:25.4083121-03:00" testType="13cdc9d9-ddb5-4fa4-a97d-d965ccfc6d4b" outcome="Passed" testListId="8c84fa94-04c1-424b-9868-57a2d4851a1d" relativeResultsDirectory="f2a0690a-388b-44ff-b1aa-0bb029285884" />
    <UnitTestResult executionId="f8a64d13-2acf-4115-9580-f5f4b03dcc1d" testId="18f3840c-ee1d-80c2-8fe2-a7e348790355" testName="ApplyAsync_UncapturedShopContext_IsRejectedDeterministically" computerName="MIN-ASUS" duration="00:00:00.2475142" startTime="2026-10-03T14:00:22.5219165-03:00" endTime="2026-10-03T14:00:22.7695138-03:00" testType="13cdc9d9-ddb5-4fa4-a97d-d965ccfc6d4b" outcome="Passed" testListId="8c84fa94-04c1-424b-9868-57a2d4851a1d" relativeResultsDirectory="f8a64d13-2acf-4115-9580-f5f4b03dcc1d" />
    <UnitTestResult executionId="8f19e759-4c76-434b-89fb-a3c90a7f0469" testId="1656b813-0cd6-80fd-b7d5-f146c34dbdd3" testName="ApplyAsync_CancelledBetweenPreloadBatches_RollsBackAndCanRetry" computerName="MIN-ASUS" duration="00:00:00.2782673" startTime="2026-10-03T14:00:27.9626781-03:00" endTime="2026-10-03T14:00:28.2409989-03:00" testType="13cdc9d9-ddb5-4fa4-a97d-d965ccfc6d4b" outcome="Passed" testListId="8c84fa94-04c1-424b-9868-57a2d4851a1d" relativeResultsDirectory="8f19e759-4c76-434b-89fb-a3c90a7f0469" />
    <UnitTestResult executionId="c9e94412-9ddc-4637-9757-0cfd363112cc" testId="1c95b184-d8d5-8542-9555-49c7e5db2872" testName="ApplyAsync_DeterministicFaultPoint_RollsBackEverythingAndRetrySucceeds (&quot;AfterProductWrites&quot;,1)" computerName="MIN-ASUS" duration="00:00:00.2542249" startTime="2026-10-03T14:00:26.1787584-03:00" endTime="2026-10-03T14:00:26.4330632-03:00" testType="13cdc9d9-ddb5-4fa4-a97d-d965ccfc6d4b" outcome="Passed" testListId="8c84fa94-04c1-424b-9868-57a2d4851a1d" relativeResultsDirectory="c9e94412-9ddc-4637-9757-0cfd363112cc" />
    <UnitTestResult executionId="a2a526f2-0ee2-47b3-9022-0309749f2335" testId="16cf2707-0500-87b4-8811-8fe6513dfc0e" testName="SupplierPreviewRejectsUnsupportedQuantityAsRowError (&quot;999999999.001&quot;)" computerName="MIN-ASUS" duration="00:00:00.0001706" startTime="2026-10-03T14:00:18.2794880-03:00" endTime="2026-10-03T14:00:18.2797056-03:00" testType="13cdc9d9-ddb5-4fa4-a97d-d965ccfc6d4b" outcome="Passed" testListId="8c84fa94-04c1-424b-9868-57a2d4851a1d" relativeResultsDirectory="a2a526f2-0ee2-47b3-9022-0309749f2335" />
    <UnitTestResult executionId="6e6c87a8-a000-4778-9d6d-046bbca26271" testId="15c73048-e96d-8fd8-b07c-5d0e3acac768" testName="SupplierRenamePreservesExplicitOrAbsentThreeFractionQuantity (&quot;1.234&quot;)" computerName="MIN-ASUS" duration="00:00:00.4537908" startTime="2026-10-03T14:00:17.4216657-03:00" endTime="2026-10-03T14:00:17.8768852-03:00" testType="13cdc9d9-ddb5-4fa4-a97d-d965ccfc6d4b" outcome="Passed" testListId="8c84fa94-04c1-424b-9868-57a2d4851a1d" relativeResultsDirectory="6e6c87a8-a000-4778-9d6d-046bbca26271" />
    <UnitTestResult executionId="65672c85-4b9c-49f2-a219-92ba17a7d992" testId="1d7d68a5-4dc8-8b4d-acb9-8d6014661dba" testName="SupplierPreviewRejectsUnsupportedQuantityAsRowError (&quot;-1&quot;)" computerName="MIN-ASUS" duration="00:00:00.0000103" startTime="2026-10-03T14:00:18.2798393-03:00" endTime="2026-10-03T14:00:18.2798593-03:00" testType="13cdc9d9-ddb5-4fa4-a97d-d965ccfc6d4b" outcome="Passed" testListId="8c84fa94-04c1-424b-9868-57a2d4851a1d" relativeResultsDirectory="65672c85-4b9c-49f2-a219-92ba17a7d992" />
    <UnitTestResult executionId="da9b75ee-ff6c-44df-9845-b72ff50c3701" testId="176f3cf5-6d97-82b2-9f29-fa03d00a955d" testName="ApplyAsync_DeterministicFaultPoint_RollsBackEverythingAndRetrySucceeds (&quot;AfterHistoryWrites&quot;,1)" computerName="MIN-ASUS" duration="00:00:00.2575737" startTime="2026-10-03T14:00:26.4331058-03:00" endTime="2026-10-03T14:00:26.6907569-03:00" testType="13cdc9d9-ddb5-4fa4-a97d-d965ccfc6d4b" outcome="Passed" testListId="8c84fa94-04c1-424b-9868-57a2d4851a1d" relativeResultsDirectory="da9b75ee-ff6c-44df-9845-b72ff50c3701" />
    <UnitTestResult executionId="fce1a03c-4dbb-44ff-ae05-416b9d6dfead" testId="1a1cf4c7-a62a-8cf5-865d-36691ae11bb9" testName="ApplyAsync_ReplayingSuccessfulNewPreview_IsSafelyRejectedWithoutDuplicateHistoryOrOutbox" computerName="MIN-ASUS" duration="00:00:00.2518447" startTime="2026-10-03T14:00:24.5999883-03:00" endTime="2026-10-03T14:00:24.8518837-03:00" testType="13cdc9d9-ddb5-4fa4-a97d-d965ccfc6d4b" outcome="Passed" testListId="8c84fa94-04c1-424b-9868-57a2d4851a1d" relativeResultsDirectory="fce1a03c-4dbb-44ff-ae05-416b9d6dfead" />
    <UnitTestResult executionId="eaa18316-dc30-4d5e-9fee-b9e5d409035e" testId="11234eca-3b50-83db-87dc-59cd5d994268" testName="SupplierRenamePreservesExplicitOrAbsentThreeFractionQuantity (&quot;&quot;)" computerName="MIN-ASUS" duration="00:00:00.4000288" startTime="2026-10-03T14:00:17.8769397-03:00" endTime="2026-10-03T14:00:18.2770769-03:00" testType="13cdc9d9-ddb5-4fa4-a97d-d965ccfc6d4b" outcome="Passed" testListId="8c84fa94-04c1-424b-9868-57a2d4851a1d" relativeResultsDirectory="eaa18316-dc30-4d5e-9fee-b9e5d409035e" />
    <UnitTestResult executionId="762f3e68-cd55-4b3c-877b-9e8532596589" testId="11081e06-ee64-8bcf-bd56-5036d601c7ea" testName="ApplyAsync_DeterministicFaultPoint_RollsBackEverythingAndRetrySucceeds (&quot;AfterBatchPreload&quot;,0)" computerName="MIN-ASUS" duration="00:00:00.2574524" startTime="2026-10-03T14:00:25.4083480-03:00" endTime="2026-10-03T14:00:25.6658757-03:00" testType="13cdc9d9-ddb5-4fa4-a97d-d965ccfc6d4b" outcome="Passed" testListId="8c84fa94-04c1-424b-9868-57a2d4851a1d" relativeResultsDirectory="762f3e68-cd55-4b3c-877b-9e8532596589" />
    <UnitTestResult executionId="e2ff3129-dc84-41de-81b4-928dab2944c9" testId="1bedfc28-0c97-86a7-990f-40eb08664138" testName="ApplyAsync_TargetChangedAndRestoredToEquivalentState_RemainsValid" computerName="MIN-ASUS" duration="00:00:00.2666306" startTime="2026-10-03T14:00:23.5673894-03:00" endTime="2026-10-03T14:00:23.8340932-03:00" testType="13cdc9d9-ddb5-4fa4-a97d-d965ccfc6d4b" outcome="Passed" testListId="8c84fa94-04c1-424b-9868-57a2d4851a1d" relativeResultsDirectory="e2ff3129-dc84-41de-81b4-928dab2944c9" />
    <UnitTestResult executionId="5d88224a-c6ab-4052-a88c-4e09b687ba12" testId="17bc4dce-f4db-82f3-9209-15a22ef0fcdc" testName="ProductDetailsReadDoesNotTruncateExistingFractionalStock" computerName="MIN-ASUS" duration="00:00:00.7000081" startTime="2026-10-03T14:00:16.7208484-03:00" endTime="2026-10-03T14:00:17.4212629-03:00" testType="13cdc9d9-ddb5-4fa4-a97d-d965ccfc6d4b" outcome="Passed" testListId="8c84fa94-04c1-424b-9868-57a2d4851a1d" relativeResultsDirectory="5d88224a-c6ab-4052-a88c-4e09b687ba12" />
    <UnitTestResult executionId="513413c4-a4eb-4080-83ff-dd4f17285999" testId="112c2e8c-d794-8551-9b83-43410102fdff" testName="ApplyAsync_DeterministicFaultPoint_RollsBackEverythingAndRetrySucceeds (&quot;AfterRevalidation&quot;,0)" computerName="MIN-ASUS" duration="00:00:00.2607649" startTime="2026-10-03T14:00:25.6659087-03:00" endTime="2026-10-03T14:00:25.9267421-03:00" testType="13cdc9d9-ddb5-4fa4-a97d-d965ccfc6d4b" outcome="Passed" testListId="8c84fa94-04c1-424b-9868-57a2d4851a1d" relativeResultsDirectory="513413c4-a4eb-4080-83ff-dd4f17285999" />
    <UnitTestResult executionId="2feee8e1-a28e-41bb-aaac-b3e464172875" testId="1cea221a-2f52-8d77-a930-fb9e7ef575c7" testName="SupplierImportBoundMatchesBackendWithoutReducingLocalStockDomain" computerName="MIN-ASUS" duration="00:00:00.0009014" startTime="2026-10-03T14:00:19.8201237-03:00" endTime="2026-10-03T14:00:19.8219647-03:00" testType="13cdc9d9-ddb5-4fa4-a97d-d965ccfc6d4b" outcome="Passed" testListId="8c84fa94-04c1-424b-9868-57a2d4851a1d" relativeResultsDirectory="2feee8e1-a28e-41bb-aaac-b3e464172875" />
    <UnitTestResult executionId="9751964c-e9e2-4edb-afd1-db6ddae5db8e" testId="19cfed95-64ea-8e47-b985-84112045ba8e" testName="ApplyAsync_ProductDeletedAfterStep4_RejectsBeforeWrites (True)" computerName="MIN-ASUS" duration="00:00:00.2556741" startTime="2026-10-03T14:00:23.0378555-03:00" endTime="2026-10-03T14:00:23.2936105-03:00" testType="13cdc9d9-ddb5-4fa4-a97d-d965ccfc6d4b" outcome="Passed" testListId="8c84fa94-04c1-424b-9868-57a2d4851a1d" relativeResultsDirectory="9751964c-e9e2-4edb-afd1-db6ddae5db8e" />
    <UnitTestResult executionId="98ae0a75-873e-459e-a9c1-7e8a1bb0366f" testId="1a2797d8-77b4-8ac5-abda-fb20aac2598f" testName="ApplyAsync_PriceChangesWriteExactOldNewClpValuesWithImportSource" computerName="MIN-ASUS" duration="00:00:00.2632449" startTime="2026-10-03T14:00:24.3365952-03:00" endTime="2026-10-03T14:00:24.5999353-03:00" testType="13cdc9d9-ddb5-4fa4-a97d-d965ccfc6d4b" outcome="Passed" testListId="8c84fa94-04c1-424b-9868-57a2d4851a1d" relativeResultsDirectory="98ae0a75-873e-459e-a9c1-7e8a1bb0366f" />
  </Results>
  <TestDefinitions>
    <UnitTest name="ApplyAsync_TargetFieldChangedAfterStep4_RejectsBeforeWrites (&quot;purchase&quot;)" storage="c:\users\xniw9\.codex\worktrees\closeout-sync-baseline\win7pos\tests\win7pos.core.tests\bin\release\net10.0\win7pos.core.tests.dll" id="19369df1-ba0e-84e8-acd7-76a2c7b50d63">
      <Execution id="0ce06da6-d014-4385-b3f1-f428648cd32c" />
      <TestMethod codeBase="C:\Users\xniw9\.codex\worktrees\closeout-sync-baseline\Win7POS\tests\Win7POS.Core.Tests\bin\Release\net10.0\Win7POS.Core.Tests.dll" adapterTypeName="executor://mstestadapter/v4" className="Win7POS.Core.Tests.Data.SupplierExcelImportApplierBatchTests" name="ApplyAsync_TargetFieldChangedAfterStep4_RejectsBeforeWrites" />
    </UnitTest>
    <UnitTest name="SupplierPreviewRejectsUnsupportedQuantityAsRowError (&quot;2147483648&quot;)" storage="c:\users\xniw9\.codex\worktrees\closeout-sync-baseline\win7pos\tests\win7pos.core.tests\bin\release\net10.0\win7pos.core.tests.dll" id="12eebe59-b7eb-87a8-8282-2d13f9e54c54">
      <Execution id="b75d0079-3456-4c48-97d7-19c6b654092c" />
      <TestMethod codeBase="C:\Users\xniw9\.codex\worktrees\closeout-sync-baseline\Win7POS\tests\Win7POS.Core.Tests\bin\Release\net10.0\Win7POS.Core.Tests.dll" adapterTypeName="executor://mstestadapter/v4" className="Win7POS.Core.Tests.Data.FractionalStockCloseoutTests" name="SupplierPreviewRejectsUnsupportedQuantityAsRowError" />
    </UnitTest>
    <UnitTest name="SupplierImportBoundMatchesBackendWithoutReducingLocalStockDomain" storage="c:\users\xniw9\.codex\worktrees\closeout-sync-baseline\win7pos\tests\win7pos.core.tests\bin\release\net10.0\win7pos.core.tests.dll" id="1cea221a-2f52-8d77-a930-fb9e7ef575c7">
      <Execution id="2feee8e1-a28e-41bb-aaac-b3e464172875" />
      <TestMethod codeBase="C:\Users\xniw9\.codex\worktrees\closeout-sync-baseline\Win7POS\tests\Win7POS.Core.Tests\bin\Release\net10.0\Win7POS.Core.Tests.dll" adapterTypeName="executor://mstestadapter/v4" className="Win7POS.Core.Tests.Data.FractionalStockCloseoutTests" name="SupplierImportBoundMatchesBackendWithoutReducingLocalStockDomain" />
    </UnitTest>
    <UnitTest name="SupplierRenamePreservesExplicitOrAbsentThreeFractionQuantity (&quot;&quot;)" storage="c:\users\xniw9\.codex\worktrees\closeout-sync-baseline\win7pos\tests\win7pos.core.tests\bin\release\net10.0\win7pos.core.tests.dll" id="11234eca-3b50-83db-87dc-59cd5d994268">
      <Execution id="eaa18316-dc30-4d5e-9fee-b9e5d409035e" />
      <TestMethod codeBase="C:\Users\xniw9\.codex\worktrees\closeout-sync-baseline\Win7POS\tests\Win7POS.Core.Tests\bin\Release\net10.0\Win7POS.Core.Tests.dll" adapterTypeName="executor://mstestadapter/v4" className="Win7POS.Core.Tests.Data.FractionalStockCloseoutTests" name="SupplierRenamePreservesExplicitOrAbsentThreeFractionQuantity" />
    </UnitTest>
    <UnitTest name="ApplyAsync_TargetFieldChangedAfterStep4_RejectsBeforeWrites (&quot;name&quot;)" storage="c:\users\xniw9\.codex\worktrees\closeout-sync-baseline\win7pos\tests\win7pos.core.tests\bin\release\net10.0\win7pos.core.tests.dll" id="1d077c2b-90b1-809f-bd45-da76252065a0">
      <Execution id="71260af4-a255-47a1-8d7f-017257d7548e" />
      <TestMethod codeBase="C:\Users\xniw9\.codex\worktrees\closeout-sync-baseline\Win7POS\tests\Win7POS.Core.Tests\bin\Release\net10.0\Win7POS.Core.Tests.dll" adapterTypeName="executor://mstestadapter/v4" className="Win7POS.Core.Tests.Data.SupplierExcelImportApplierBatchTests" name="ApplyAsync_TargetFieldChangedAfterStep4_RejectsBeforeWrites" />
    </UnitTest>
    <UnitTest name="SupplierPreviewRejectsUnsupportedQuantityAsRowError (&quot;999999999.001&quot;)" storage="c:\users\xniw9\.codex\worktrees\closeout-sync-baseline\win7pos\tests\win7pos.core.tests\bin\release\net10.0\win7pos.core.tests.dll" id="16cf2707-0500-87b4-8811-8fe6513dfc0e">
      <Execution id="a2a526f2-0ee2-47b3-9022-0309749f2335" />
      <TestMethod codeBase="C:\Users\xniw9\.codex\worktrees\closeout-sync-baseline\Win7POS\tests\Win7POS.Core.Tests\bin\Release\net10.0\Win7POS.Core.Tests.dll" adapterTypeName="executor://mstestadapter/v4" className="Win7POS.Core.Tests.Data.FractionalStockCloseoutTests" name="SupplierPreviewRejectsUnsupportedQuantityAsRowError" />
    </UnitTest>
    <UnitTest name="ApplyAsync_TargetFieldChangedAfterStep4_RejectsBeforeWrites (&quot;quantity&quot;)" storage="c:\users\xniw9\.codex\worktrees\closeout-sync-baseline\win7pos\tests\win7pos.core.tests\bin\release\net10.0\win7pos.core.tests.dll" id="1780b995-08a8-8744-9f82-b6e7ab665f68">
      <Execution id="79dbcf59-f918-46d1-816e-0f38af1d867d" />
      <TestMethod codeBase="C:\Users\xniw9\.codex\worktrees\closeout-sync-baseline\Win7POS\tests\Win7POS.Core.Tests\bin\Release\net10.0\Win7POS.Core.Tests.dll" adapterTypeName="executor://mstestadapter/v4" className="Win7POS.Core.Tests.Data.SupplierExcelImportApplierBatchTests" name="ApplyAsync_TargetFieldChangedAfterStep4_RejectsBeforeWrites" />
    </UnitTest>
    <UnitTest name="ApplyAsync_TransitionBarrierSerializesApplyAndEpochChangeIsRejected" storage="c:\users\xniw9\.codex\worktrees\closeout-sync-baseline\win7pos\tests\win7pos.core.tests\bin\release\net10.0\win7pos.core.tests.dll" id="1afc7c14-f345-8f3f-b79b-54d2c5d8ab8b">
      <Execution id="68bb5c2a-5dd9-4cea-91ad-88e56268aa00" />
      <TestMethod codeBase="C:\Users\xniw9\.codex\worktrees\closeout-sync-baseline\Win7POS\tests\Win7POS.Core.Tests\bin\Release\net10.0\Win7POS.Core.Tests.dll" adapterTypeName="executor://mstestadapter/v4" className="Win7POS.Core.Tests.Data.SupplierExcelImportApplierBatchTests" name="ApplyAsync_TransitionBarrierSerializesApplyAndEpochChangeIsRejected" />
    </UnitTest>
    <UnitTest name="ApplyAsync_BatchSnapshotUsesBoundedObservedSelectCount" storage="c:\users\xniw9\.codex\worktrees\closeout-sync-baseline\win7pos\tests\win7pos.core.tests\bin\release\net10.0\win7pos.core.tests.dll" id="134dcbbf-bddf-86ab-838b-9661da2f04fe">
      <Execution id="f2a0690a-388b-44ff-b1aa-0bb029285884" />
      <TestMethod codeBase="C:\Users\xniw9\.codex\worktrees\closeout-sync-baseline\Win7POS\tests\Win7POS.Core.Tests\bin\Release\net10.0\Win7POS.Core.Tests.dll" adapterTypeName="executor://mstestadapter/v4" className="Win7POS.Core.Tests.Data.SupplierExcelImportApplierBatchTests" name="ApplyAsync_BatchSnapshotUsesBoundedObservedSelectCount" />
    </UnitTest>
    <UnitTest name="ApplyAsync_ProductDeletedAfterStep4_RejectsBeforeWrites (True)" storage="c:\users\xniw9\.codex\worktrees\closeout-sync-baseline\win7pos\tests\win7pos.core.tests\bin\release\net10.0\win7pos.core.tests.dll" id="19cfed95-64ea-8e47-b985-84112045ba8e">
      <Execution id="9751964c-e9e2-4edb-afd1-db6ddae5db8e" />
      <TestMethod codeBase="C:\Users\xniw9\.codex\worktrees\closeout-sync-baseline\Win7POS\tests\Win7POS.Core.Tests\bin\Release\net10.0\Win7POS.Core.Tests.dll" adapterTypeName="executor://mstestadapter/v4" className="Win7POS.Core.Tests.Data.SupplierExcelImportApplierBatchTests" name="ApplyAsync_ProductDeletedAfterStep4_RejectsBeforeWrites" />
    </UnitTest>
    <UnitTest name="SupplierPreviewRejectsUnsupportedQuantityAsRowError (&quot;Infinity&quot;)" storage="c:\users\xniw9\.codex\worktrees\closeout-sync-baseline\win7pos\tests\win7pos.core.tests\bin\release\net10.0\win7pos.core.tests.dll" id="192f0265-2878-80a0-b42b-52aa757d3490">
      <Execution id="f77a2417-d8c2-4061-adaf-cbf52822103f" />
      <TestMethod codeBase="C:\Users\xniw9\.codex\worktrees\closeout-sync-baseline\Win7POS\tests\Win7POS.Core.Tests\bin\Release\net10.0\Win7POS.Core.Tests.dll" adapterTypeName="executor://mstestadapter/v4" className="Win7POS.Core.Tests.Data.FractionalStockCloseoutTests" name="SupplierPreviewRejectsUnsupportedQuantityAsRowError" />
    </UnitTest>
    <UnitTest name="ApplyAsync_UnrelatedCatalogChange_DoesNotInvalidateTargetScopedPreview" storage="c:\users\xniw9\.codex\worktrees\closeout-sync-baseline\win7pos\tests\win7pos.core.tests\bin\release\net10.0\win7pos.core.tests.dll" id="10e1fb4f-3b52-898b-bc72-7755533d2377">
      <Execution id="d53dbaad-cd93-4890-a0b1-6fa0d1148abc" />
      <TestMethod codeBase="C:\Users\xniw9\.codex\worktrees\closeout-sync-baseline\Win7POS\tests\Win7POS.Core.Tests\bin\Release\net10.0\Win7POS.Core.Tests.dll" adapterTypeName="executor://mstestadapter/v4" className="Win7POS.Core.Tests.Data.SupplierExcelImportApplierBatchTests" name="ApplyAsync_UnrelatedCatalogChange_DoesNotInvalidateTargetScopedPreview" />
    </UnitTest>
    <UnitTest name="ApplyAsync_PriceChangesWriteExactOldNewClpValuesWithImportSource" storage="c:\users\xniw9\.codex\worktrees\closeout-sync-baseline\win7pos\tests\win7pos.core.tests\bin\release\net10.0\win7pos.core.tests.dll" id="1a2797d8-77b4-8ac5-abda-fb20aac2598f">
      <Execution id="98ae0a75-873e-459e-a9c1-7e8a1bb0366f" />
      <TestMethod codeBase="C:\Users\xniw9\.codex\worktrees\closeout-sync-baseline\Win7POS\tests\Win7POS.Core.Tests\bin\Release\net10.0\Win7POS.Core.Tests.dll" adapterTypeName="executor://mstestadapter/v4" className="Win7POS.Core.Tests.Data.SupplierExcelImportApplierBatchTests" name="ApplyAsync_PriceChangesWriteExactOldNewClpValuesWithImportSource" />
    </UnitTest>
    <UnitTest name="ApplyAsync_PriceHistoryInsertFailure_RollsBackProductsMetaReferencesAndOutbox" storage="c:\users\xniw9\.codex\worktrees\closeout-sync-baseline\win7pos\tests\win7pos.core.tests\bin\release\net10.0\win7pos.core.tests.dll" id="10e3987b-36fc-80ad-938a-1628c22848ce">
      <Execution id="df64c9bc-7918-4754-a64a-2d63637d9ba4" />
      <TestMethod codeBase="C:\Users\xniw9\.codex\worktrees\closeout-sync-baseline\Win7POS\tests\Win7POS.Core.Tests\bin\Release\net10.0\Win7POS.Core.Tests.dll" adapterTypeName="executor://mstestadapter/v4" className="Win7POS.Core.Tests.Data.SupplierExcelImportApplierBatchTests" name="ApplyAsync_PriceHistoryInsertFailure_RollsBackProductsMetaReferencesAndOutbox" />
    </UnitTest>
    <UnitTest name="ApplyAsync_TargetFieldChangedAfterStep4_RejectsBeforeWrites (&quot;supplier&quot;)" storage="c:\users\xniw9\.codex\worktrees\closeout-sync-baseline\win7pos\tests\win7pos.core.tests\bin\release\net10.0\win7pos.core.tests.dll" id="159b4ce3-1bf3-8093-b7b8-2abf4d9beb3c">
      <Execution id="bcdb6868-2451-4a05-80a3-7a83d368eb50" />
      <TestMethod codeBase="C:\Users\xniw9\.codex\worktrees\closeout-sync-baseline\Win7POS\tests\Win7POS.Core.Tests\bin\Release\net10.0\Win7POS.Core.Tests.dll" adapterTypeName="executor://mstestadapter/v4" className="Win7POS.Core.Tests.Data.SupplierExcelImportApplierBatchTests" name="ApplyAsync_TargetFieldChangedAfterStep4_RejectsBeforeWrites" />
    </UnitTest>
    <UnitTest name="ApplyAsync_ShopChangedAfterStep4_RejectsAllNewPreviewBeforeWrites" storage="c:\users\xniw9\.codex\worktrees\closeout-sync-baseline\win7pos\tests\win7pos.core.tests\bin\release\net10.0\win7pos.core.tests.dll" id="15cb374b-a868-8f84-962d-b4f0c54bd99b">
      <Execution id="23bde8d1-10cf-4203-95e1-abf3c1871796" />
      <TestMethod codeBase="C:\Users\xniw9\.codex\worktrees\closeout-sync-baseline\Win7POS\tests\Win7POS.Core.Tests\bin\Release\net10.0\Win7POS.Core.Tests.dll" adapterTypeName="executor://mstestadapter/v4" className="Win7POS.Core.Tests.Data.SupplierExcelImportApplierBatchTests" name="ApplyAsync_ShopChangedAfterStep4_RejectsAllNewPreviewBeforeWrites" />
    </UnitTest>
    <UnitTest name="ApplyAsync_DeterministicFaultPoint_RollsBackEverythingAndRetrySucceeds (&quot;AfterOutboxEnqueueBeforeCommit&quot;,0)" storage="c:\users\xniw9\.codex\worktrees\closeout-sync-baseline\win7pos\tests\win7pos.core.tests\bin\release\net10.0\win7pos.core.tests.dll" id="12e6641c-b039-845c-b92f-cb6885113636">
      <Execution id="8dd75074-5f92-4632-b610-bee508232700" />
      <TestMethod codeBase="C:\Users\xniw9\.codex\worktrees\closeout-sync-baseline\Win7POS\tests\Win7POS.Core.Tests\bin\Release\net10.0\Win7POS.Core.Tests.dll" adapterTypeName="executor://mstestadapter/v4" className="Win7POS.Core.Tests.Data.SupplierExcelImportApplierBatchTests" name="ApplyAsync_DeterministicFaultPoint_RollsBackEverythingAndRetrySucceeds" />
    </UnitTest>
    <UnitTest name="ApplyAsync_ProductDeletedAfterStep4_RejectsBeforeWrites (False)" storage="c:\users\xniw9\.codex\worktrees\closeout-sync-baseline\win7pos\tests\win7pos.core.tests\bin\release\net10.0\win7pos.core.tests.dll" id="1834b158-781a-8bcd-8a6d-f4c8038be0fd">
      <Execution id="fc2f4c0f-7e77-4a06-9879-459c1da79dd5" />
      <TestMethod codeBase="C:\Users\xniw9\.codex\worktrees\closeout-sync-baseline\Win7POS\tests\Win7POS.Core.Tests\bin\Release\net10.0\Win7POS.Core.Tests.dll" adapterTypeName="executor://mstestadapter/v4" className="Win7POS.Core.Tests.Data.SupplierExcelImportApplierBatchTests" name="ApplyAsync_ProductDeletedAfterStep4_RejectsBeforeWrites" />
    </UnitTest>
    <UnitTest name="ApplyAsync_OutboxInsertFailure_RollsBackProductsMetaHistoryAndOutbox" storage="c:\users\xniw9\.codex\worktrees\closeout-sync-baseline\win7pos\tests\win7pos.core.tests\bin\release\net10.0\win7pos.core.tests.dll" id="12de6706-93f0-846c-a06a-ddfd10bd5d4b">
      <Execution id="d83c0c37-12c9-4213-b8af-55f65a240c08" />
      <TestMethod codeBase="C:\Users\xniw9\.codex\worktrees\closeout-sync-baseline\Win7POS\tests\Win7POS.Core.Tests\bin\Release\net10.0\Win7POS.Core.Tests.dll" adapterTypeName="executor://mstestadapter/v4" className="Win7POS.Core.Tests.Data.SupplierExcelImportApplierBatchTests" name="ApplyAsync_OutboxInsertFailure_RollsBackProductsMetaHistoryAndOutbox" />
    </UnitTest>
    <UnitTest name="ApplyAsync_CancelledBeforeTransaction_WritesNothingAndCanRetry" storage="c:\users\xniw9\.codex\worktrees\closeout-sync-baseline\win7pos\tests\win7pos.core.tests\bin\release\net10.0\win7pos.core.tests.dll" id="199b6309-6d3e-8456-a247-c40152350ed2">
      <Execution id="a558423c-523a-4e14-a13b-4d3725dea606" />
      <TestMethod codeBase="C:\Users\xniw9\.codex\worktrees\closeout-sync-baseline\Win7POS\tests\Win7POS.Core.Tests\bin\Release\net10.0\Win7POS.Core.Tests.dll" adapterTypeName="executor://mstestadapter/v4" className="Win7POS.Core.Tests.Data.SupplierExcelImportApplierBatchTests" name="ApplyAsync_CancelledBeforeTransaction_WritesNothingAndCanRetry" />
    </UnitTest>
    <UnitTest name="SupplierPreviewRejectsUnsupportedQuantityAsRowError (&quot;1.2345&quot;)" storage="c:\users\xniw9\.codex\worktrees\closeout-sync-baseline\win7pos\tests\win7pos.core.tests\bin\release\net10.0\win7pos.core.tests.dll" id="18170e57-7ced-8105-8568-70f02c456dea">
      <Execution id="f3da7bac-9b5c-440b-9139-441686ab84c7" />
      <TestMethod codeBase="C:\Users\xniw9\.codex\worktrees\closeout-sync-baseline\Win7POS\tests\Win7POS.Core.Tests\bin\Release\net10.0\Win7POS.Core.Tests.dll" adapterTypeName="executor://mstestadapter/v4" className="Win7POS.Core.Tests.Data.FractionalStockCloseoutTests" name="SupplierPreviewRejectsUnsupportedQuantityAsRowError" />
    </UnitTest>
    <UnitTest name="ApplyAsync_DeterministicFaultPoint_RollsBackEverythingAndRetrySucceeds (&quot;AfterReferenceResolution&quot;,0)" storage="c:\users\xniw9\.codex\worktrees\closeout-sync-baseline\win7pos\tests\win7pos.core.tests\bin\release\net10.0\win7pos.core.tests.dll" id="15485402-babc-8148-a00d-3b3a04aa965d">
      <Execution id="9de4cb01-7b0e-47f5-884e-ccc4d3ef1fa4" />
      <TestMethod codeBase="C:\Users\xniw9\.codex\worktrees\closeout-sync-baseline\Win7POS\tests\Win7POS.Core.Tests\bin\Release\net10.0\Win7POS.Core.Tests.dll" adapterTypeName="executor://mstestadapter/v4" className="Win7POS.Core.Tests.Data.SupplierExcelImportApplierBatchTests" name="ApplyAsync_DeterministicFaultPoint_RollsBackEverythingAndRetrySucceeds" />
    </UnitTest>
    <UnitTest name="ApplyAsync_CancelledBetweenPreloadBatches_RollsBackAndCanRetry" storage="c:\users\xniw9\.codex\worktrees\closeout-sync-baseline\win7pos\tests\win7pos.core.tests\bin\release\net10.0\win7pos.core.tests.dll" id="1656b813-0cd6-80fd-b7d5-f146c34dbdd3">
      <Execution id="8f19e759-4c76-434b-89fb-a3c90a7f0469" />
      <TestMethod codeBase="C:\Users\xniw9\.codex\worktrees\closeout-sync-baseline\Win7POS\tests\Win7POS.Core.Tests\bin\Release\net10.0\Win7POS.Core.Tests.dll" adapterTypeName="executor://mstestadapter/v4" className="Win7POS.Core.Tests.Data.SupplierExcelImportApplierBatchTests" name="ApplyAsync_CancelledBetweenPreloadBatches_RollsBackAndCanRetry" />
    </UnitTest>
    <UnitTest name="ReopenPreservesFractionalLocalStockDeltaAndDurableOutbox" storage="c:\users\xniw9\.codex\worktrees\closeout-sync-baseline\win7pos\tests\win7pos.core.tests\bin\release\net10.0\win7pos.core.tests.dll" id="1850f8c0-efae-8fc8-a5cd-c4a0c77afbe0">
      <Execution id="590e8809-92b6-4c84-ba7b-08de730d275b" />
      <TestMethod codeBase="C:\Users\xniw9\.codex\worktrees\closeout-sync-baseline\Win7POS\tests\Win7POS.Core.Tests\bin\Release\net10.0\Win7POS.Core.Tests.dll" adapterTypeName="executor://mstestadapter/v4" className="Win7POS.Core.Tests.Data.FractionalStockCloseoutTests" name="ReopenPreservesFractionalLocalStockDeltaAndDurableOutbox" />
    </UnitTest>
    <UnitTest name="ApplyAsync_ReplayingSuccessfulNewPreview_IsSafelyRejectedWithoutDuplicateHistoryOrOutbox" storage="c:\users\xniw9\.codex\worktrees\closeout-sync-baseline\win7pos\tests\win7pos.core.tests\bin\release\net10.0\win7pos.core.tests.dll" id="1a1cf4c7-a62a-8cf5-865d-36691ae11bb9">
      <Execution id="fce1a03c-4dbb-44ff-ae05-416b9d6dfead" />
      <TestMethod codeBase="C:\Users\xniw9\.codex\worktrees\closeout-sync-baseline\Win7POS\tests\Win7POS.Core.Tests\bin\Release\net10.0\Win7POS.Core.Tests.dll" adapterTypeName="executor://mstestadapter/v4" className="Win7POS.Core.Tests.Data.SupplierExcelImportApplierBatchTests" name="ApplyAsync_ReplayingSuccessfulNewPreview_IsSafelyRejectedWithoutDuplicateHistoryOrOutbox" />
    </UnitTest>
    <UnitTest name="ApplyAsync_DeterministicFaultPoint_RollsBackEverythingAndRetrySucceeds (&quot;BeforeOutboxEnqueue&quot;,0)" storage="c:\users\xniw9\.codex\worktrees\closeout-sync-baseline\win7pos\tests\win7pos.core.tests\bin\release\net10.0\win7pos.core.tests.dll" id="191b6a18-9dc8-8329-80ba-b49568c9c7c6">
      <Execution id="9a9d7e5a-086d-4109-9d50-8b78887e1a52" />
      <TestMethod codeBase="C:\Users\xniw9\.codex\worktrees\closeout-sync-baseline\Win7POS\tests\Win7POS.Core.Tests\bin\Release\net10.0\Win7POS.Core.Tests.dll" adapterTypeName="executor://mstestadapter/v4" className="Win7POS.Core.Tests.Data.SupplierExcelImportApplierBatchTests" name="ApplyAsync_DeterministicFaultPoint_RollsBackEverythingAndRetrySucceeds" />
    </UnitTest>
    <UnitTest name="SQLiteStockRoundtripPreservesThreeFractionsNearLocalMaximum" storage="c:\users\xniw9\.codex\worktrees\closeout-sync-baseline\win7pos\tests\win7pos.core.tests\bin\release\net10.0\win7pos.core.tests.dll" id="1e3b2474-05c5-8073-942c-722e442775da">
      <Execution id="89a167aa-0482-4c49-a544-f9b8a9885cfb" />
      <TestMethod codeBase="C:\Users\xniw9\.codex\worktrees\closeout-sync-baseline\Win7POS\tests\Win7POS.Core.Tests\bin\Release\net10.0\Win7POS.Core.Tests.dll" adapterTypeName="executor://mstestadapter/v4" className="Win7POS.Core.Tests.Data.FractionalStockCloseoutTests" name="SQLiteStockRoundtripPreservesThreeFractionsNearLocalMaximum" />
    </UnitTest>
    <UnitTest name="SupplierPreviewRejectsUnsupportedQuantityAsRowError (&quot;NaN&quot;)" storage="c:\users\xniw9\.codex\worktrees\closeout-sync-baseline\win7pos\tests\win7pos.core.tests\bin\release\net10.0\win7pos.core.tests.dll" id="1b356fc0-3da6-8070-8041-e48b387155d6">
      <Execution id="f327b1d0-c37d-463f-83c4-2263466e32af" />
      <TestMethod codeBase="C:\Users\xniw9\.codex\worktrees\closeout-sync-baseline\Win7POS\tests\Win7POS.Core.Tests\bin\Release\net10.0\Win7POS.Core.Tests.dll" adapterTypeName="executor://mstestadapter/v4" className="Win7POS.Core.Tests.Data.FractionalStockCloseoutTests" name="SupplierPreviewRejectsUnsupportedQuantityAsRowError" />
    </UnitTest>
    <UnitTest name="ProductDetailsReadDoesNotTruncateExistingFractionalStock" storage="c:\users\xniw9\.codex\worktrees\closeout-sync-baseline\win7pos\tests\win7pos.core.tests\bin\release\net10.0\win7pos.core.tests.dll" id="17bc4dce-f4db-82f3-9209-15a22ef0fcdc">
      <Execution id="5d88224a-c6ab-4052-a88c-4e09b687ba12" />
      <TestMethod codeBase="C:\Users\xniw9\.codex\worktrees\closeout-sync-baseline\Win7POS\tests\Win7POS.Core.Tests\bin\Release\net10.0\Win7POS.Core.Tests.dll" adapterTypeName="executor://mstestadapter/v4" className="Win7POS.Core.Tests.Data.FractionalStockCloseoutTests" name="ProductDetailsReadDoesNotTruncateExistingFractionalStock" />
    </UnitTest>
    <UnitTest name="RemoteReadsPreserveAdditionalFractionDigitsWithoutLocalWriteRounding" storage="c:\users\xniw9\.codex\worktrees\closeout-sync-baseline\win7pos\tests\win7pos.core.tests\bin\release\net10.0\win7pos.core.tests.dll" id="121b556a-ec1d-898c-afaa-9c63d52e16ce">
      <Execution id="42122ad0-4c5a-4236-8ee0-73da2eb0e020" />
      <TestMethod codeBase="C:\Users\xniw9\.codex\worktrees\closeout-sync-baseline\Win7POS\tests\Win7POS.Core.Tests\bin\Release\net10.0\Win7POS.Core.Tests.dll" adapterTypeName="executor://mstestadapter/v4" className="Win7POS.Core.Tests.Data.FractionalStockCloseoutTests" name="RemoteReadsPreserveAdditionalFractionDigitsWithoutLocalWriteRounding" />
    </UnitTest>
    <UnitTest name="SupplierRenamePreservesExplicitOrAbsentThreeFractionQuantity (&quot;1.234&quot;)" storage="c:\users\xniw9\.codex\worktrees\closeout-sync-baseline\win7pos\tests\win7pos.core.tests\bin\release\net10.0\win7pos.core.tests.dll" id="15c73048-e96d-8fd8-b07c-5d0e3acac768">
      <Execution id="6e6c87a8-a000-4778-9d6d-046bbca26271" />
      <TestMethod codeBase="C:\Users\xniw9\.codex\worktrees\closeout-sync-baseline\Win7POS\tests\Win7POS.Core.Tests\bin\Release\net10.0\Win7POS.Core.Tests.dll" adapterTypeName="executor://mstestadapter/v4" className="Win7POS.Core.Tests.Data.FractionalStockCloseoutTests" name="SupplierRenamePreservesExplicitOrAbsentThreeFractionQuantity" />
    </UnitTest>
    <UnitTest name="ApplyAsync_UncapturedShopContext_IsRejectedDeterministically" storage="c:\users\xniw9\.codex\worktrees\closeout-sync-baseline\win7pos\tests\win7pos.core.tests\bin\release\net10.0\win7pos.core.tests.dll" id="18f3840c-ee1d-80c2-8fe2-a7e348790355">
      <Execution id="f8a64d13-2acf-4115-9580-f5f4b03dcc1d" />
      <TestMethod codeBase="C:\Users\xniw9\.codex\worktrees\closeout-sync-baseline\Win7POS\tests\Win7POS.Core.Tests\bin\Release\net10.0\Win7POS.Core.Tests.dll" adapterTypeName="executor://mstestadapter/v4" className="Win7POS.Core.Tests.Data.SupplierExcelImportApplierBatchTests" name="ApplyAsync_UncapturedShopContext_IsRejectedDeterministically" />
    </UnitTest>
    <UnitTest name="ApplyAsync_DeterministicFaultPoint_RollsBackEverythingAndRetrySucceeds (&quot;AfterRevalidation&quot;,0)" storage="c:\users\xniw9\.codex\worktrees\closeout-sync-baseline\win7pos\tests\win7pos.core.tests\bin\release\net10.0\win7pos.core.tests.dll" id="112c2e8c-d794-8551-9b83-43410102fdff">
      <Execution id="513413c4-a4eb-4080-83ff-dd4f17285999" />
      <TestMethod codeBase="C:\Users\xniw9\.codex\worktrees\closeout-sync-baseline\Win7POS\tests\Win7POS.Core.Tests\bin\Release\net10.0\Win7POS.Core.Tests.dll" adapterTypeName="executor://mstestadapter/v4" className="Win7POS.Core.Tests.Data.SupplierExcelImportApplierBatchTests" name="ApplyAsync_DeterministicFaultPoint_RollsBackEverythingAndRetrySucceeds" />
    </UnitTest>
    <UnitTest name="ApplyAsync_TargetFieldChangedAfterStep4_RejectsBeforeWrites (&quot;retail&quot;)" storage="c:\users\xniw9\.codex\worktrees\closeout-sync-baseline\win7pos\tests\win7pos.core.tests\bin\release\net10.0\win7pos.core.tests.dll" id="1ac28375-621f-8c19-b035-68a42a2526a7">
      <Execution id="2da8a4ae-3db2-460c-bfd8-a7a219d195a2" />
      <TestMethod codeBase="C:\Users\xniw9\.codex\worktrees\closeout-sync-baseline\Win7POS\tests\Win7POS.Core.Tests\bin\Release\net10.0\Win7POS.Core.Tests.dll" adapterTypeName="executor://mstestadapter/v4" className="Win7POS.Core.Tests.Data.SupplierExcelImportApplierBatchTests" name="ApplyAsync_TargetFieldChangedAfterStep4_RejectsBeforeWrites" />
    </UnitTest>
    <UnitTest name="SupplierPreviewRejectsUnsupportedQuantityAsRowError (&quot;-1&quot;)" storage="c:\users\xniw9\.codex\worktrees\closeout-sync-baseline\win7pos\tests\win7pos.core.tests\bin\release\net10.0\win7pos.core.tests.dll" id="1d7d68a5-4dc8-8b4d-acb9-8d6014661dba">
      <Execution id="65672c85-4b9c-49f2-a219-92ba17a7d992" />
      <TestMethod codeBase="C:\Users\xniw9\.codex\worktrees\closeout-sync-baseline\Win7POS\tests\Win7POS.Core.Tests\bin\Release\net10.0\Win7POS.Core.Tests.dll" adapterTypeName="executor://mstestadapter/v4" className="Win7POS.Core.Tests.Data.FractionalStockCloseoutTests" name="SupplierPreviewRejectsUnsupportedQuantityAsRowError" />
    </UnitTest>
    <UnitTest name="ApplyAsync_BlankExistingFieldsArePreservedAndNoChangeDoesNotWriteHistoryOrOutbox" storage="c:\users\xniw9\.codex\worktrees\closeout-sync-baseline\win7pos\tests\win7pos.core.tests\bin\release\net10.0\win7pos.core.tests.dll" id="1410dc7c-d1c8-8ea8-9050-6710adb1c79d">
      <Execution id="de7969a7-d901-467b-9274-7a6335fdfb1f" />
      <TestMethod codeBase="C:\Users\xniw9\.codex\worktrees\closeout-sync-baseline\Win7POS\tests\Win7POS.Core.Tests\bin\Release\net10.0\Win7POS.Core.Tests.dll" adapterTypeName="executor://mstestadapter/v4" className="Win7POS.Core.Tests.Data.SupplierExcelImportApplierBatchTests" name="ApplyAsync_BlankExistingFieldsArePreservedAndNoChangeDoesNotWriteHistoryOrOutbox" />
    </UnitTest>
    <UnitTest name="ApplyAsync_CancelledAfterFirstProductWrite_RollsBackAndCanRetry" storage="c:\users\xniw9\.codex\worktrees\closeout-sync-baseline\win7pos\tests\win7pos.core.tests\bin\release\net10.0\win7pos.core.tests.dll" id="1b9e976c-39d3-84d0-a5d2-6ebc63c48977">
      <Execution id="630f68d8-3614-44ff-823b-40c07f0f2147" />
      <TestMethod codeBase="C:\Users\xniw9\.codex\worktrees\closeout-sync-baseline\Win7POS\tests\Win7POS.Core.Tests\bin\Release\net10.0\Win7POS.Core.Tests.dll" adapterTypeName="executor://mstestadapter/v4" className="Win7POS.Core.Tests.Data.SupplierExcelImportApplierBatchTests" name="ApplyAsync_CancelledAfterFirstProductWrite_RollsBackAndCanRetry" />
    </UnitTest>
    <UnitTest name="CatalogMapperAndRepositoryPreserveFractionalStock" storage="c:\users\xniw9\.codex\worktrees\closeout-sync-baseline\win7pos\tests\win7pos.core.tests\bin\release\net10.0\win7pos.core.tests.dll" id="10fa7df2-bd68-8877-bdea-62fce1eb0f32">
      <Execution id="4a908d9d-9574-4177-9821-3467437a9b7a" />
      <TestMethod codeBase="C:\Users\xniw9\.codex\worktrees\closeout-sync-baseline\Win7POS\tests\Win7POS.Core.Tests\bin\Release\net10.0\Win7POS.Core.Tests.dll" adapterTypeName="executor://mstestadapter/v4" className="Win7POS.Core.Tests.Data.FractionalStockCloseoutTests" name="CatalogMapperAndRepositoryPreserveFractionalStock" />
    </UnitTest>
    <UnitTest name="ApplyAsync_DeterministicFaultPoint_RollsBackEverythingAndRetrySucceeds (&quot;AfterProductWrites&quot;,1)" storage="c:\users\xniw9\.codex\worktrees\closeout-sync-baseline\win7pos\tests\win7pos.core.tests\bin\release\net10.0\win7pos.core.tests.dll" id="1c95b184-d8d5-8542-9555-49c7e5db2872">
      <Execution id="c9e94412-9ddc-4637-9757-0cfd363112cc" />
      <TestMethod codeBase="C:\Users\xniw9\.codex\worktrees\closeout-sync-baseline\Win7POS\tests\Win7POS.Core.Tests\bin\Release\net10.0\Win7POS.Core.Tests.dll" adapterTypeName="executor://mstestadapter/v4" className="Win7POS.Core.Tests.Data.SupplierExcelImportApplierBatchTests" name="ApplyAsync_DeterministicFaultPoint_RollsBackEverythingAndRetrySucceeds" />
    </UnitTest>
    <UnitTest name="ApplyAsync_ProductInsertedAfterNewPreview_RejectsBeforeWrites" storage="c:\users\xniw9\.codex\worktrees\closeout-sync-baseline\win7pos\tests\win7pos.core.tests\bin\release\net10.0\win7pos.core.tests.dll" id="1d794507-bc0d-893d-ad6c-44ed66ca39b0">
      <Execution id="fc2a6481-d79e-4552-b570-51c05a9e8593" />
      <TestMethod codeBase="C:\Users\xniw9\.codex\worktrees\closeout-sync-baseline\Win7POS\tests\Win7POS.Core.Tests\bin\Release\net10.0\Win7POS.Core.Tests.dll" adapterTypeName="executor://mstestadapter/v4" className="Win7POS.Core.Tests.Data.SupplierExcelImportApplierBatchTests" name="ApplyAsync_ProductInsertedAfterNewPreview_RejectsBeforeWrites" />
    </UnitTest>
    <UnitTest name="ApplyAsync_DuplicateBarcode_LastWinsWithOriginalSourceRowAndOneOutboxItem" storage="c:\users\xniw9\.codex\worktrees\closeout-sync-baseline\win7pos\tests\win7pos.core.tests\bin\release\net10.0\win7pos.core.tests.dll" id="1a189ac5-e315-89a2-ab8b-fd1fa36f5dfd">
      <Execution id="297ecf91-fad4-462d-8858-4d097023fd2b" />
      <TestMethod codeBase="C:\Users\xniw9\.codex\worktrees\closeout-sync-baseline\Win7POS\tests\Win7POS.Core.Tests\bin\Release\net10.0\Win7POS.Core.Tests.dll" adapterTypeName="executor://mstestadapter/v4" className="Win7POS.Core.Tests.Data.SupplierExcelImportApplierBatchTests" name="ApplyAsync_DuplicateBarcode_LastWinsWithOriginalSourceRowAndOneOutboxItem" />
    </UnitTest>
    <UnitTest name="ApplyAsync_DeterministicFaultPoint_RollsBackEverythingAndRetrySucceeds (&quot;AfterHistoryWrites&quot;,1)" storage="c:\users\xniw9\.codex\worktrees\closeout-sync-baseline\win7pos\tests\win7pos.core.tests\bin\release\net10.0\win7pos.core.tests.dll" id="176f3cf5-6d97-82b2-9f29-fa03d00a955d">
      <Execution id="da9b75ee-ff6c-44df-9845-b72ff50c3701" />
      <TestMethod codeBase="C:\Users\xniw9\.codex\worktrees\closeout-sync-baseline\Win7POS\tests\Win7POS.Core.Tests\bin\Release\net10.0\Win7POS.Core.Tests.dll" adapterTypeName="executor://mstestadapter/v4" className="Win7POS.Core.Tests.Data.SupplierExcelImportApplierBatchTests" name="ApplyAsync_DeterministicFaultPoint_RollsBackEverythingAndRetrySucceeds" />
    </UnitTest>
    <UnitTest name="ApplyAsync_TargetFieldChangedAfterStep4_RejectsBeforeWrites (&quot;category&quot;)" storage="c:\users\xniw9\.codex\worktrees\closeout-sync-baseline\win7pos\tests\win7pos.core.tests\bin\release\net10.0\win7pos.core.tests.dll" id="1a11f827-844a-82b1-83e1-61958bc5626e">
      <Execution id="8c2be112-7568-4042-981d-f41268ea3331" />
      <TestMethod codeBase="C:\Users\xniw9\.codex\worktrees\closeout-sync-baseline\Win7POS\tests\Win7POS.Core.Tests\bin\Release\net10.0\Win7POS.Core.Tests.dll" adapterTypeName="executor://mstestadapter/v4" className="Win7POS.Core.Tests.Data.SupplierExcelImportApplierBatchTests" name="ApplyAsync_TargetFieldChangedAfterStep4_RejectsBeforeWrites" />
    </UnitTest>
    <UnitTest name="UnsupportedLocalScaleIsRejectedBeforeProductOrOutboxWrites" storage="c:\users\xniw9\.codex\worktrees\closeout-sync-baseline\win7pos\tests\win7pos.core.tests\bin\release\net10.0\win7pos.core.tests.dll" id="196e2303-32e2-832c-ab3e-b7bcbaa3a517">
      <Execution id="999d0e47-8a86-4d53-a787-a22bbee21e8c" />
      <TestMethod codeBase="C:\Users\xniw9\.codex\worktrees\closeout-sync-baseline\Win7POS\tests\Win7POS.Core.Tests\bin\Release\net10.0\Win7POS.Core.Tests.dll" adapterTypeName="executor://mstestadapter/v4" className="Win7POS.Core.Tests.Data.FractionalStockCloseoutTests" name="UnsupportedLocalScaleIsRejectedBeforeProductOrOutboxWrites" />
    </UnitTest>
    <UnitTest name="ApplyAsync_TargetChangedAndRestoredToEquivalentState_RemainsValid" storage="c:\users\xniw9\.codex\worktrees\closeout-sync-baseline\win7pos\tests\win7pos.core.tests\bin\release\net10.0\win7pos.core.tests.dll" id="1bedfc28-0c97-86a7-990f-40eb08664138">
      <Execution id="e2ff3129-dc84-41de-81b4-928dab2944c9" />
      <TestMethod codeBase="C:\Users\xniw9\.codex\worktrees\closeout-sync-baseline\Win7POS\tests\Win7POS.Core.Tests\bin\Release\net10.0\Win7POS.Core.Tests.dll" adapterTypeName="executor://mstestadapter/v4" className="Win7POS.Core.Tests.Data.SupplierExcelImportApplierBatchTests" name="ApplyAsync_TargetChangedAndRestoredToEquivalentState_RemainsValid" />
    </UnitTest>
    <UnitTest name="ApplyAsync_DryRunWithConcurrentTargetChange_RejectsAndLeavesNoResidue" storage="c:\users\xniw9\.codex\worktrees\closeout-sync-baseline\win7pos\tests\win7pos.core.tests\bin\release\net10.0\win7pos.core.tests.dll" id="1f8987ac-9269-84b9-bfdd-ac54908ac757">
      <Execution id="5bed722b-e106-4428-9c54-8609fcaeaf5b" />
      <TestMethod codeBase="C:\Users\xniw9\.codex\worktrees\closeout-sync-baseline\Win7POS\tests\Win7POS.Core.Tests\bin\Release\net10.0\Win7POS.Core.Tests.dll" adapterTypeName="executor://mstestadapter/v4" className="Win7POS.Core.Tests.Data.SupplierExcelImportApplierBatchTests" name="ApplyAsync_DryRunWithConcurrentTargetChange_RejectsAndLeavesNoResidue" />
    </UnitTest>
    <UnitTest name="ApplyAsync_DeterministicFaultPoint_RollsBackEverythingAndRetrySucceeds (&quot;AfterBatchPreload&quot;,0)" storage="c:\users\xniw9\.codex\worktrees\closeout-sync-baseline\win7pos\tests\win7pos.core.tests\bin\release\net10.0\win7pos.core.tests.dll" id="11081e06-ee64-8bcf-bd56-5036d601c7ea">
      <Execution id="762f3e68-cd55-4b3c-877b-9e8532596589" />
      <TestMethod codeBase="C:\Users\xniw9\.codex\worktrees\closeout-sync-baseline\Win7POS\tests\Win7POS.Core.Tests\bin\Release\net10.0\Win7POS.Core.Tests.dll" adapterTypeName="executor://mstestadapter/v4" className="Win7POS.Core.Tests.Data.SupplierExcelImportApplierBatchTests" name="ApplyAsync_DeterministicFaultPoint_RollsBackEverythingAndRetrySucceeds" />
    </UnitTest>
  </TestDefinitions>
  <TestEntries>
    <TestEntry testId="1d077c2b-90b1-809f-bd45-da76252065a0" executionId="71260af4-a255-47a1-8d7f-017257d7548e" testListId="8c84fa94-04c1-424b-9868-57a2d4851a1d" />
    <TestEntry testId="1f8987ac-9269-84b9-bfdd-ac54908ac757" executionId="5bed722b-e106-4428-9c54-8609fcaeaf5b" testListId="8c84fa94-04c1-424b-9868-57a2d4851a1d" />
    <TestEntry testId="12e6641c-b039-845c-b92f-cb6885113636" executionId="8dd75074-5f92-4632-b610-bee508232700" testListId="8c84fa94-04c1-424b-9868-57a2d4851a1d" />
    <TestEntry testId="1780b995-08a8-8744-9f82-b6e7ab665f68" executionId="79dbcf59-f918-46d1-816e-0f38af1d867d" testListId="8c84fa94-04c1-424b-9868-57a2d4851a1d" />
    <TestEntry testId="1d794507-bc0d-893d-ad6c-44ed66ca39b0" executionId="fc2a6481-d79e-4552-b570-51c05a9e8593" testListId="8c84fa94-04c1-424b-9868-57a2d4851a1d" />
    <TestEntry testId="1b356fc0-3da6-8070-8041-e48b387155d6" executionId="f327b1d0-c37d-463f-83c4-2263466e32af" testListId="8c84fa94-04c1-424b-9868-57a2d4851a1d" />
    <TestEntry testId="18170e57-7ced-8105-8568-70f02c456dea" executionId="f3da7bac-9b5c-440b-9139-441686ab84c7" testListId="8c84fa94-04c1-424b-9868-57a2d4851a1d" />
    <TestEntry testId="199b6309-6d3e-8456-a247-c40152350ed2" executionId="a558423c-523a-4e14-a13b-4d3725dea606" testListId="8c84fa94-04c1-424b-9868-57a2d4851a1d" />
    <TestEntry testId="12de6706-93f0-846c-a06a-ddfd10bd5d4b" executionId="d83c0c37-12c9-4213-b8af-55f65a240c08" testListId="8c84fa94-04c1-424b-9868-57a2d4851a1d" />
    <TestEntry testId="196e2303-32e2-832c-ab3e-b7bcbaa3a517" executionId="999d0e47-8a86-4d53-a787-a22bbee21e8c" testListId="8c84fa94-04c1-424b-9868-57a2d4851a1d" />
    <TestEntry testId="15cb374b-a868-8f84-962d-b4f0c54bd99b" executionId="23bde8d1-10cf-4203-95e1-abf3c1871796" testListId="8c84fa94-04c1-424b-9868-57a2d4851a1d" />
    <TestEntry testId="19369df1-ba0e-84e8-acd7-76a2c7b50d63" executionId="0ce06da6-d014-4385-b3f1-f428648cd32c" testListId="8c84fa94-04c1-424b-9868-57a2d4851a1d" />
    <TestEntry testId="121b556a-ec1d-898c-afaa-9c63d52e16ce" executionId="42122ad0-4c5a-4236-8ee0-73da2eb0e020" testListId="8c84fa94-04c1-424b-9868-57a2d4851a1d" />
    <TestEntry testId="1850f8c0-efae-8fc8-a5cd-c4a0c77afbe0" executionId="590e8809-92b6-4c84-ba7b-08de730d275b" testListId="8c84fa94-04c1-424b-9868-57a2d4851a1d" />
    <TestEntry testId="10fa7df2-bd68-8877-bdea-62fce1eb0f32" executionId="4a908d9d-9574-4177-9821-3467437a9b7a" testListId="8c84fa94-04c1-424b-9868-57a2d4851a1d" />
    <TestEntry testId="12eebe59-b7eb-87a8-8282-2d13f9e54c54" executionId="b75d0079-3456-4c48-97d7-19c6b654092c" testListId="8c84fa94-04c1-424b-9868-57a2d4851a1d" />
    <TestEntry testId="10e1fb4f-3b52-898b-bc72-7755533d2377" executionId="d53dbaad-cd93-4890-a0b1-6fa0d1148abc" testListId="8c84fa94-04c1-424b-9868-57a2d4851a1d" />
    <TestEntry testId="1a11f827-844a-82b1-83e1-61958bc5626e" executionId="8c2be112-7568-4042-981d-f41268ea3331" testListId="8c84fa94-04c1-424b-9868-57a2d4851a1d" />
    <TestEntry testId="191b6a18-9dc8-8329-80ba-b49568c9c7c6" executionId="9a9d7e5a-086d-4109-9d50-8b78887e1a52" testListId="8c84fa94-04c1-424b-9868-57a2d4851a1d" />
    <TestEntry testId="10e3987b-36fc-80ad-938a-1628c22848ce" executionId="df64c9bc-7918-4754-a64a-2d63637d9ba4" testListId="8c84fa94-04c1-424b-9868-57a2d4851a1d" />
    <TestEntry testId="1834b158-781a-8bcd-8a6d-f4c8038be0fd" executionId="fc2f4c0f-7e77-4a06-9879-459c1da79dd5" testListId="8c84fa94-04c1-424b-9868-57a2d4851a1d" />
    <TestEntry testId="1410dc7c-d1c8-8ea8-9050-6710adb1c79d" executionId="de7969a7-d901-467b-9274-7a6335fdfb1f" testListId="8c84fa94-04c1-424b-9868-57a2d4851a1d" />
    <TestEntry testId="1b9e976c-39d3-84d0-a5d2-6ebc63c48977" executionId="630f68d8-3614-44ff-823b-40c07f0f2147" testListId="8c84fa94-04c1-424b-9868-57a2d4851a1d" />
    <TestEntry testId="1a189ac5-e315-89a2-ab8b-fd1fa36f5dfd" executionId="297ecf91-fad4-462d-8858-4d097023fd2b" testListId="8c84fa94-04c1-424b-9868-57a2d4851a1d" />
    <TestEntry testId="192f0265-2878-80a0-b42b-52aa757d3490" executionId="f77a2417-d8c2-4061-adaf-cbf52822103f" testListId="8c84fa94-04c1-424b-9868-57a2d4851a1d" />
    <TestEntry testId="1e3b2474-05c5-8073-942c-722e442775da" executionId="89a167aa-0482-4c49-a544-f9b8a9885cfb" testListId="8c84fa94-04c1-424b-9868-57a2d4851a1d" />
    <TestEntry testId="1ac28375-621f-8c19-b035-68a42a2526a7" executionId="2da8a4ae-3db2-460c-bfd8-a7a219d195a2" testListId="8c84fa94-04c1-424b-9868-57a2d4851a1d" />
    <TestEntry testId="1afc7c14-f345-8f3f-b79b-54d2c5d8ab8b" executionId="68bb5c2a-5dd9-4cea-91ad-88e56268aa00" testListId="8c84fa94-04c1-424b-9868-57a2d4851a1d" />
    <TestEntry testId="159b4ce3-1bf3-8093-b7b8-2abf4d9beb3c" executionId="bcdb6868-2451-4a05-80a3-7a83d368eb50" testListId="8c84fa94-04c1-424b-9868-57a2d4851a1d" />
    <TestEntry testId="15485402-babc-8148-a00d-3b3a04aa965d" executionId="9de4cb01-7b0e-47f5-884e-ccc4d3ef1fa4" testListId="8c84fa94-04c1-424b-9868-57a2d4851a1d" />
    <TestEntry testId="134dcbbf-bddf-86ab-838b-9661da2f04fe" executionId="f2a0690a-388b-44ff-b1aa-0bb029285884" testListId="8c84fa94-04c1-424b-9868-57a2d4851a1d" />
    <TestEntry testId="18f3840c-ee1d-80c2-8fe2-a7e348790355" executionId="f8a64d13-2acf-4115-9580-f5f4b03dcc1d" testListId="8c84fa94-04c1-424b-9868-57a2d4851a1d" />
    <TestEntry testId="1656b813-0cd6-80fd-b7d5-f146c34dbdd3" executionId="8f19e759-4c76-434b-89fb-a3c90a7f0469" testListId="8c84fa94-04c1-424b-9868-57a2d4851a1d" />
    <TestEntry testId="1c95b184-d8d5-8542-9555-49c7e5db2872" executionId="c9e94412-9ddc-4637-9757-0cfd363112cc" testListId="8c84fa94-04c1-424b-9868-57a2d4851a1d" />
    <TestEntry testId="16cf2707-0500-87b4-8811-8fe6513dfc0e" executionId="a2a526f2-0ee2-47b3-9022-0309749f2335" testListId="8c84fa94-04c1-424b-9868-57a2d4851a1d" />
    <TestEntry testId="15c73048-e96d-8fd8-b07c-5d0e3acac768" executionId="6e6c87a8-a000-4778-9d6d-046bbca26271" testListId="8c84fa94-04c1-424b-9868-57a2d4851a1d" />
    <TestEntry testId="1d7d68a5-4dc8-8b4d-acb9-8d6014661dba" executionId="65672c85-4b9c-49f2-a219-92ba17a7d992" testListId="8c84fa94-04c1-424b-9868-57a2d4851a1d" />
    <TestEntry testId="176f3cf5-6d97-82b2-9f29-fa03d00a955d" executionId="da9b75ee-ff6c-44df-9845-b72ff50c3701" testListId="8c84fa94-04c1-424b-9868-57a2d4851a1d" />
    <TestEntry testId="1a1cf4c7-a62a-8cf5-865d-36691ae11bb9" executionId="fce1a03c-4dbb-44ff-ae05-416b9d6dfead" testListId="8c84fa94-04c1-424b-9868-57a2d4851a1d" />
    <TestEntry testId="11234eca-3b50-83db-87dc-59cd5d994268" executionId="eaa18316-dc30-4d5e-9fee-b9e5d409035e" testListId="8c84fa94-04c1-424b-9868-57a2d4851a1d" />
    <TestEntry testId="11081e06-ee64-8bcf-bd56-5036d601c7ea" executionId="762f3e68-cd55-4b3c-877b-9e8532596589" testListId="8c84fa94-04c1-424b-9868-57a2d4851a1d" />
    <TestEntry testId="1bedfc28-0c97-86a7-990f-40eb08664138" executionId="e2ff3129-dc84-41de-81b4-928dab2944c9" testListId="8c84fa94-04c1-424b-9868-57a2d4851a1d" />
    <TestEntry testId="17bc4dce-f4db-82f3-9209-15a22ef0fcdc" executionId="5d88224a-c6ab-4052-a88c-4e09b687ba12" testListId="8c84fa94-04c1-424b-9868-57a2d4851a1d" />
    <TestEntry testId="112c2e8c-d794-8551-9b83-43410102fdff" executionId="513413c4-a4eb-4080-83ff-dd4f17285999" testListId="8c84fa94-04c1-424b-9868-57a2d4851a1d" />
    <TestEntry testId="1cea221a-2f52-8d77-a930-fb9e7ef575c7" executionId="2feee8e1-a28e-41bb-aaac-b3e464172875" testListId="8c84fa94-04c1-424b-9868-57a2d4851a1d" />
    <TestEntry testId="19cfed95-64ea-8e47-b985-84112045ba8e" executionId="9751964c-e9e2-4edb-afd1-db6ddae5db8e" testListId="8c84fa94-04c1-424b-9868-57a2d4851a1d" />
    <TestEntry testId="1a2797d8-77b4-8ac5-abda-fb20aac2598f" executionId="98ae0a75-873e-459e-a9c1-7e8a1bb0366f" testListId="8c84fa94-04c1-424b-9868-57a2d4851a1d" />
  </TestEntries>
  <TestLists>
    <TestList name="Results Not in a List" id="8c84fa94-04c1-424b-9868-57a2d4851a1d" />
    <TestList name="All Loaded Results" id="19431567-8539-422a-85d7-44ee4e166bda" />
  </TestLists>
  <ResultSummary outcome="Completed">
    <Counters total="47" executed="47" passed="47" failed="0" error="0" timeout="0" aborted="0" inconclusive="0" passedButRunAborted="0" notRunnable="0" notExecuted="0" disconnected="0" warning="0" completed="0" inProgress="0" pending="0" />
  </ResultSummary>
</TestRun>