<?xml version="1.0" encoding="utf-8"?>
<TestRun id="200cc24f-8271-4e66-b8b4-14e894e94d3f" name="xniw9@MIN-ASUS 2026-10-03 13:55:48" runUser="MIN-ASUS\xniw9" xmlns="http://microsoft.com/schemas/VisualStudio/TeamTest/2010">
  <Times creation="2026-10-03T13:55:48.2048808-03:00" queuing="2026-10-03T13:55:48.2048814-03:00" start="2026-10-03T13:55:47.5834761-03:00" finish="2026-10-03T13:55:59.5359563-03:00" />
  <TestSettings name="default" id="cbbe5c09-f5b6-42a2-87a7-846398ffba07">
    <Deployment runDeploymentRoot="xniw9_MIN-ASUS_2026-10-03_13_55_48" />
  </TestSettings>
  <Results>
    <UnitTestResult executionId="3033977d-5c1b-41bf-b409-5a74cfedfe0e" testId="159b4ce3-1bf3-8093-b7b8-2abf4d9beb3c" testName="ApplyAsync_TargetFieldChangedAfterStep4_RejectsBeforeWrites (&quot;supplier&quot;)" computerName="MIN-ASUS" duration="00:00:00.3026759" startTime="2026-10-03T13:55:52.1279541-03:00" endTime="2026-10-03T13:55:52.4307071-03:00" testType="13cdc9d9-ddb5-4fa4-a97d-d965ccfc6d4b" outcome="Passed" testListId="8c84fa94-04c1-424b-9868-57a2d4851a1d" relativeResultsDirectory="3033977d-5c1b-41bf-b409-5a74cfedfe0e" />
    <UnitTestResult executionId="9d2a3e56-9d17-4b94-8005-d3740804c6cf" testId="1850f8c0-efae-8fc8-a5cd-c4a0c77afbe0" testName="ReopenPreservesFractionalLocalStockDeltaAndDurableOutbox" computerName="MIN-ASUS" duration="00:00:00.3180314" startTime="2026-10-03T13:55:49.6103390-03:00" endTime="2026-10-03T13:55:49.9284024-03:00" testType="13cdc9d9-ddb5-4fa4-a97d-d965ccfc6d4b" outcome="Passed" testListId="8c84fa94-04c1-424b-9868-57a2d4851a1d" relativeResultsDirectory="9d2a3e56-9d17-4b94-8005-d3740804c6cf" />
    <UnitTestResult executionId="f12e68e5-e723-45f7-ad5b-49e982ade986" testId="1656b813-0cd6-80fd-b7d5-f146c34dbdd3" testName="ApplyAsync_CancelledBetweenPreloadBatches_RollsBackAndCanRetry" computerName="MIN-ASUS" duration="00:00:00.2705417" startTime="2026-10-03T13:55:58.9156197-03:00" endTime="2026-10-03T13:55:59.1862175-03:00" testType="13cdc9d9-ddb5-4fa4-a97d-d965ccfc6d4b" outcome="Passed" testListId="8c84fa94-04c1-424b-9868-57a2d4851a1d" relativeResultsDirectory="f12e68e5-e723-45f7-ad5b-49e982ade986" />
    <UnitTestResult executionId="a7452b21-3e4b-4c40-9fb3-83e61d59440c" testId="1c2bbb8c-79b0-8728-93b5-480fd5efda7d" testName="BuildRawTable_CancelledToken_DoesNotReturnPartialTable" computerName="MIN-ASUS" duration="00:00:00.0015445" startTime="2026-10-03T13:55:48.1162033-03:00" endTime="2026-10-03T13:55:48.1177730-03:00" testType="13cdc9d9-ddb5-4fa4-a97d-d965ccfc6d4b" outcome="Passed" testListId="8c84fa94-04c1-424b-9868-57a2d4851a1d" relativeResultsDirectory="a7452b21-3e4b-4c40-9fb3-83e61d59440c" />
    <UnitTestResult executionId="020afac0-44b5-48ed-882d-caba1422b458" testId="1a11f827-844a-82b1-83e1-61958bc5626e" testName="ApplyAsync_TargetFieldChangedAfterStep4_RejectsBeforeWrites (&quot;category&quot;)" computerName="MIN-ASUS" duration="00:00:00.2751183" startTime="2026-10-03T13:55:52.4307411-03:00" endTime="2026-10-03T13:55:52.7059378-03:00" testType="13cdc9d9-ddb5-4fa4-a97d-d965ccfc6d4b" outcome="Passed" testListId="8c84fa94-04c1-424b-9868-57a2d4851a1d" relativeResultsDirectory="020afac0-44b5-48ed-882d-caba1422b458" />
    <UnitTestResult executionId="1bfb44b3-3da6-462a-a338-b0f48885408b" testId="12de6706-93f0-846c-a06a-ddfd10bd5d4b" testName="ApplyAsync_OutboxInsertFailure_RollsBackProductsMetaHistoryAndOutbox" computerName="MIN-ASUS" duration="00:00:00.2687618" startTime="2026-10-03T13:55:58.1182068-03:00" endTime="2026-10-03T13:55:58.3870443-03:00" testType="13cdc9d9-ddb5-4fa4-a97d-d965ccfc6d4b" outcome="Passed" testListId="8c84fa94-04c1-424b-9868-57a2d4851a1d" relativeResultsDirectory="1bfb44b3-3da6-462a-a338-b0f48885408b" />
    <UnitTestResult executionId="bd1ca5d4-7ab6-46bf-bb2f-2edde4392c6f" testId="176f3cf5-6d97-82b2-9f29-fa03d00a955d" testName="ApplyAsync_DeterministicFaultPoint_RollsBackEverythingAndRetrySucceeds (&quot;AfterHistoryWrites&quot;,1)" computerName="MIN-ASUS" duration="00:00:00.2511704" startTime="2026-10-03T13:55:57.3614331-03:00" endTime="2026-10-03T13:55:57.6126815-03:00" testType="13cdc9d9-ddb5-4fa4-a97d-d965ccfc6d4b" outcome="Passed" testListId="8c84fa94-04c1-424b-9868-57a2d4851a1d" relativeResultsDirectory="bd1ca5d4-7ab6-46bf-bb2f-2edde4392c6f" />
    <UnitTestResult executionId="23fafd8d-2a84-4609-a446-b644cbe4be75" testId="1780b995-08a8-8744-9f82-b6e7ab665f68" testName="ApplyAsync_TargetFieldChangedAfterStep4_RejectsBeforeWrites (&quot;quantity&quot;)" computerName="MIN-ASUS" duration="00:00:00.3160300" startTime="2026-10-03T13:55:51.8117793-03:00" endTime="2026-10-03T13:55:52.1279089-03:00" testType="13cdc9d9-ddb5-4fa4-a97d-d965ccfc6d4b" outcome="Passed" testListId="8c84fa94-04c1-424b-9868-57a2d4851a1d" relativeResultsDirectory="23fafd8d-2a84-4609-a446-b644cbe4be75" />
    <UnitTestResult executionId="6493ea6b-5e45-4155-923c-05cfcba35d13" testId="1a189ac5-e315-89a2-ab8b-fd1fa36f5dfd" testName="ApplyAsync_DuplicateBarcode_LastWinsWithOriginalSourceRowAndOneOutboxItem" computerName="MIN-ASUS" duration="00:00:00.2490507" startTime="2026-10-03T13:55:54.7741785-03:00" endTime="2026-10-03T13:55:55.0233035-03:00" testType="13cdc9d9-ddb5-4fa4-a97d-d965ccfc6d4b" outcome="Passed" testListId="8c84fa94-04c1-424b-9868-57a2d4851a1d" relativeResultsDirectory="6493ea6b-5e45-4155-923c-05cfcba35d13" />
    <UnitTestResult executionId="7e474003-6dab-4307-8f04-687ebe8d6066" testId="11234eca-3b50-83db-87dc-59cd5d994268" testName="SupplierRenamePreservesExplicitOrAbsentThreeFractionQuantity (&quot;&quot;)" computerName="MIN-ASUS" duration="00:00:00.3068354" startTime="2026-10-03T13:55:49.3020809-03:00" endTime="2026-10-03T13:55:49.6089989-03:00" testType="13cdc9d9-ddb5-4fa4-a97d-d965ccfc6d4b" outcome="Passed" testListId="8c84fa94-04c1-424b-9868-57a2d4851a1d" relativeResultsDirectory="7e474003-6dab-4307-8f04-687ebe8d6066" />
    <UnitTestResult executionId="4abf054a-6449-4d0c-a799-0a2fccab11b6" testId="10e1fb4f-3b52-898b-bc72-7755533d2377" testName="ApplyAsync_UnrelatedCatalogChange_DoesNotInvalidateTargetScopedPreview" computerName="MIN-ASUS" duration="00:00:00.2678910" startTime="2026-10-03T13:55:54.2429479-03:00" endTime="2026-10-03T13:55:54.5108976-03:00" testType="13cdc9d9-ddb5-4fa4-a97d-d965ccfc6d4b" outcome="Passed" testListId="8c84fa94-04c1-424b-9868-57a2d4851a1d" relativeResultsDirectory="4abf054a-6449-4d0c-a799-0a2fccab11b6" />
    <UnitTestResult executionId="fd4a15b2-f9bd-42ae-9e95-2c9d0ea97bf3" testId="12e6641c-b039-845c-b92f-cb6885113636" testName="ApplyAsync_DeterministicFaultPoint_RollsBackEverythingAndRetrySucceeds (&quot;AfterOutboxEnqueueBeforeCommit&quot;,0)" computerName="MIN-ASUS" duration="00:00:00.2513235" startTime="2026-10-03T13:55:57.8667572-03:00" endTime="2026-10-03T13:55:58.1181636-03:00" testType="13cdc9d9-ddb5-4fa4-a97d-d965ccfc6d4b" outcome="Passed" testListId="8c84fa94-04c1-424b-9868-57a2d4851a1d" relativeResultsDirectory="fd4a15b2-f9bd-42ae-9e95-2c9d0ea97bf3" />
    <UnitTestResult executionId="3eaf55bf-058f-4b3e-be07-290d432ad52c" testId="15cb374b-a868-8f84-962d-b4f0c54bd99b" testName="ApplyAsync_ShopChangedAfterStep4_RejectsAllNewPreviewBeforeWrites" computerName="MIN-ASUS" duration="00:00:00.2498754" startTime="2026-10-03T13:55:52.9730068-03:00" endTime="2026-10-03T13:55:53.2229382-03:00" testType="13cdc9d9-ddb5-4fa4-a97d-d965ccfc6d4b" outcome="Passed" testListId="8c84fa94-04c1-424b-9868-57a2d4851a1d" relativeResultsDirectory="3eaf55bf-058f-4b3e-be07-290d432ad52c" />
    <UnitTestResult executionId="a5e55222-38ca-44eb-998a-e6718914acbf" testId="14e7123c-74a6-83f8-a9e3-48d9c8a829e1" testName="BuildSyncPreview_NewProductMissingRetailPrice_BlocksApply" computerName="MIN-ASUS" duration="00:00:00.0037363" startTime="2026-10-03T13:55:48.1124116-03:00" endTime="2026-10-03T13:55:48.1161846-03:00" testType="13cdc9d9-ddb5-4fa4-a97d-d965ccfc6d4b" outcome="Passed" testListId="8c84fa94-04c1-424b-9868-57a2d4851a1d" relativeResultsDirectory="a5e55222-38ca-44eb-998a-e6718914acbf" />
    <UnitTestResult executionId="2544d390-175b-4c3f-b93b-e3f2a5e642f2" testId="1c95b184-d8d5-8542-9555-49c7e5db2872" testName="ApplyAsync_DeterministicFaultPoint_RollsBackEverythingAndRetrySucceeds (&quot;AfterProductWrites&quot;,1)" computerName="MIN-ASUS" duration="00:00:00.2592100" startTime="2026-10-03T13:55:57.1021248-03:00" endTime="2026-10-03T13:55:57.3614026-03:00" testType="13cdc9d9-ddb5-4fa4-a97d-d965ccfc6d4b" outcome="Passed" testListId="8c84fa94-04c1-424b-9868-57a2d4851a1d" relativeResultsDirectory="2544d390-175b-4c3f-b93b-e3f2a5e642f2" />
    <UnitTestResult executionId="871f6794-ac71-4694-837a-cca566ff776d" testId="1f4b1198-4c10-896f-9c60-d28305446aa5" testName="AmbiguousCandidates_RemainAvailableForManualMapping" computerName="MIN-ASUS" duration="00:00:00.0024022" startTime="2026-10-03T13:55:48.1690349-03:00" endTime="2026-10-03T13:55:48.1714560-03:00" testType="13cdc9d9-ddb5-4fa4-a97d-d965ccfc6d4b" outcome="Passed" testListId="8c84fa94-04c1-424b-9868-57a2d4851a1d" relativeResultsDirectory="871f6794-ac71-4694-837a-cca566ff776d" />
    <UnitTestResult executionId="1f088a18-7edc-4b76-85c7-269d66d3339e" testId="10e3987b-36fc-80ad-938a-1628c22848ce" testName="ApplyAsync_PriceHistoryInsertFailure_RollsBackProductsMetaReferencesAndOutbox" computerName="MIN-ASUS" duration="00:00:00.2712034" startTime="2026-10-03T13:55:58.3870926-03:00" endTime="2026-10-03T13:55:58.6583626-03:00" testType="13cdc9d9-ddb5-4fa4-a97d-d965ccfc6d4b" outcome="Passed" testListId="8c84fa94-04c1-424b-9868-57a2d4851a1d" relativeResultsDirectory="1f088a18-7edc-4b76-85c7-269d66d3339e" />
    <UnitTestResult executionId="807192e7-6b2c-42c1-bfc8-69bebfc72cdd" testId="1cea221a-2f52-8d77-a930-fb9e7ef575c7" testName="SupplierImportBoundMatchesBackendWithoutReducingLocalStockDomain" computerName="MIN-ASUS" duration="00:00:00.0006916" startTime="2026-10-03T13:55:50.8203488-03:00" endTime="2026-10-03T13:55:50.8210890-03:00" testType="13cdc9d9-ddb5-4fa4-a97d-d965ccfc6d4b" outcome="Passed" testListId="8c84fa94-04c1-424b-9868-57a2d4851a1d" relativeResultsDirectory="807192e7-6b2c-42c1-bfc8-69bebfc72cdd" />
    <UnitTestResult executionId="315be318-2131-4921-ae8e-21e6ba71103e" testId="1a6ea724-ef9c-8af9-b356-396d4c7301fe" testName="TwoRowHeaders_MergeAtMostTwoNonDataRowsAndPreserveSourceRows" computerName="MIN-ASUS" duration="00:00:00.0027678" startTime="2026-10-03T13:55:48.1662235-03:00" endTime="2026-10-03T13:55:48.1690231-03:00" testType="13cdc9d9-ddb5-4fa4-a97d-d965ccfc6d4b" outcome="Passed" testListId="8c84fa94-04c1-424b-9868-57a2d4851a1d" relativeResultsDirectory="315be318-2131-4921-ae8e-21e6ba71103e" />
    <UnitTestResult executionId="d4118b10-a31d-4268-91e6-f2b8b54fe129" testId="1b356fc0-3da6-8070-8041-e48b387155d6" testName="SupplierPreviewRejectsUnsupportedQuantityAsRowError (&quot;NaN&quot;)" computerName="MIN-ASUS" duration="00:00:00.0000261" startTime="2026-10-03T13:55:49.6102343-03:00" endTime="2026-10-03T13:55:49.6102815-03:00" testType="13cdc9d9-ddb5-4fa4-a97d-d965ccfc6d4b" outcome="Passed" testListId="8c84fa94-04c1-424b-9868-57a2d4851a1d" relativeResultsDirectory="d4118b10-a31d-4268-91e6-f2b8b54fe129" />
    <UnitTestResult executionId="f0731077-ba1a-4876-a5a1-2af54d9c1d31" testId="15485402-babc-8148-a00d-3b3a04aa965d" testName="ApplyAsync_DeterministicFaultPoint_RollsBackEverythingAndRetrySucceeds (&quot;AfterReferenceResolution&quot;,0)" computerName="MIN-ASUS" duration="00:00:00.2580567" startTime="2026-10-03T13:55:56.8439712-03:00" endTime="2026-10-03T13:55:57.1020938-03:00" testType="13cdc9d9-ddb5-4fa4-a97d-d965ccfc6d4b" outcome="Passed" testListId="8c84fa94-04c1-424b-9868-57a2d4851a1d" relativeResultsDirectory="f0731077-ba1a-4876-a5a1-2af54d9c1d31" />
    <UnitTestResult executionId="aa1397e0-1c01-4d61-bacb-1103a475a302" testId="12eebe59-b7eb-87a8-8282-2d13f9e54c54" testName="SupplierPreviewRejectsUnsupportedQuantityAsRowError (&quot;2147483648&quot;)" computerName="MIN-ASUS" duration="00:00:00.0003154" startTime="2026-10-03T13:55:49.6090369-03:00" endTime="2026-10-03T13:55:49.6094168-03:00" testType="13cdc9d9-ddb5-4fa4-a97d-d965ccfc6d4b" outcome="Passed" testListId="8c84fa94-04c1-424b-9868-57a2d4851a1d" relativeResultsDirectory="aa1397e0-1c01-4d61-bacb-1103a475a302" />
    <UnitTestResult executionId="c3b19e04-ab77-4282-8286-13dc28191dfa" testId="1c2ef036-14b2-8d35-baa1-e9ba529e62c6" testName="GoldenCorpus_CurrentAndroidNormalizedOutputsRemainStable" computerName="MIN-ASUS" duration="00:00:00.0412187" startTime="2026-10-03T13:55:48.1193357-03:00" endTime="2026-10-03T13:55:48.1606372-03:00" testType="13cdc9d9-ddb5-4fa4-a97d-d965ccfc6d4b" outcome="Passed" testListId="8c84fa94-04c1-424b-9868-57a2d4851a1d" relativeResultsDirectory="c3b19e04-ab77-4282-8286-13dc28191dfa" />
    <UnitTestResult executionId="9c78c0da-0bb8-4c90-bb35-57407d537941" testId="121b556a-ec1d-898c-afaa-9c63d52e16ce" testName="RemoteReadsPreserveAdditionalFractionDigitsWithoutLocalWriteRounding" computerName="MIN-ASUS" duration="00:00:00.2987430" startTime="2026-10-03T13:55:50.5215005-03:00" endTime="2026-10-03T13:55:50.8203093-03:00" testType="13cdc9d9-ddb5-4fa4-a97d-d965ccfc6d4b" outcome="Passed" testListId="8c84fa94-04c1-424b-9868-57a2d4851a1d" relativeResultsDirectory="9c78c0da-0bb8-4c90-bb35-57407d537941" />
    <UnitTestResult executionId="c39a2ded-6e98-4783-a056-e297646151e1" testId="1bedfc28-0c97-86a7-990f-40eb08664138" testName="ApplyAsync_TargetChangedAndRestoredToEquivalentState_RemainsValid" computerName="MIN-ASUS" duration="00:00:00.2631208" startTime="2026-10-03T13:55:54.5109348-03:00" endTime="2026-10-03T13:55:54.7741290-03:00" testType="13cdc9d9-ddb5-4fa4-a97d-d965ccfc6d4b" outcome="Passed" testListId="8c84fa94-04c1-424b-9868-57a2d4851a1d" relativeResultsDirectory="c39a2ded-6e98-4783-a056-e297646151e1" />
    <UnitTestResult executionId="22b198d5-fbb7-4f12-bb69-33da8c945862" testId="199b6309-6d3e-8456-a247-c40152350ed2" testName="ApplyAsync_CancelledBeforeTransaction_WritesNothingAndCanRetry" computerName="MIN-ASUS" duration="00:00:00.2571464" startTime="2026-10-03T13:55:58.6583882-03:00" endTime="2026-10-03T13:55:58.9155942-03:00" testType="13cdc9d9-ddb5-4fa4-a97d-d965ccfc6d4b" outcome="Passed" testListId="8c84fa94-04c1-424b-9868-57a2d4851a1d" relativeResultsDirectory="22b198d5-fbb7-4f12-bb69-33da8c945862" />
    <UnitTestResult executionId="ceefae71-c548-444f-ad4c-724faf306698" testId="19cfed95-64ea-8e47-b985-84112045ba8e" testName="ApplyAsync_ProductDeletedAfterStep4_RejectsBeforeWrites (True)" computerName="MIN-ASUS" duration="00:00:00.2575414" startTime="2026-10-03T13:55:53.9852957-03:00" endTime="2026-10-03T13:55:54.2429117-03:00" testType="13cdc9d9-ddb5-4fa4-a97d-d965ccfc6d4b" outcome="Passed" testListId="8c84fa94-04c1-424b-9868-57a2d4851a1d" relativeResultsDirectory="ceefae71-c548-444f-ad4c-724faf306698" />
    <UnitTestResult executionId="1d7795bc-7cec-4449-9153-7ff245900c98" testId="1d7d68a5-4dc8-8b4d-acb9-8d6014661dba" testName="SupplierPreviewRejectsUnsupportedQuantityAsRowError (&quot;-1&quot;)" computerName="MIN-ASUS" duration="00:00:00.0000092" startTime="2026-10-03T13:55:49.6103191-03:00" endTime="2026-10-03T13:55:49.6103360-03:00" testType="13cdc9d9-ddb5-4fa4-a97d-d965ccfc6d4b" outcome="Passed" testListId="8c84fa94-04c1-424b-9868-57a2d4851a1d" relativeResultsDirectory="1d7795bc-7cec-4449-9153-7ff245900c98" />
    <UnitTestResult executionId="9cfd325c-9fb7-46af-8d20-69ddac3a662b" testId="192f0265-2878-80a0-b42b-52aa757d3490" testName="SupplierPreviewRejectsUnsupportedQuantityAsRowError (&quot;Infinity&quot;)" computerName="MIN-ASUS" duration="00:00:00.0000130" startTime="2026-10-03T13:55:49.6102890-03:00" endTime="2026-10-03T13:55:49.6103134-03:00" testType="13cdc9d9-ddb5-4fa4-a97d-d965ccfc6d4b" outcome="Passed" testListId="8c84fa94-04c1-424b-9868-57a2d4851a1d" relativeResultsDirectory="9cfd325c-9fb7-46af-8d20-69ddac3a662b" />
    <UnitTestResult executionId="74834a9e-5d4f-4299-a8d5-acbfc1ea5f68" testId="1410dc7c-d1c8-8ea8-9050-6710adb1c79d" testName="ApplyAsync_BlankExistingFieldsArePreservedAndNoChangeDoesNotWriteHistoryOrOutbox" computerName="MIN-ASUS" duration="00:00:00.2511982" startTime="2026-10-03T13:55:55.0233414-03:00" endTime="2026-10-03T13:55:55.2746135-03:00" testType="13cdc9d9-ddb5-4fa4-a97d-d965ccfc6d4b" outcome="Passed" testListId="8c84fa94-04c1-424b-9868-57a2d4851a1d" relativeResultsDirectory="74834a9e-5d4f-4299-a8d5-acbfc1ea5f68" />
    <UnitTestResult executionId="830c7d9e-dcba-4531-bf22-d027af519136" testId="112c2e8c-d794-8551-9b83-43410102fdff" testName="ApplyAsync_DeterministicFaultPoint_RollsBackEverythingAndRetrySucceeds (&quot;AfterRevalidation&quot;,0)" computerName="MIN-ASUS" duration="00:00:00.2473818" startTime="2026-10-03T13:55:56.5964907-03:00" endTime="2026-10-03T13:55:56.8439412-03:00" testType="13cdc9d9-ddb5-4fa4-a97d-d965ccfc6d4b" outcome="Passed" testListId="8c84fa94-04c1-424b-9868-57a2d4851a1d" relativeResultsDirectory="830c7d9e-dcba-4531-bf22-d027af519136" />
    <UnitTestResult executionId="1b1063f2-67d7-4fb5-81ae-0b7d930128c4" testId="1b9e976c-39d3-84d0-a5d2-6ebc63c48977" testName="ApplyAsync_CancelledAfterFirstProductWrite_RollsBackAndCanRetry" computerName="MIN-ASUS" duration="00:00:00.2810703" startTime="2026-10-03T13:55:59.1862419-03:00" endTime="2026-10-03T13:55:59.4693312-03:00" testType="13cdc9d9-ddb5-4fa4-a97d-d965ccfc6d4b" outcome="Passed" testListId="8c84fa94-04c1-424b-9868-57a2d4851a1d" relativeResultsDirectory="1b1063f2-67d7-4fb5-81ae-0b7d930128c4" />
    <UnitTestResult executionId="286956d4-3896-4836-a984-8b8eae6c810a" testId="1f6d96ba-b34c-89a5-be30-c9aef7e88a13" testName="Analyze_DuplicateBarcode_KeepsLastOccurrence" computerName="MIN-ASUS" duration="00:00:00.0027703" startTime="2026-10-03T13:55:48.1090519-03:00" endTime="2026-10-03T13:55:48.1121071-03:00" testType="13cdc9d9-ddb5-4fa4-a97d-d965ccfc6d4b" outcome="Passed" testListId="8c84fa94-04c1-424b-9868-57a2d4851a1d" relativeResultsDirectory="286956d4-3896-4836-a984-8b8eae6c810a" />
    <UnitTestResult executionId="92aa8250-2cef-48f3-858f-c8dedcc88416" testId="19369df1-ba0e-84e8-acd7-76a2c7b50d63" testName="ApplyAsync_TargetFieldChangedAfterStep4_RejectsBeforeWrites (&quot;purchase&quot;)" computerName="MIN-ASUS" duration="00:00:00.3146776" startTime="2026-10-03T13:55:51.1802387-03:00" endTime="2026-10-03T13:55:51.4949936-03:00" testType="13cdc9d9-ddb5-4fa4-a97d-d965ccfc6d4b" outcome="Passed" testListId="8c84fa94-04c1-424b-9868-57a2d4851a1d" relativeResultsDirectory="92aa8250-2cef-48f3-858f-c8dedcc88416" />
    <UnitTestResult executionId="a91d2ff2-7ca2-4367-95cb-99864ca21533" testId="157ec2ec-5a79-8722-8cca-64601645213c" testName="Analyze_CancelledToken_DoesNotReturnPartialAnalysis" computerName="MIN-ASUS" duration="00:00:00.0008110" startTime="2026-10-03T13:55:48.1177911-03:00" endTime="2026-10-03T13:55:48.1193197-03:00" testType="13cdc9d9-ddb5-4fa4-a97d-d965ccfc6d4b" outcome="Passed" testListId="8c84fa94-04c1-424b-9868-57a2d4851a1d" relativeResultsDirectory="a91d2ff2-7ca2-4367-95cb-99864ca21533" />
    <UnitTestResult executionId="c6e7a824-2681-46a0-b2f1-f0da3fcc42da" testId="14091633-3f4a-8295-b0e3-df3795c49f50" testName="ReceivingOnlyFields_AreClassifiedWithoutChangingCatalogFieldRules" computerName="MIN-ASUS" duration="00:00:00.0049491" startTime="2026-10-03T13:55:48.1788947-03:00" endTime="2026-10-03T13:55:48.1838847-03:00" testType="13cdc9d9-ddb5-4fa4-a97d-d965ccfc6d4b" outcome="Passed" testListId="8c84fa94-04c1-424b-9868-57a2d4851a1d" relativeResultsDirectory="c6e7a824-2681-46a0-b2f1-f0da3fcc42da" />
    <UnitTestResult executionId="325e6424-adec-4409-b326-9f2aa52ecc89" testId="18d081aa-9561-8d56-9d76-6e8047369c8b" testName="CompoundHeaders_UseExactFragmentsWithoutUnsafeSubstringMatching" computerName="MIN-ASUS" duration="00:00:00.0054743" startTime="2026-10-03T13:55:48.1606756-03:00" endTime="2026-10-03T13:55:48.1661928-03:00" testType="13cdc9d9-ddb5-4fa4-a97d-d965ccfc6d4b" outcome="Passed" testListId="8c84fa94-04c1-424b-9868-57a2d4851a1d" relativeResultsDirectory="325e6424-adec-4409-b326-9f2aa52ecc89" />
    <UnitTestResult executionId="e334b67f-49ec-4e0f-9a4b-99da1a9035a8" testId="1e3b2474-05c5-8073-942c-722e442775da" testName="SQLiteStockRoundtripPreservesThreeFractionsNearLocalMaximum" computerName="MIN-ASUS" duration="00:00:00.2996777" startTime="2026-10-03T13:55:49.9284527-03:00" endTime="2026-10-03T13:55:50.2282040-03:00" testType="13cdc9d9-ddb5-4fa4-a97d-d965ccfc6d4b" outcome="Passed" testListId="8c84fa94-04c1-424b-9868-57a2d4851a1d" relativeResultsDirectory="e334b67f-49ec-4e0f-9a4b-99da1a9035a8" />
    <UnitTestResult executionId="1066f2a9-ebb2-4eb4-bca3-d51b0336780e" testId="1a1cf4c7-a62a-8cf5-865d-36691ae11bb9" testName="ApplyAsync_ReplayingSuccessfulNewPreview_IsSafelyRejectedWithoutDuplicateHistoryOrOutbox" computerName="MIN-ASUS" duration="00:00:00.2456443" startTime="2026-10-03T13:55:55.5311142-03:00" endTime="2026-10-03T13:55:55.7768095-03:00" testType="13cdc9d9-ddb5-4fa4-a97d-d965ccfc6d4b" outcome="Passed" testListId="8c84fa94-04c1-424b-9868-57a2d4851a1d" relativeResultsDirectory="1066f2a9-ebb2-4eb4-bca3-d51b0336780e" />
    <UnitTestResult executionId="89a0df76-bff4-485b-8fad-1c2ffc8aad6f" testId="1e17995d-5291-8cf4-8030-cee8651eb801" testName="Analyze_SecondProductNameOnlyNewProduct_UsesSecondNameAsIdentity" computerName="MIN-ASUS" duration="00:00:00.0449619" startTime="2026-10-03T13:55:48.0502828-03:00" endTime="2026-10-03T13:55:48.1063879-03:00" testType="13cdc9d9-ddb5-4fa4-a97d-d965ccfc6d4b" outcome="Passed" testListId="8c84fa94-04c1-424b-9868-57a2d4851a1d" relativeResultsDirectory="89a0df76-bff4-485b-8fad-1c2ffc8aad6f" />
    <UnitTestResult executionId="fd6fad65-c34d-45ee-b257-6b118a845782" testId="15c73048-e96d-8fd8-b07c-5d0e3acac768" testName="SupplierRenamePreservesExplicitOrAbsentThreeFractionQuantity (&quot;1.234&quot;)" computerName="MIN-ASUS" duration="00:00:00.3533136" startTime="2026-10-03T13:55:48.9475489-03:00" endTime="2026-10-03T13:55:49.3020377-03:00" testType="13cdc9d9-ddb5-4fa4-a97d-d965ccfc6d4b" outcome="Passed" testListId="8c84fa94-04c1-424b-9868-57a2d4851a1d" relativeResultsDirectory="fd6fad65-c34d-45ee-b257-6b118a845782" />
    <UnitTestResult executionId="ff99ff38-1b33-4d49-beea-e2f6d01bca7c" testId="16cf2707-0500-87b4-8811-8fe6513dfc0e" testName="SupplierPreviewRejectsUnsupportedQuantityAsRowError (&quot;999999999.001&quot;)" computerName="MIN-ASUS" duration="00:00:00.0001259" startTime="2026-10-03T13:55:49.6094315-03:00" endTime="2026-10-03T13:55:49.6095866-03:00" testType="13cdc9d9-ddb5-4fa4-a97d-d965ccfc6d4b" outcome="Passed" testListId="8c84fa94-04c1-424b-9868-57a2d4851a1d" relativeResultsDirectory="ff99ff38-1b33-4d49-beea-e2f6d01bca7c" />
    <UnitTestResult executionId="e804ba36-f062-4942-b003-87a091eede1b" testId="134dcbbf-bddf-86ab-838b-9661da2f04fe" testName="ApplyAsync_BatchSnapshotUsesBoundedObservedSelectCount" computerName="MIN-ASUS" duration="00:00:00.2823310" startTime="2026-10-03T13:55:56.0325458-03:00" endTime="2026-10-03T13:55:56.3149284-03:00" testType="13cdc9d9-ddb5-4fa4-a97d-d965ccfc6d4b" outcome="Passed" testListId="8c84fa94-04c1-424b-9868-57a2d4851a1d" relativeResultsDirectory="e804ba36-f062-4942-b003-87a091eede1b" />
    <UnitTestResult executionId="2643d790-20d2-4b9a-b4c9-0696b2a5d500" testId="196e2303-32e2-832c-ab3e-b7bcbaa3a517" testName="UnsupportedLocalScaleIsRejectedBeforeProductOrOutboxWrites" computerName="MIN-ASUS" duration="00:00:00.2931549" startTime="2026-10-03T13:55:50.2282437-03:00" endTime="2026-10-03T13:55:50.5214593-03:00" testType="13cdc9d9-ddb5-4fa4-a97d-d965ccfc6d4b" outcome="Passed" testListId="8c84fa94-04c1-424b-9868-57a2d4851a1d" relativeResultsDirectory="2643d790-20d2-4b9a-b4c9-0696b2a5d500" />
    <UnitTestResult executionId="f3d1f288-db1a-45a1-a8f7-2a5d5121b252" testId="1ac28375-621f-8c19-b035-68a42a2526a7" testName="ApplyAsync_TargetFieldChangedAfterStep4_RejectsBeforeWrites (&quot;retail&quot;)" computerName="MIN-ASUS" duration="00:00:00.3166329" startTime="2026-10-03T13:55:51.4950302-03:00" endTime="2026-10-03T13:55:51.8117427-03:00" testType="13cdc9d9-ddb5-4fa4-a97d-d965ccfc6d4b" outcome="Passed" testListId="8c84fa94-04c1-424b-9868-57a2d4851a1d" relativeResultsDirectory="f3d1f288-db1a-45a1-a8f7-2a5d5121b252" />
    <UnitTestResult executionId="75fde57c-1b44-4f17-9587-ac599b90e234" testId="11081e06-ee64-8bcf-bd56-5036d601c7ea" testName="ApplyAsync_DeterministicFaultPoint_RollsBackEverythingAndRetrySucceeds (&quot;AfterBatchPreload&quot;,0)" computerName="MIN-ASUS" duration="00:00:00.2814113" startTime="2026-10-03T13:55:56.3149616-03:00" endTime="2026-10-03T13:55:56.5964551-03:00" testType="13cdc9d9-ddb5-4fa4-a97d-d965ccfc6d4b" outcome="Passed" testListId="8c84fa94-04c1-424b-9868-57a2d4851a1d" relativeResultsDirectory="75fde57c-1b44-4f17-9587-ac599b90e234" />
    <UnitTestResult executionId="4600e707-515c-49e3-a7ef-e73d1bc856e8" testId="1afc7c14-f345-8f3f-b79b-54d2c5d8ab8b" testName="ApplyAsync_TransitionBarrierSerializesApplyAndEpochChangeIsRejected" computerName="MIN-ASUS" duration="00:00:00.2511224" startTime="2026-10-03T13:55:53.2229769-03:00" endTime="2026-10-03T13:55:53.4750355-03:00" testType="13cdc9d9-ddb5-4fa4-a97d-d965ccfc6d4b" outcome="Passed" testListId="8c84fa94-04c1-424b-9868-57a2d4851a1d" relativeResultsDirectory="4600e707-515c-49e3-a7ef-e73d1bc856e8" />
    <UnitTestResult executionId="b9064d23-0847-46ea-8dff-808c463325e6" testId="1a2797d8-77b4-8ac5-abda-fb20aac2598f" testName="ApplyAsync_PriceChangesWriteExactOldNewClpValuesWithImportSource" computerName="MIN-ASUS" duration="00:00:00.2563476" startTime="2026-10-03T13:55:55.2746608-03:00" endTime="2026-10-03T13:55:55.5310848-03:00" testType="13cdc9d9-ddb5-4fa4-a97d-d965ccfc6d4b" outcome="Passed" testListId="8c84fa94-04c1-424b-9868-57a2d4851a1d" relativeResultsDirectory="b9064d23-0847-46ea-8dff-808c463325e6" />
    <UnitTestResult executionId="13600bc4-eb46-401d-ba12-7c29f4888a92" testId="191b6a18-9dc8-8329-80ba-b49568c9c7c6" testName="ApplyAsync_DeterministicFaultPoint_RollsBackEverythingAndRetrySucceeds (&quot;BeforeOutboxEnqueue&quot;,0)" computerName="MIN-ASUS" duration="00:00:00.2539351" startTime="2026-10-03T13:55:57.6127173-03:00" endTime="2026-10-03T13:55:57.8667253-03:00" testType="13cdc9d9-ddb5-4fa4-a97d-d965ccfc6d4b" outcome="Passed" testListId="8c84fa94-04c1-424b-9868-57a2d4851a1d" relativeResultsDirectory="13600bc4-eb46-401d-ba12-7c29f4888a92" />
    <UnitTestResult executionId="4d7a7095-bd2e-4e98-981e-aee1b1d0001b" testId="1834b158-781a-8bcd-8a6d-f4c8038be0fd" testName="ApplyAsync_ProductDeletedAfterStep4_RejectsBeforeWrites (False)" computerName="MIN-ASUS" duration="00:00:00.2673257" startTime="2026-10-03T13:55:53.7178481-03:00" endTime="2026-10-03T13:55:53.9852542-03:00" testType="13cdc9d9-ddb5-4fa4-a97d-d965ccfc6d4b" outcome="Passed" testListId="8c84fa94-04c1-424b-9868-57a2d4851a1d" relativeResultsDirectory="4d7a7095-bd2e-4e98-981e-aee1b1d0001b" />
    <UnitTestResult executionId="836d0413-8d3c-4723-91ba-1b028015a452" testId="1d077c2b-90b1-809f-bd45-da76252065a0" testName="ApplyAsync_TargetFieldChangedAfterStep4_RejectsBeforeWrites (&quot;name&quot;)" computerName="MIN-ASUS" duration="00:00:00.3585642" startTime="2026-10-03T13:55:50.8211030-03:00" endTime="2026-10-03T13:55:51.1801926-03:00" testType="13cdc9d9-ddb5-4fa4-a97d-d965ccfc6d4b" outcome="Passed" testListId="8c84fa94-04c1-424b-9868-57a2d4851a1d" relativeResultsDirectory="836d0413-8d3c-4723-91ba-1b028015a452" />
    <UnitTestResult executionId="e92dcec6-8428-447f-9b9f-6340b73aad80" testId="1564c491-8dac-8c5a-a663-154ca64a3fae" testName="DiagnosticTrace_IsBoundedAndContainsNoWorksheetValues" computerName="MIN-ASUS" duration="00:00:00.0018464" startTime="2026-10-03T13:55:48.1769809-03:00" endTime="2026-10-03T13:55:48.1788653-03:00" testType="13cdc9d9-ddb5-4fa4-a97d-d965ccfc6d4b" outcome="Passed" testListId="8c84fa94-04c1-424b-9868-57a2d4851a1d" relativeResultsDirectory="e92dcec6-8428-447f-9b9f-6340b73aad80" />
    <UnitTestResult executionId="1aa363c6-c242-43c7-a551-ad9b71e28d03" testId="10fa7df2-bd68-8877-bdea-62fce1eb0f32" testName="CatalogMapperAndRepositoryPreserveFractionalStock" computerName="MIN-ASUS" duration="00:00:00.4623621" startTime="2026-10-03T13:55:48.1839065-03:00" endTime="2026-10-03T13:55:48.6463583-03:00" testType="13cdc9d9-ddb5-4fa4-a97d-d965ccfc6d4b" outcome="Passed" testListId="8c84fa94-04c1-424b-9868-57a2d4851a1d" relativeResultsDirectory="1aa363c6-c242-43c7-a551-ad9b71e28d03" />
    <UnitTestResult executionId="ab6319ac-b356-4b31-b4d7-3e1e450bb510" testId="17bc4dce-f4db-82f3-9209-15a22ef0fcdc" testName="ProductDetailsReadDoesNotTruncateExistingFractionalStock" computerName="MIN-ASUS" duration="00:00:00.3010369" startTime="2026-10-03T13:55:48.6464020-03:00" endTime="2026-10-03T13:55:48.9474999-03:00" testType="13cdc9d9-ddb5-4fa4-a97d-d965ccfc6d4b" outcome="Passed" testListId="8c84fa94-04c1-424b-9868-57a2d4851a1d" relativeResultsDirectory="ab6319ac-b356-4b31-b4d7-3e1e450bb510" />
    <UnitTestResult executionId="ae1b100f-9c6c-4c77-a27f-675f8562470f" testId="18170e57-7ced-8105-8568-70f02c456dea" testName="SupplierPreviewRejectsUnsupportedQuantityAsRowError (&quot;1.2345&quot;)" computerName="MIN-ASUS" duration="00:00:00.0000275" startTime="2026-10-03T13:55:49.6095952-03:00" endTime="2026-10-03T13:55:49.6096402-03:00" testType="13cdc9d9-ddb5-4fa4-a97d-d965ccfc6d4b" outcome="Passed" testListId="8c84fa94-04c1-424b-9868-57a2d4851a1d" relativeResultsDirectory="ae1b100f-9c6c-4c77-a27f-675f8562470f" />
    <UnitTestResult executionId="9d6c3889-4bd3-402a-a1a5-851c13e3b585" testId="18f3840c-ee1d-80c2-8fe2-a7e348790355" testName="ApplyAsync_UncapturedShopContext_IsRejectedDeterministically" computerName="MIN-ASUS" duration="00:00:00.2426809" startTime="2026-10-03T13:55:53.4750715-03:00" endTime="2026-10-03T13:55:53.7178118-03:00" testType="13cdc9d9-ddb5-4fa4-a97d-d965ccfc6d4b" outcome="Passed" testListId="8c84fa94-04c1-424b-9868-57a2d4851a1d" relativeResultsDirectory="9d6c3889-4bd3-402a-a1a5-851c13e3b585" />
    <UnitTestResult executionId="4f9e5c2a-729a-42b1-89a6-212eaf241b40" testId="1f8987ac-9269-84b9-bfdd-ac54908ac757" testName="ApplyAsync_DryRunWithConcurrentTargetChange_RejectsAndLeavesNoResidue" computerName="MIN-ASUS" duration="00:00:00.2556212" startTime="2026-10-03T13:55:55.7768426-03:00" endTime="2026-10-03T13:55:56.0325143-03:00" testType="13cdc9d9-ddb5-4fa4-a97d-d965ccfc6d4b" outcome="Passed" testListId="8c84fa94-04c1-424b-9868-57a2d4851a1d" relativeResultsDirectory="4f9e5c2a-729a-42b1-89a6-212eaf241b40" />
    <UnitTestResult executionId="c04d4aea-c076-4be5-8af8-39bb8401eb32" testId="1d794507-bc0d-893d-ad6c-44ed66ca39b0" testName="ApplyAsync_ProductInsertedAfterNewPreview_RejectsBeforeWrites" computerName="MIN-ASUS" duration="00:00:00.2669464" startTime="2026-10-03T13:55:52.7059704-03:00" endTime="2026-10-03T13:55:52.9729748-03:00" testType="13cdc9d9-ddb5-4fa4-a97d-d965ccfc6d4b" outcome="Passed" testListId="8c84fa94-04c1-424b-9868-57a2d4851a1d" relativeResultsDirectory="c04d4aea-c076-4be5-8af8-39bb8401eb32" />
  </Results>
  <TestDefinitions>
    <UnitTest name="ApplyAsync_TargetFieldChangedAfterStep4_RejectsBeforeWrites (&quot;retail&quot;)" storage="c:\users\xniw9\.codex\worktrees\closeout-sync-baseline\win7pos\tests\win7pos.core.tests\bin\release\net10.0\win7pos.core.tests.dll" id="1ac28375-621f-8c19-b035-68a42a2526a7">
      <Execution id="f3d1f288-db1a-45a1-a8f7-2a5d5121b252" />
      <TestMethod codeBase="C:\Users\xniw9\.codex\worktrees\closeout-sync-baseline\Win7POS\tests\Win7POS.Core.Tests\bin\Release\net10.0\Win7POS.Core.Tests.dll" adapterTypeName="executor://mstestadapter/v4" className="Win7POS.Core.Tests.Data.SupplierExcelImportApplierBatchTests" name="ApplyAsync_TargetFieldChangedAfterStep4_RejectsBeforeWrites" />
    </UnitTest>
    <UnitTest name="ApplyAsync_DuplicateBarcode_LastWinsWithOriginalSourceRowAndOneOutboxItem" storage="c:\users\xniw9\.codex\worktrees\closeout-sync-baseline\win7pos\tests\win7pos.core.tests\bin\release\net10.0\win7pos.core.tests.dll" id="1a189ac5-e315-89a2-ab8b-fd1fa36f5dfd">
      <Execution id="6493ea6b-5e45-4155-923c-05cfcba35d13" />
      <TestMethod codeBase="C:\Users\xniw9\.codex\worktrees\closeout-sync-baseline\Win7POS\tests\Win7POS.Core.Tests\bin\Release\net10.0\Win7POS.Core.Tests.dll" adapterTypeName="executor://mstestadapter/v4" className="Win7POS.Core.Tests.Data.SupplierExcelImportApplierBatchTests" name="ApplyAsync_DuplicateBarcode_LastWinsWithOriginalSourceRowAndOneOutboxItem" />
    </UnitTest>
    <UnitTest name="ApplyAsync_DeterministicFaultPoint_RollsBackEverythingAndRetrySucceeds (&quot;AfterOutboxEnqueueBeforeCommit&quot;,0)" storage="c:\users\xniw9\.codex\worktrees\closeout-sync-baseline\win7pos\tests\win7pos.core.tests\bin\release\net10.0\win7pos.core.tests.dll" id="12e6641c-b039-845c-b92f-cb6885113636">
      <Execution id="fd4a15b2-f9bd-42ae-9e95-2c9d0ea97bf3" />
      <TestMethod codeBase="C:\Users\xniw9\.codex\worktrees\closeout-sync-baseline\Win7POS\tests\Win7POS.Core.Tests\bin\Release\net10.0\Win7POS.Core.Tests.dll" adapterTypeName="executor://mstestadapter/v4" className="Win7POS.Core.Tests.Data.SupplierExcelImportApplierBatchTests" name="ApplyAsync_DeterministicFaultPoint_RollsBackEverythingAndRetrySucceeds" />
    </UnitTest>
    <UnitTest name="SupplierRenamePreservesExplicitOrAbsentThreeFractionQuantity (&quot;1.234&quot;)" storage="c:\users\xniw9\.codex\worktrees\closeout-sync-baseline\win7pos\tests\win7pos.core.tests\bin\release\net10.0\win7pos.core.tests.dll" id="15c73048-e96d-8fd8-b07c-5d0e3acac768">
      <Execution id="fd6fad65-c34d-45ee-b257-6b118a845782" />
      <TestMethod codeBase="C:\Users\xniw9\.codex\worktrees\closeout-sync-baseline\Win7POS\tests\Win7POS.Core.Tests\bin\Release\net10.0\Win7POS.Core.Tests.dll" adapterTypeName="executor://mstestadapter/v4" className="Win7POS.Core.Tests.Data.FractionalStockCloseoutTests" name="SupplierRenamePreservesExplicitOrAbsentThreeFractionQuantity" />
    </UnitTest>
    <UnitTest name="ApplyAsync_TargetChangedAndRestoredToEquivalentState_RemainsValid" storage="c:\users\xniw9\.codex\worktrees\closeout-sync-baseline\win7pos\tests\win7pos.core.tests\bin\release\net10.0\win7pos.core.tests.dll" id="1bedfc28-0c97-86a7-990f-40eb08664138">
      <Execution id="c39a2ded-6e98-4783-a056-e297646151e1" />
      <TestMethod codeBase="C:\Users\xniw9\.codex\worktrees\closeout-sync-baseline\Win7POS\tests\Win7POS.Core.Tests\bin\Release\net10.0\Win7POS.Core.Tests.dll" adapterTypeName="executor://mstestadapter/v4" className="Win7POS.Core.Tests.Data.SupplierExcelImportApplierBatchTests" name="ApplyAsync_TargetChangedAndRestoredToEquivalentState_RemainsValid" />
    </UnitTest>
    <UnitTest name="ApplyAsync_ProductDeletedAfterStep4_RejectsBeforeWrites (True)" storage="c:\users\xniw9\.codex\worktrees\closeout-sync-baseline\win7pos\tests\win7pos.core.tests\bin\release\net10.0\win7pos.core.tests.dll" id="19cfed95-64ea-8e47-b985-84112045ba8e">
      <Execution id="ceefae71-c548-444f-ad4c-724faf306698" />
      <TestMethod codeBase="C:\Users\xniw9\.codex\worktrees\closeout-sync-baseline\Win7POS\tests\Win7POS.Core.Tests\bin\Release\net10.0\Win7POS.Core.Tests.dll" adapterTypeName="executor://mstestadapter/v4" className="Win7POS.Core.Tests.Data.SupplierExcelImportApplierBatchTests" name="ApplyAsync_ProductDeletedAfterStep4_RejectsBeforeWrites" />
    </UnitTest>
    <UnitTest name="ApplyAsync_DeterministicFaultPoint_RollsBackEverythingAndRetrySucceeds (&quot;AfterReferenceResolution&quot;,0)" storage="c:\users\xniw9\.codex\worktrees\closeout-sync-baseline\win7pos\tests\win7pos.core.tests\bin\release\net10.0\win7pos.core.tests.dll" id="15485402-babc-8148-a00d-3b3a04aa965d">
      <Execution id="f0731077-ba1a-4876-a5a1-2af54d9c1d31" />
      <TestMethod codeBase="C:\Users\xniw9\.codex\worktrees\closeout-sync-baseline\Win7POS\tests\Win7POS.Core.Tests\bin\Release\net10.0\Win7POS.Core.Tests.dll" adapterTypeName="executor://mstestadapter/v4" className="Win7POS.Core.Tests.Data.SupplierExcelImportApplierBatchTests" name="ApplyAsync_DeterministicFaultPoint_RollsBackEverythingAndRetrySucceeds" />
    </UnitTest>
    <UnitTest name="BuildRawTable_CancelledToken_DoesNotReturnPartialTable" storage="c:\users\xniw9\.codex\worktrees\closeout-sync-baseline\win7pos\tests\win7pos.core.tests\bin\release\net10.0\win7pos.core.tests.dll" id="1c2bbb8c-79b0-8728-93b5-480fd5efda7d">
      <Execution id="a7452b21-3e4b-4c40-9fb3-83e61d59440c" />
      <TestMethod codeBase="C:\Users\xniw9\.codex\worktrees\closeout-sync-baseline\Win7POS\tests\Win7POS.Core.Tests\bin\Release\net10.0\Win7POS.Core.Tests.dll" adapterTypeName="executor://mstestadapter/v4" className="Win7POS.Core.Tests.Import.SupplierImportAnalyzerTests" name="BuildRawTable_CancelledToken_DoesNotReturnPartialTable" />
    </UnitTest>
    <UnitTest name="ApplyAsync_DeterministicFaultPoint_RollsBackEverythingAndRetrySucceeds (&quot;AfterRevalidation&quot;,0)" storage="c:\users\xniw9\.codex\worktrees\closeout-sync-baseline\win7pos\tests\win7pos.core.tests\bin\release\net10.0\win7pos.core.tests.dll" id="112c2e8c-d794-8551-9b83-43410102fdff">
      <Execution id="830c7d9e-dcba-4531-bf22-d027af519136" />
      <TestMethod codeBase="C:\Users\xniw9\.codex\worktrees\closeout-sync-baseline\Win7POS\tests\Win7POS.Core.Tests\bin\Release\net10.0\Win7POS.Core.Tests.dll" adapterTypeName="executor://mstestadapter/v4" className="Win7POS.Core.Tests.Data.SupplierExcelImportApplierBatchTests" name="ApplyAsync_DeterministicFaultPoint_RollsBackEverythingAndRetrySucceeds" />
    </UnitTest>
    <UnitTest name="SupplierPreviewRejectsUnsupportedQuantityAsRowError (&quot;999999999.001&quot;)" storage="c:\users\xniw9\.codex\worktrees\closeout-sync-baseline\win7pos\tests\win7pos.core.tests\bin\release\net10.0\win7pos.core.tests.dll" id="16cf2707-0500-87b4-8811-8fe6513dfc0e">
      <Execution id="ff99ff38-1b33-4d49-beea-e2f6d01bca7c" />
      <TestMethod codeBase="C:\Users\xniw9\.codex\worktrees\closeout-sync-baseline\Win7POS\tests\Win7POS.Core.Tests\bin\Release\net10.0\Win7POS.Core.Tests.dll" adapterTypeName="executor://mstestadapter/v4" className="Win7POS.Core.Tests.Data.FractionalStockCloseoutTests" name="SupplierPreviewRejectsUnsupportedQuantityAsRowError" />
    </UnitTest>
    <UnitTest name="ApplyAsync_CancelledBetweenPreloadBatches_RollsBackAndCanRetry" storage="c:\users\xniw9\.codex\worktrees\closeout-sync-baseline\win7pos\tests\win7pos.core.tests\bin\release\net10.0\win7pos.core.tests.dll" id="1656b813-0cd6-80fd-b7d5-f146c34dbdd3">
      <Execution id="f12e68e5-e723-45f7-ad5b-49e982ade986" />
      <TestMethod codeBase="C:\Users\xniw9\.codex\worktrees\closeout-sync-baseline\Win7POS\tests\Win7POS.Core.Tests\bin\Release\net10.0\Win7POS.Core.Tests.dll" adapterTypeName="executor://mstestadapter/v4" className="Win7POS.Core.Tests.Data.SupplierExcelImportApplierBatchTests" name="ApplyAsync_CancelledBetweenPreloadBatches_RollsBackAndCanRetry" />
    </UnitTest>
    <UnitTest name="ApplyAsync_PriceChangesWriteExactOldNewClpValuesWithImportSource" storage="c:\users\xniw9\.codex\worktrees\closeout-sync-baseline\win7pos\tests\win7pos.core.tests\bin\release\net10.0\win7pos.core.tests.dll" id="1a2797d8-77b4-8ac5-abda-fb20aac2598f">
      <Execution id="b9064d23-0847-46ea-8dff-808c463325e6" />
      <TestMethod codeBase="C:\Users\xniw9\.codex\worktrees\closeout-sync-baseline\Win7POS\tests\Win7POS.Core.Tests\bin\Release\net10.0\Win7POS.Core.Tests.dll" adapterTypeName="executor://mstestadapter/v4" className="Win7POS.Core.Tests.Data.SupplierExcelImportApplierBatchTests" name="ApplyAsync_PriceChangesWriteExactOldNewClpValuesWithImportSource" />
    </UnitTest>
    <UnitTest name="ReopenPreservesFractionalLocalStockDeltaAndDurableOutbox" storage="c:\users\xniw9\.codex\worktrees\closeout-sync-baseline\win7pos\tests\win7pos.core.tests\bin\release\net10.0\win7pos.core.tests.dll" id="1850f8c0-efae-8fc8-a5cd-c4a0c77afbe0">
      <Execution id="9d2a3e56-9d17-4b94-8005-d3740804c6cf" />
      <TestMethod codeBase="C:\Users\xniw9\.codex\worktrees\closeout-sync-baseline\Win7POS\tests\Win7POS.Core.Tests\bin\Release\net10.0\Win7POS.Core.Tests.dll" adapterTypeName="executor://mstestadapter/v4" className="Win7POS.Core.Tests.Data.FractionalStockCloseoutTests" name="ReopenPreservesFractionalLocalStockDeltaAndDurableOutbox" />
    </UnitTest>
    <UnitTest name="ApplyAsync_TargetFieldChangedAfterStep4_RejectsBeforeWrites (&quot;supplier&quot;)" storage="c:\users\xniw9\.codex\worktrees\closeout-sync-baseline\win7pos\tests\win7pos.core.tests\bin\release\net10.0\win7pos.core.tests.dll" id="159b4ce3-1bf3-8093-b7b8-2abf4d9beb3c">
      <Execution id="3033977d-5c1b-41bf-b409-5a74cfedfe0e" />
      <TestMethod codeBase="C:\Users\xniw9\.codex\worktrees\closeout-sync-baseline\Win7POS\tests\Win7POS.Core.Tests\bin\Release\net10.0\Win7POS.Core.Tests.dll" adapterTypeName="executor://mstestadapter/v4" className="Win7POS.Core.Tests.Data.SupplierExcelImportApplierBatchTests" name="ApplyAsync_TargetFieldChangedAfterStep4_RejectsBeforeWrites" />
    </UnitTest>
    <UnitTest name="SupplierImportBoundMatchesBackendWithoutReducingLocalStockDomain" storage="c:\users\xniw9\.codex\worktrees\closeout-sync-baseline\win7pos\tests\win7pos.core.tests\bin\release\net10.0\win7pos.core.tests.dll" id="1cea221a-2f52-8d77-a930-fb9e7ef575c7">
      <Execution id="807192e7-6b2c-42c1-bfc8-69bebfc72cdd" />
      <TestMethod codeBase="C:\Users\xniw9\.codex\worktrees\closeout-sync-baseline\Win7POS\tests\Win7POS.Core.Tests\bin\Release\net10.0\Win7POS.Core.Tests.dll" adapterTypeName="executor://mstestadapter/v4" className="Win7POS.Core.Tests.Data.FractionalStockCloseoutTests" name="SupplierImportBoundMatchesBackendWithoutReducingLocalStockDomain" />
    </UnitTest>
    <UnitTest name="ReceivingOnlyFields_AreClassifiedWithoutChangingCatalogFieldRules" storage="c:\users\xniw9\.codex\worktrees\closeout-sync-baseline\win7pos\tests\win7pos.core.tests\bin\release\net10.0\win7pos.core.tests.dll" id="14091633-3f4a-8295-b0e3-df3795c49f50">
      <Execution id="c6e7a824-2681-46a0-b2f1-f0da3fcc42da" />
      <TestMethod codeBase="C:\Users\xniw9\.codex\worktrees\closeout-sync-baseline\Win7POS\tests\Win7POS.Core.Tests\bin\Release\net10.0\Win7POS.Core.Tests.dll" adapterTypeName="executor://mstestadapter/v4" className="Win7POS.Core.Tests.Import.SupplierImportCurrentAndroidParityTests" name="ReceivingOnlyFields_AreClassifiedWithoutChangingCatalogFieldRules" />
    </UnitTest>
    <UnitTest name="SupplierPreviewRejectsUnsupportedQuantityAsRowError (&quot;-1&quot;)" storage="c:\users\xniw9\.codex\worktrees\closeout-sync-baseline\win7pos\tests\win7pos.core.tests\bin\release\net10.0\win7pos.core.tests.dll" id="1d7d68a5-4dc8-8b4d-acb9-8d6014661dba">
      <Execution id="1d7795bc-7cec-4449-9153-7ff245900c98" />
      <TestMethod codeBase="C:\Users\xniw9\.codex\worktrees\closeout-sync-baseline\Win7POS\tests\Win7POS.Core.Tests\bin\Release\net10.0\Win7POS.Core.Tests.dll" adapterTypeName="executor://mstestadapter/v4" className="Win7POS.Core.Tests.Data.FractionalStockCloseoutTests" name="SupplierPreviewRejectsUnsupportedQuantityAsRowError" />
    </UnitTest>
    <UnitTest name="SupplierRenamePreservesExplicitOrAbsentThreeFractionQuantity (&quot;&quot;)" storage="c:\users\xniw9\.codex\worktrees\closeout-sync-baseline\win7pos\tests\win7pos.core.tests\bin\release\net10.0\win7pos.core.tests.dll" id="11234eca-3b50-83db-87dc-59cd5d994268">
      <Execution id="7e474003-6dab-4307-8f04-687ebe8d6066" />
      <TestMethod codeBase="C:\Users\xniw9\.codex\worktrees\closeout-sync-baseline\Win7POS\tests\Win7POS.Core.Tests\bin\Release\net10.0\Win7POS.Core.Tests.dll" adapterTypeName="executor://mstestadapter/v4" className="Win7POS.Core.Tests.Data.FractionalStockCloseoutTests" name="SupplierRenamePreservesExplicitOrAbsentThreeFractionQuantity" />
    </UnitTest>
    <UnitTest name="ApplyAsync_ProductInsertedAfterNewPreview_RejectsBeforeWrites" storage="c:\users\xniw9\.codex\worktrees\closeout-sync-baseline\win7pos\tests\win7pos.core.tests\bin\release\net10.0\win7pos.core.tests.dll" id="1d794507-bc0d-893d-ad6c-44ed66ca39b0">
      <Execution id="c04d4aea-c076-4be5-8af8-39bb8401eb32" />
      <TestMethod codeBase="C:\Users\xniw9\.codex\worktrees\closeout-sync-baseline\Win7POS\tests\Win7POS.Core.Tests\bin\Release\net10.0\Win7POS.Core.Tests.dll" adapterTypeName="executor://mstestadapter/v4" className="Win7POS.Core.Tests.Data.SupplierExcelImportApplierBatchTests" name="ApplyAsync_ProductInsertedAfterNewPreview_RejectsBeforeWrites" />
    </UnitTest>
    <UnitTest name="ApplyAsync_ReplayingSuccessfulNewPreview_IsSafelyRejectedWithoutDuplicateHistoryOrOutbox" storage="c:\users\xniw9\.codex\worktrees\closeout-sync-baseline\win7pos\tests\win7pos.core.tests\bin\release\net10.0\win7pos.core.tests.dll" id="1a1cf4c7-a62a-8cf5-865d-36691ae11bb9">
      <Execution id="1066f2a9-ebb2-4eb4-bca3-d51b0336780e" />
      <TestMethod codeBase="C:\Users\xniw9\.codex\worktrees\closeout-sync-baseline\Win7POS\tests\Win7POS.Core.Tests\bin\Release\net10.0\Win7POS.Core.Tests.dll" adapterTypeName="executor://mstestadapter/v4" className="Win7POS.Core.Tests.Data.SupplierExcelImportApplierBatchTests" name="ApplyAsync_ReplayingSuccessfulNewPreview_IsSafelyRejectedWithoutDuplicateHistoryOrOutbox" />
    </UnitTest>
    <UnitTest name="ApplyAsync_CancelledBeforeTransaction_WritesNothingAndCanRetry" storage="c:\users\xniw9\.codex\worktrees\closeout-sync-baseline\win7pos\tests\win7pos.core.tests\bin\release\net10.0\win7pos.core.tests.dll" id="199b6309-6d3e-8456-a247-c40152350ed2">
      <Execution id="22b198d5-fbb7-4f12-bb69-33da8c945862" />
      <TestMethod codeBase="C:\Users\xniw9\.codex\worktrees\closeout-sync-baseline\Win7POS\tests\Win7POS.Core.Tests\bin\Release\net10.0\Win7POS.Core.Tests.dll" adapterTypeName="executor://mstestadapter/v4" className="Win7POS.Core.Tests.Data.SupplierExcelImportApplierBatchTests" name="ApplyAsync_CancelledBeforeTransaction_WritesNothingAndCanRetry" />
    </UnitTest>
    <UnitTest name="TwoRowHeaders_MergeAtMostTwoNonDataRowsAndPreserveSourceRows" storage="c:\users\xniw9\.codex\worktrees\closeout-sync-baseline\win7pos\tests\win7pos.core.tests\bin\release\net10.0\win7pos.core.tests.dll" id="1a6ea724-ef9c-8af9-b356-396d4c7301fe">
      <Execution id="315be318-2131-4921-ae8e-21e6ba71103e" />
      <TestMethod codeBase="C:\Users\xniw9\.codex\worktrees\closeout-sync-baseline\Win7POS\tests\Win7POS.Core.Tests\bin\Release\net10.0\Win7POS.Core.Tests.dll" adapterTypeName="executor://mstestadapter/v4" className="Win7POS.Core.Tests.Import.SupplierImportCurrentAndroidParityTests" name="TwoRowHeaders_MergeAtMostTwoNonDataRowsAndPreserveSourceRows" />
    </UnitTest>
    <UnitTest name="ApplyAsync_CancelledAfterFirstProductWrite_RollsBackAndCanRetry" storage="c:\users\xniw9\.codex\worktrees\closeout-sync-baseline\win7pos\tests\win7pos.core.tests\bin\release\net10.0\win7pos.core.tests.dll" id="1b9e976c-39d3-84d0-a5d2-6ebc63c48977">
      <Execution id="1b1063f2-67d7-4fb5-81ae-0b7d930128c4" />
      <TestMethod codeBase="C:\Users\xniw9\.codex\worktrees\closeout-sync-baseline\Win7POS\tests\Win7POS.Core.Tests\bin\Release\net10.0\Win7POS.Core.Tests.dll" adapterTypeName="executor://mstestadapter/v4" className="Win7POS.Core.Tests.Data.SupplierExcelImportApplierBatchTests" name="ApplyAsync_CancelledAfterFirstProductWrite_RollsBackAndCanRetry" />
    </UnitTest>
    <UnitTest name="Analyze_DuplicateBarcode_KeepsLastOccurrence" storage="c:\users\xniw9\.codex\worktrees\closeout-sync-baseline\win7pos\tests\win7pos.core.tests\bin\release\net10.0\win7pos.core.tests.dll" id="1f6d96ba-b34c-89a5-be30-c9aef7e88a13">
      <Execution id="286956d4-3896-4836-a984-8b8eae6c810a" />
      <TestMethod codeBase="C:\Users\xniw9\.codex\worktrees\closeout-sync-baseline\Win7POS\tests\Win7POS.Core.Tests\bin\Release\net10.0\Win7POS.Core.Tests.dll" adapterTypeName="executor://mstestadapter/v4" className="Win7POS.Core.Tests.Import.SupplierImportAnalyzerTests" name="Analyze_DuplicateBarcode_KeepsLastOccurrence" />
    </UnitTest>
    <UnitTest name="ApplyAsync_DeterministicFaultPoint_RollsBackEverythingAndRetrySucceeds (&quot;BeforeOutboxEnqueue&quot;,0)" storage="c:\users\xniw9\.codex\worktrees\closeout-sync-baseline\win7pos\tests\win7pos.core.tests\bin\release\net10.0\win7pos.core.tests.dll" id="191b6a18-9dc8-8329-80ba-b49568c9c7c6">
      <Execution id="13600bc4-eb46-401d-ba12-7c29f4888a92" />
      <TestMethod codeBase="C:\Users\xniw9\.codex\worktrees\closeout-sync-baseline\Win7POS\tests\Win7POS.Core.Tests\bin\Release\net10.0\Win7POS.Core.Tests.dll" adapterTypeName="executor://mstestadapter/v4" className="Win7POS.Core.Tests.Data.SupplierExcelImportApplierBatchTests" name="ApplyAsync_DeterministicFaultPoint_RollsBackEverythingAndRetrySucceeds" />
    </UnitTest>
    <UnitTest name="AmbiguousCandidates_RemainAvailableForManualMapping" storage="c:\users\xniw9\.codex\worktrees\closeout-sync-baseline\win7pos\tests\win7pos.core.tests\bin\release\net10.0\win7pos.core.tests.dll" id="1f4b1198-4c10-896f-9c60-d28305446aa5">
      <Execution id="871f6794-ac71-4694-837a-cca566ff776d" />
      <TestMethod codeBase="C:\Users\xniw9\.codex\worktrees\closeout-sync-baseline\Win7POS\tests\Win7POS.Core.Tests\bin\Release\net10.0\Win7POS.Core.Tests.dll" adapterTypeName="executor://mstestadapter/v4" className="Win7POS.Core.Tests.Import.SupplierImportCurrentAndroidParityTests" name="AmbiguousCandidates_RemainAvailableForManualMapping" />
    </UnitTest>
    <UnitTest name="CatalogMapperAndRepositoryPreserveFractionalStock" storage="c:\users\xniw9\.codex\worktrees\closeout-sync-baseline\win7pos\tests\win7pos.core.tests\bin\release\net10.0\win7pos.core.tests.dll" id="10fa7df2-bd68-8877-bdea-62fce1eb0f32">
      <Execution id="1aa363c6-c242-43c7-a551-ad9b71e28d03" />
      <TestMethod codeBase="C:\Users\xniw9\.codex\worktrees\closeout-sync-baseline\Win7POS\tests\Win7POS.Core.Tests\bin\Release\net10.0\Win7POS.Core.Tests.dll" adapterTypeName="executor://mstestadapter/v4" className="Win7POS.Core.Tests.Data.FractionalStockCloseoutTests" name="CatalogMapperAndRepositoryPreserveFractionalStock" />
    </UnitTest>
    <UnitTest name="ApplyAsync_DeterministicFaultPoint_RollsBackEverythingAndRetrySucceeds (&quot;AfterBatchPreload&quot;,0)" storage="c:\users\xniw9\.codex\worktrees\closeout-sync-baseline\win7pos\tests\win7pos.core.tests\bin\release\net10.0\win7pos.core.tests.dll" id="11081e06-ee64-8bcf-bd56-5036d601c7ea">
      <Execution id="75fde57c-1b44-4f17-9587-ac599b90e234" />
      <TestMethod codeBase="C:\Users\xniw9\.codex\worktrees\closeout-sync-baseline\Win7POS\tests\Win7POS.Core.Tests\bin\Release\net10.0\Win7POS.Core.Tests.dll" adapterTypeName="executor://mstestadapter/v4" className="Win7POS.Core.Tests.Data.SupplierExcelImportApplierBatchTests" name="ApplyAsync_DeterministicFaultPoint_RollsBackEverythingAndRetrySucceeds" />
    </UnitTest>
    <UnitTest name="ApplyAsync_DeterministicFaultPoint_RollsBackEverythingAndRetrySucceeds (&quot;AfterHistoryWrites&quot;,1)" storage="c:\users\xniw9\.codex\worktrees\closeout-sync-baseline\win7pos\tests\win7pos.core.tests\bin\release\net10.0\win7pos.core.tests.dll" id="176f3cf5-6d97-82b2-9f29-fa03d00a955d">
      <Execution id="bd1ca5d4-7ab6-46bf-bb2f-2edde4392c6f" />
      <TestMethod codeBase="C:\Users\xniw9\.codex\worktrees\closeout-sync-baseline\Win7POS\tests\Win7POS.Core.Tests\bin\Release\net10.0\Win7POS.Core.Tests.dll" adapterTypeName="executor://mstestadapter/v4" className="Win7POS.Core.Tests.Data.SupplierExcelImportApplierBatchTests" name="ApplyAsync_DeterministicFaultPoint_RollsBackEverythingAndRetrySucceeds" />
    </UnitTest>
    <UnitTest name="ApplyAsync_ShopChangedAfterStep4_RejectsAllNewPreviewBeforeWrites" storage="c:\users\xniw9\.codex\worktrees\closeout-sync-baseline\win7pos\tests\win7pos.core.tests\bin\release\net10.0\win7pos.core.tests.dll" id="15cb374b-a868-8f84-962d-b4f0c54bd99b">
      <Execution id="3eaf55bf-058f-4b3e-be07-290d432ad52c" />
      <TestMethod codeBase="C:\Users\xniw9\.codex\worktrees\closeout-sync-baseline\Win7POS\tests\Win7POS.Core.Tests\bin\Release\net10.0\Win7POS.Core.Tests.dll" adapterTypeName="executor://mstestadapter/v4" className="Win7POS.Core.Tests.Data.SupplierExcelImportApplierBatchTests" name="ApplyAsync_ShopChangedAfterStep4_RejectsAllNewPreviewBeforeWrites" />
    </UnitTest>
    <UnitTest name="SupplierPreviewRejectsUnsupportedQuantityAsRowError (&quot;2147483648&quot;)" storage="c:\users\xniw9\.codex\worktrees\closeout-sync-baseline\win7pos\tests\win7pos.core.tests\bin\release\net10.0\win7pos.core.tests.dll" id="12eebe59-b7eb-87a8-8282-2d13f9e54c54">
      <Execution id="aa1397e0-1c01-4d61-bacb-1103a475a302" />
      <TestMethod codeBase="C:\Users\xniw9\.codex\worktrees\closeout-sync-baseline\Win7POS\tests\Win7POS.Core.Tests\bin\Release\net10.0\Win7POS.Core.Tests.dll" adapterTypeName="executor://mstestadapter/v4" className="Win7POS.Core.Tests.Data.FractionalStockCloseoutTests" name="SupplierPreviewRejectsUnsupportedQuantityAsRowError" />
    </UnitTest>
    <UnitTest name="ApplyAsync_DryRunWithConcurrentTargetChange_RejectsAndLeavesNoResidue" storage="c:\users\xniw9\.codex\worktrees\closeout-sync-baseline\win7pos\tests\win7pos.core.tests\bin\release\net10.0\win7pos.core.tests.dll" id="1f8987ac-9269-84b9-bfdd-ac54908ac757">
      <Execution id="4f9e5c2a-729a-42b1-89a6-212eaf241b40" />
      <TestMethod codeBase="C:\Users\xniw9\.codex\worktrees\closeout-sync-baseline\Win7POS\tests\Win7POS.Core.Tests\bin\Release\net10.0\Win7POS.Core.Tests.dll" adapterTypeName="executor://mstestadapter/v4" className="Win7POS.Core.Tests.Data.SupplierExcelImportApplierBatchTests" name="ApplyAsync_DryRunWithConcurrentTargetChange_RejectsAndLeavesNoResidue" />
    </UnitTest>
    <UnitTest name="SQLiteStockRoundtripPreservesThreeFractionsNearLocalMaximum" storage="c:\users\xniw9\.codex\worktrees\closeout-sync-baseline\win7pos\tests\win7pos.core.tests\bin\release\net10.0\win7pos.core.tests.dll" id="1e3b2474-05c5-8073-942c-722e442775da">
      <Execution id="e334b67f-49ec-4e0f-9a4b-99da1a9035a8" />
      <TestMethod codeBase="C:\Users\xniw9\.codex\worktrees\closeout-sync-baseline\Win7POS\tests\Win7POS.Core.Tests\bin\Release\net10.0\Win7POS.Core.Tests.dll" adapterTypeName="executor://mstestadapter/v4" className="Win7POS.Core.Tests.Data.FractionalStockCloseoutTests" name="SQLiteStockRoundtripPreservesThreeFractionsNearLocalMaximum" />
    </UnitTest>
    <UnitTest name="ProductDetailsReadDoesNotTruncateExistingFractionalStock" storage="c:\users\xniw9\.codex\worktrees\closeout-sync-baseline\win7pos\tests\win7pos.core.tests\bin\release\net10.0\win7pos.core.tests.dll" id="17bc4dce-f4db-82f3-9209-15a22ef0fcdc">
      <Execution id="ab6319ac-b356-4b31-b4d7-3e1e450bb510" />
      <TestMethod codeBase="C:\Users\xniw9\.codex\worktrees\closeout-sync-baseline\Win7POS\tests\Win7POS.Core.Tests\bin\Release\net10.0\Win7POS.Core.Tests.dll" adapterTypeName="executor://mstestadapter/v4" className="Win7POS.Core.Tests.Data.FractionalStockCloseoutTests" name="ProductDetailsReadDoesNotTruncateExistingFractionalStock" />
    </UnitTest>
    <UnitTest name="ApplyAsync_PriceHistoryInsertFailure_RollsBackProductsMetaReferencesAndOutbox" storage="c:\users\xniw9\.codex\worktrees\closeout-sync-baseline\win7pos\tests\win7pos.core.tests\bin\release\net10.0\win7pos.core.tests.dll" id="10e3987b-36fc-80ad-938a-1628c22848ce">
      <Execution id="1f088a18-7edc-4b76-85c7-269d66d3339e" />
      <TestMethod codeBase="C:\Users\xniw9\.codex\worktrees\closeout-sync-baseline\Win7POS\tests\Win7POS.Core.Tests\bin\Release\net10.0\Win7POS.Core.Tests.dll" adapterTypeName="executor://mstestadapter/v4" className="Win7POS.Core.Tests.Data.SupplierExcelImportApplierBatchTests" name="ApplyAsync_PriceHistoryInsertFailure_RollsBackProductsMetaReferencesAndOutbox" />
    </UnitTest>
    <UnitTest name="ApplyAsync_DeterministicFaultPoint_RollsBackEverythingAndRetrySucceeds (&quot;AfterProductWrites&quot;,1)" storage="c:\users\xniw9\.codex\worktrees\closeout-sync-baseline\win7pos\tests\win7pos.core.tests\bin\release\net10.0\win7pos.core.tests.dll" id="1c95b184-d8d5-8542-9555-49c7e5db2872">
      <Execution id="2544d390-175b-4c3f-b93b-e3f2a5e642f2" />
      <TestMethod codeBase="C:\Users\xniw9\.codex\worktrees\closeout-sync-baseline\Win7POS\tests\Win7POS.Core.Tests\bin\Release\net10.0\Win7POS.Core.Tests.dll" adapterTypeName="executor://mstestadapter/v4" className="Win7POS.Core.Tests.Data.SupplierExcelImportApplierBatchTests" name="ApplyAsync_DeterministicFaultPoint_RollsBackEverythingAndRetrySucceeds" />
    </UnitTest>
    <UnitTest name="ApplyAsync_TransitionBarrierSerializesApplyAndEpochChangeIsRejected" storage="c:\users\xniw9\.codex\worktrees\closeout-sync-baseline\win7pos\tests\win7pos.core.tests\bin\release\net10.0\win7pos.core.tests.dll" id="1afc7c14-f345-8f3f-b79b-54d2c5d8ab8b">
      <Execution id="4600e707-515c-49e3-a7ef-e73d1bc856e8" />
      <TestMethod codeBase="C:\Users\xniw9\.codex\worktrees\closeout-sync-baseline\Win7POS\tests\Win7POS.Core.Tests\bin\Release\net10.0\Win7POS.Core.Tests.dll" adapterTypeName="executor://mstestadapter/v4" className="Win7POS.Core.Tests.Data.SupplierExcelImportApplierBatchTests" name="ApplyAsync_TransitionBarrierSerializesApplyAndEpochChangeIsRejected" />
    </UnitTest>
    <UnitTest name="RemoteReadsPreserveAdditionalFractionDigitsWithoutLocalWriteRounding" storage="c:\users\xniw9\.codex\worktrees\closeout-sync-baseline\win7pos\tests\win7pos.core.tests\bin\release\net10.0\win7pos.core.tests.dll" id="121b556a-ec1d-898c-afaa-9c63d52e16ce">
      <Execution id="9c78c0da-0bb8-4c90-bb35-57407d537941" />
      <TestMethod codeBase="C:\Users\xniw9\.codex\worktrees\closeout-sync-baseline\Win7POS\tests\Win7POS.Core.Tests\bin\Release\net10.0\Win7POS.Core.Tests.dll" adapterTypeName="executor://mstestadapter/v4" className="Win7POS.Core.Tests.Data.FractionalStockCloseoutTests" name="RemoteReadsPreserveAdditionalFractionDigitsWithoutLocalWriteRounding" />
    </UnitTest>
    <UnitTest name="Analyze_CancelledToken_DoesNotReturnPartialAnalysis" storage="c:\users\xniw9\.codex\worktrees\closeout-sync-baseline\win7pos\tests\win7pos.core.tests\bin\release\net10.0\win7pos.core.tests.dll" id="157ec2ec-5a79-8722-8cca-64601645213c">
      <Execution id="a91d2ff2-7ca2-4367-95cb-99864ca21533" />
      <TestMethod codeBase="C:\Users\xniw9\.codex\worktrees\closeout-sync-baseline\Win7POS\tests\Win7POS.Core.Tests\bin\Release\net10.0\Win7POS.Core.Tests.dll" adapterTypeName="executor://mstestadapter/v4" className="Win7POS.Core.Tests.Import.SupplierImportAnalyzerTests" name="Analyze_CancelledToken_DoesNotReturnPartialAnalysis" />
    </UnitTest>
    <UnitTest name="DiagnosticTrace_IsBoundedAndContainsNoWorksheetValues" storage="c:\users\xniw9\.codex\worktrees\closeout-sync-baseline\win7pos\tests\win7pos.core.tests\bin\release\net10.0\win7pos.core.tests.dll" id="1564c491-8dac-8c5a-a663-154ca64a3fae">
      <Execution id="e92dcec6-8428-447f-9b9f-6340b73aad80" />
      <TestMethod codeBase="C:\Users\xniw9\.codex\worktrees\closeout-sync-baseline\Win7POS\tests\Win7POS.Core.Tests\bin\Release\net10.0\Win7POS.Core.Tests.dll" adapterTypeName="executor://mstestadapter/v4" className="Win7POS.Core.Tests.Import.SupplierImportCurrentAndroidParityTests" name="DiagnosticTrace_IsBoundedAndContainsNoWorksheetValues" />
    </UnitTest>
    <UnitTest name="UnsupportedLocalScaleIsRejectedBeforeProductOrOutboxWrites" storage="c:\users\xniw9\.codex\worktrees\closeout-sync-baseline\win7pos\tests\win7pos.core.tests\bin\release\net10.0\win7pos.core.tests.dll" id="196e2303-32e2-832c-ab3e-b7bcbaa3a517">
      <Execution id="2643d790-20d2-4b9a-b4c9-0696b2a5d500" />
      <TestMethod codeBase="C:\Users\xniw9\.codex\worktrees\closeout-sync-baseline\Win7POS\tests\Win7POS.Core.Tests\bin\Release\net10.0\Win7POS.Core.Tests.dll" adapterTypeName="executor://mstestadapter/v4" className="Win7POS.Core.Tests.Data.FractionalStockCloseoutTests" name="UnsupportedLocalScaleIsRejectedBeforeProductOrOutboxWrites" />
    </UnitTest>
    <UnitTest name="ApplyAsync_UnrelatedCatalogChange_DoesNotInvalidateTargetScopedPreview" storage="c:\users\xniw9\.codex\worktrees\closeout-sync-baseline\win7pos\tests\win7pos.core.tests\bin\release\net10.0\win7pos.core.tests.dll" id="10e1fb4f-3b52-898b-bc72-7755533d2377">
      <Execution id="4abf054a-6449-4d0c-a799-0a2fccab11b6" />
      <TestMethod codeBase="C:\Users\xniw9\.codex\worktrees\closeout-sync-baseline\Win7POS\tests\Win7POS.Core.Tests\bin\Release\net10.0\Win7POS.Core.Tests.dll" adapterTypeName="executor://mstestadapter/v4" className="Win7POS.Core.Tests.Data.SupplierExcelImportApplierBatchTests" name="ApplyAsync_UnrelatedCatalogChange_DoesNotInvalidateTargetScopedPreview" />
    </UnitTest>
    <UnitTest name="ApplyAsync_UncapturedShopContext_IsRejectedDeterministically" storage="c:\users\xniw9\.codex\worktrees\closeout-sync-baseline\win7pos\tests\win7pos.core.tests\bin\release\net10.0\win7pos.core.tests.dll" id="18f3840c-ee1d-80c2-8fe2-a7e348790355">
      <Execution id="9d6c3889-4bd3-402a-a1a5-851c13e3b585" />
      <TestMethod codeBase="C:\Users\xniw9\.codex\worktrees\closeout-sync-baseline\Win7POS\tests\Win7POS.Core.Tests\bin\Release\net10.0\Win7POS.Core.Tests.dll" adapterTypeName="executor://mstestadapter/v4" className="Win7POS.Core.Tests.Data.SupplierExcelImportApplierBatchTests" name="ApplyAsync_UncapturedShopContext_IsRejectedDeterministically" />
    </UnitTest>
    <UnitTest name="ApplyAsync_TargetFieldChangedAfterStep4_RejectsBeforeWrites (&quot;name&quot;)" storage="c:\users\xniw9\.codex\worktrees\closeout-sync-baseline\win7pos\tests\win7pos.core.tests\bin\release\net10.0\win7pos.core.tests.dll" id="1d077c2b-90b1-809f-bd45-da76252065a0">
      <Execution id="836d0413-8d3c-4723-91ba-1b028015a452" />
      <TestMethod codeBase="C:\Users\xniw9\.codex\worktrees\closeout-sync-baseline\Win7POS\tests\Win7POS.Core.Tests\bin\Release\net10.0\Win7POS.Core.Tests.dll" adapterTypeName="executor://mstestadapter/v4" className="Win7POS.Core.Tests.Data.SupplierExcelImportApplierBatchTests" name="ApplyAsync_TargetFieldChangedAfterStep4_RejectsBeforeWrites" />
    </UnitTest>
    <UnitTest name="ApplyAsync_BlankExistingFieldsArePreservedAndNoChangeDoesNotWriteHistoryOrOutbox" storage="c:\users\xniw9\.codex\worktrees\closeout-sync-baseline\win7pos\tests\win7pos.core.tests\bin\release\net10.0\win7pos.core.tests.dll" id="1410dc7c-d1c8-8ea8-9050-6710adb1c79d">
      <Execution id="74834a9e-5d4f-4299-a8d5-acbfc1ea5f68" />
      <TestMethod codeBase="C:\Users\xniw9\.codex\worktrees\closeout-sync-baseline\Win7POS\tests\Win7POS.Core.Tests\bin\Release\net10.0\Win7POS.Core.Tests.dll" adapterTypeName="executor://mstestadapter/v4" className="Win7POS.Core.Tests.Data.SupplierExcelImportApplierBatchTests" name="ApplyAsync_BlankExistingFieldsArePreservedAndNoChangeDoesNotWriteHistoryOrOutbox" />
    </UnitTest>
    <UnitTest name="CompoundHeaders_UseExactFragmentsWithoutUnsafeSubstringMatching" storage="c:\users\xniw9\.codex\worktrees\closeout-sync-baseline\win7pos\tests\win7pos.core.tests\bin\release\net10.0\win7pos.core.tests.dll" id="18d081aa-9561-8d56-9d76-6e8047369c8b">
      <Execution id="325e6424-adec-4409-b326-9f2aa52ecc89" />
      <TestMethod codeBase="C:\Users\xniw9\.codex\worktrees\closeout-sync-baseline\Win7POS\tests\Win7POS.Core.Tests\bin\Release\net10.0\Win7POS.Core.Tests.dll" adapterTypeName="executor://mstestadapter/v4" className="Win7POS.Core.Tests.Import.SupplierImportCurrentAndroidParityTests" name="CompoundHeaders_UseExactFragmentsWithoutUnsafeSubstringMatching" />
    </UnitTest>
    <UnitTest name="SupplierPreviewRejectsUnsupportedQuantityAsRowError (&quot;Infinity&quot;)" storage="c:\users\xniw9\.codex\worktrees\closeout-sync-baseline\win7pos\tests\win7pos.core.tests\bin\release\net10.0\win7pos.core.tests.dll" id="192f0265-2878-80a0-b42b-52aa757d3490">
      <Execution id="9cfd325c-9fb7-46af-8d20-69ddac3a662b" />
      <TestMethod codeBase="C:\Users\xniw9\.codex\worktrees\closeout-sync-baseline\Win7POS\tests\Win7POS.Core.Tests\bin\Release\net10.0\Win7POS.Core.Tests.dll" adapterTypeName="executor://mstestadapter/v4" className="Win7POS.Core.Tests.Data.FractionalStockCloseoutTests" name="SupplierPreviewRejectsUnsupportedQuantityAsRowError" />
    </UnitTest>
    <UnitTest name="SupplierPreviewRejectsUnsupportedQuantityAsRowError (&quot;1.2345&quot;)" storage="c:\users\xniw9\.codex\worktrees\closeout-sync-baseline\win7pos\tests\win7pos.core.tests\bin\release\net10.0\win7pos.core.tests.dll" id="18170e57-7ced-8105-8568-70f02c456dea">
      <Execution id="ae1b100f-9c6c-4c77-a27f-675f8562470f" />
      <TestMethod codeBase="C:\Users\xniw9\.codex\worktrees\closeout-sync-baseline\Win7POS\tests\Win7POS.Core.Tests\bin\Release\net10.0\Win7POS.Core.Tests.dll" adapterTypeName="executor://mstestadapter/v4" className="Win7POS.Core.Tests.Data.FractionalStockCloseoutTests" name="SupplierPreviewRejectsUnsupportedQuantityAsRowError" />
    </UnitTest>
    <UnitTest name="Analyze_SecondProductNameOnlyNewProduct_UsesSecondNameAsIdentity" storage="c:\users\xniw9\.codex\worktrees\closeout-sync-baseline\win7pos\tests\win7pos.core.tests\bin\release\net10.0\win7pos.core.tests.dll" id="1e17995d-5291-8cf4-8030-cee8651eb801">
      <Execution id="89a0df76-bff4-485b-8fad-1c2ffc8aad6f" />
      <TestMethod codeBase="C:\Users\xniw9\.codex\worktrees\closeout-sync-baseline\Win7POS\tests\Win7POS.Core.Tests\bin\Release\net10.0\Win7POS.Core.Tests.dll" adapterTypeName="executor://mstestadapter/v4" className="Win7POS.Core.Tests.Import.SupplierImportAnalyzerTests" name="Analyze_SecondProductNameOnlyNewProduct_UsesSecondNameAsIdentity" />
    </UnitTest>
    <UnitTest name="GoldenCorpus_CurrentAndroidNormalizedOutputsRemainStable" storage="c:\users\xniw9\.codex\worktrees\closeout-sync-baseline\win7pos\tests\win7pos.core.tests\bin\release\net10.0\win7pos.core.tests.dll" id="1c2ef036-14b2-8d35-baa1-e9ba529e62c6">
      <Execution id="c3b19e04-ab77-4282-8286-13dc28191dfa" />
      <TestMethod codeBase="C:\Users\xniw9\.codex\worktrees\closeout-sync-baseline\Win7POS\tests\Win7POS.Core.Tests\bin\Release\net10.0\Win7POS.Core.Tests.dll" adapterTypeName="executor://mstestadapter/v4" className="Win7POS.Core.Tests.Import.SupplierImportCurrentAndroidParityTests" name="GoldenCorpus_CurrentAndroidNormalizedOutputsRemainStable" />
    </UnitTest>
    <UnitTest name="SupplierPreviewRejectsUnsupportedQuantityAsRowError (&quot;NaN&quot;)" storage="c:\users\xniw9\.codex\worktrees\closeout-sync-baseline\win7pos\tests\win7pos.core.tests\bin\release\net10.0\win7pos.core.tests.dll" id="1b356fc0-3da6-8070-8041-e48b387155d6">
      <Execution id="d4118b10-a31d-4268-91e6-f2b8b54fe129" />
      <TestMethod codeBase="C:\Users\xniw9\.codex\worktrees\closeout-sync-baseline\Win7POS\tests\Win7POS.Core.Tests\bin\Release\net10.0\Win7POS.Core.Tests.dll" adapterTypeName="executor://mstestadapter/v4" className="Win7POS.Core.Tests.Data.FractionalStockCloseoutTests" name="SupplierPreviewRejectsUnsupportedQuantityAsRowError" />
    </UnitTest>
    <UnitTest name="ApplyAsync_TargetFieldChangedAfterStep4_RejectsBeforeWrites (&quot;category&quot;)" storage="c:\users\xniw9\.codex\worktrees\closeout-sync-baseline\win7pos\tests\win7pos.core.tests\bin\release\net10.0\win7pos.core.tests.dll" id="1a11f827-844a-82b1-83e1-61958bc5626e">
      <Execution id="020afac0-44b5-48ed-882d-caba1422b458" />
      <TestMethod codeBase="C:\Users\xniw9\.codex\worktrees\closeout-sync-baseline\Win7POS\tests\Win7POS.Core.Tests\bin\Release\net10.0\Win7POS.Core.Tests.dll" adapterTypeName="executor://mstestadapter/v4" className="Win7POS.Core.Tests.Data.SupplierExcelImportApplierBatchTests" name="ApplyAsync_TargetFieldChangedAfterStep4_RejectsBeforeWrites" />
    </UnitTest>
    <UnitTest name="ApplyAsync_BatchSnapshotUsesBoundedObservedSelectCount" storage="c:\users\xniw9\.codex\worktrees\closeout-sync-baseline\win7pos\tests\win7pos.core.tests\bin\release\net10.0\win7pos.core.tests.dll" id="134dcbbf-bddf-86ab-838b-9661da2f04fe">
      <Execution id="e804ba36-f062-4942-b003-87a091eede1b" />
      <TestMethod codeBase="C:\Users\xniw9\.codex\worktrees\closeout-sync-baseline\Win7POS\tests\Win7POS.Core.Tests\bin\Release\net10.0\Win7POS.Core.Tests.dll" adapterTypeName="executor://mstestadapter/v4" className="Win7POS.Core.Tests.Data.SupplierExcelImportApplierBatchTests" name="ApplyAsync_BatchSnapshotUsesBoundedObservedSelectCount" />
    </UnitTest>
    <UnitTest name="ApplyAsync_OutboxInsertFailure_RollsBackProductsMetaHistoryAndOutbox" storage="c:\users\xniw9\.codex\worktrees\closeout-sync-baseline\win7pos\tests\win7pos.core.tests\bin\release\net10.0\win7pos.core.tests.dll" id="12de6706-93f0-846c-a06a-ddfd10bd5d4b">
      <Execution id="1bfb44b3-3da6-462a-a338-b0f48885408b" />
      <TestMethod codeBase="C:\Users\xniw9\.codex\worktrees\closeout-sync-baseline\Win7POS\tests\Win7POS.Core.Tests\bin\Release\net10.0\Win7POS.Core.Tests.dll" adapterTypeName="executor://mstestadapter/v4" className="Win7POS.Core.Tests.Data.SupplierExcelImportApplierBatchTests" name="ApplyAsync_OutboxInsertFailure_RollsBackProductsMetaHistoryAndOutbox" />
    </UnitTest>
    <UnitTest name="ApplyAsync_TargetFieldChangedAfterStep4_RejectsBeforeWrites (&quot;quantity&quot;)" storage="c:\users\xniw9\.codex\worktrees\closeout-sync-baseline\win7pos\tests\win7pos.core.tests\bin\release\net10.0\win7pos.core.tests.dll" id="1780b995-08a8-8744-9f82-b6e7ab665f68">
      <Execution id="23fafd8d-2a84-4609-a446-b644cbe4be75" />
      <TestMethod codeBase="C:\Users\xniw9\.codex\worktrees\closeout-sync-baseline\Win7POS\tests\Win7POS.Core.Tests\bin\Release\net10.0\Win7POS.Core.Tests.dll" adapterTypeName="executor://mstestadapter/v4" className="Win7POS.Core.Tests.Data.SupplierExcelImportApplierBatchTests" name="ApplyAsync_TargetFieldChangedAfterStep4_RejectsBeforeWrites" />
    </UnitTest>
    <UnitTest name="ApplyAsync_ProductDeletedAfterStep4_RejectsBeforeWrites (False)" storage="c:\users\xniw9\.codex\worktrees\closeout-sync-baseline\win7pos\tests\win7pos.core.tests\bin\release\net10.0\win7pos.core.tests.dll" id="1834b158-781a-8bcd-8a6d-f4c8038be0fd">
      <Execution id="4d7a7095-bd2e-4e98-981e-aee1b1d0001b" />
      <TestMethod codeBase="C:\Users\xniw9\.codex\worktrees\closeout-sync-baseline\Win7POS\tests\Win7POS.Core.Tests\bin\Release\net10.0\Win7POS.Core.Tests.dll" adapterTypeName="executor://mstestadapter/v4" className="Win7POS.Core.Tests.Data.SupplierExcelImportApplierBatchTests" name="ApplyAsync_ProductDeletedAfterStep4_RejectsBeforeWrites" />
    </UnitTest>
    <UnitTest name="BuildSyncPreview_NewProductMissingRetailPrice_BlocksApply" storage="c:\users\xniw9\.codex\worktrees\closeout-sync-baseline\win7pos\tests\win7pos.core.tests\bin\release\net10.0\win7pos.core.tests.dll" id="14e7123c-74a6-83f8-a9e3-48d9c8a829e1">
      <Execution id="a5e55222-38ca-44eb-998a-e6718914acbf" />
      <TestMethod codeBase="C:\Users\xniw9\.codex\worktrees\closeout-sync-baseline\Win7POS\tests\Win7POS.Core.Tests\bin\Release\net10.0\Win7POS.Core.Tests.dll" adapterTypeName="executor://mstestadapter/v4" className="Win7POS.Core.Tests.Import.SupplierImportAnalyzerTests" name="BuildSyncPreview_NewProductMissingRetailPrice_BlocksApply" />
    </UnitTest>
    <UnitTest name="ApplyAsync_TargetFieldChangedAfterStep4_RejectsBeforeWrites (&quot;purchase&quot;)" storage="c:\users\xniw9\.codex\worktrees\closeout-sync-baseline\win7pos\tests\win7pos.core.tests\bin\release\net10.0\win7pos.core.tests.dll" id="19369df1-ba0e-84e8-acd7-76a2c7b50d63">
      <Execution id="92aa8250-2cef-48f3-858f-c8dedcc88416" />
      <TestMethod codeBase="C:\Users\xniw9\.codex\worktrees\closeout-sync-baseline\Win7POS\tests\Win7POS.Core.Tests\bin\Release\net10.0\Win7POS.Core.Tests.dll" adapterTypeName="executor://mstestadapter/v4" className="Win7POS.Core.Tests.Data.SupplierExcelImportApplierBatchTests" name="ApplyAsync_TargetFieldChangedAfterStep4_RejectsBeforeWrites" />
    </UnitTest>
  </TestDefinitions>
  <TestEntries>
    <TestEntry testId="159b4ce3-1bf3-8093-b7b8-2abf4d9beb3c" executionId="3033977d-5c1b-41bf-b409-5a74cfedfe0e" testListId="8c84fa94-04c1-424b-9868-57a2d4851a1d" />
    <TestEntry testId="1850f8c0-efae-8fc8-a5cd-c4a0c77afbe0" executionId="9d2a3e56-9d17-4b94-8005-d3740804c6cf" testListId="8c84fa94-04c1-424b-9868-57a2d4851a1d" />
    <TestEntry testId="1656b813-0cd6-80fd-b7d5-f146c34dbdd3" executionId="f12e68e5-e723-45f7-ad5b-49e982ade986" testListId="8c84fa94-04c1-424b-9868-57a2d4851a1d" />
    <TestEntry testId="1c2bbb8c-79b0-8728-93b5-480fd5efda7d" executionId="a7452b21-3e4b-4c40-9fb3-83e61d59440c" testListId="8c84fa94-04c1-424b-9868-57a2d4851a1d" />
    <TestEntry testId="1a11f827-844a-82b1-83e1-61958bc5626e" executionId="020afac0-44b5-48ed-882d-caba1422b458" testListId="8c84fa94-04c1-424b-9868-57a2d4851a1d" />
    <TestEntry testId="12de6706-93f0-846c-a06a-ddfd10bd5d4b" executionId="1bfb44b3-3da6-462a-a338-b0f48885408b" testListId="8c84fa94-04c1-424b-9868-57a2d4851a1d" />
    <TestEntry testId="176f3cf5-6d97-82b2-9f29-fa03d00a955d" executionId="bd1ca5d4-7ab6-46bf-bb2f-2edde4392c6f" testListId="8c84fa94-04c1-424b-9868-57a2d4851a1d" />
    <TestEntry testId="1780b995-08a8-8744-9f82-b6e7ab665f68" executionId="23fafd8d-2a84-4609-a446-b644cbe4be75" testListId="8c84fa94-04c1-424b-9868-57a2d4851a1d" />
    <TestEntry testId="1a189ac5-e315-89a2-ab8b-fd1fa36f5dfd" executionId="6493ea6b-5e45-4155-923c-05cfcba35d13" testListId="8c84fa94-04c1-424b-9868-57a2d4851a1d" />
    <TestEntry testId="11234eca-3b50-83db-87dc-59cd5d994268" executionId="7e474003-6dab-4307-8f04-687ebe8d6066" testListId="8c84fa94-04c1-424b-9868-57a2d4851a1d" />
    <TestEntry testId="10e1fb4f-3b52-898b-bc72-7755533d2377" executionId="4abf054a-6449-4d0c-a799-0a2fccab11b6" testListId="8c84fa94-04c1-424b-9868-57a2d4851a1d" />
    <TestEntry testId="12e6641c-b039-845c-b92f-cb6885113636" executionId="fd4a15b2-f9bd-42ae-9e95-2c9d0ea97bf3" testListId="8c84fa94-04c1-424b-9868-57a2d4851a1d" />
    <TestEntry testId="15cb374b-a868-8f84-962d-b4f0c54bd99b" executionId="3eaf55bf-058f-4b3e-be07-290d432ad52c" testListId="8c84fa94-04c1-424b-9868-57a2d4851a1d" />
    <TestEntry testId="14e7123c-74a6-83f8-a9e3-48d9c8a829e1" executionId="a5e55222-38ca-44eb-998a-e6718914acbf" testListId="8c84fa94-04c1-424b-9868-57a2d4851a1d" />
    <TestEntry testId="1c95b184-d8d5-8542-9555-49c7e5db2872" executionId="2544d390-175b-4c3f-b93b-e3f2a5e642f2" testListId="8c84fa94-04c1-424b-9868-57a2d4851a1d" />
    <TestEntry testId="1f4b1198-4c10-896f-9c60-d28305446aa5" executionId="871f6794-ac71-4694-837a-cca566ff776d" testListId="8c84fa94-04c1-424b-9868-57a2d4851a1d" />
    <TestEntry testId="10e3987b-36fc-80ad-938a-1628c22848ce" executionId="1f088a18-7edc-4b76-85c7-269d66d3339e" testListId="8c84fa94-04c1-424b-9868-57a2d4851a1d" />
    <TestEntry testId="1cea221a-2f52-8d77-a930-fb9e7ef575c7" executionId="807192e7-6b2c-42c1-bfc8-69bebfc72cdd" testListId="8c84fa94-04c1-424b-9868-57a2d4851a1d" />
    <TestEntry testId="1a6ea724-ef9c-8af9-b356-396d4c7301fe" executionId="315be318-2131-4921-ae8e-21e6ba71103e" testListId="8c84fa94-04c1-424b-9868-57a2d4851a1d" />
    <TestEntry testId="1b356fc0-3da6-8070-8041-e48b387155d6" executionId="d4118b10-a31d-4268-91e6-f2b8b54fe129" testListId="8c84fa94-04c1-424b-9868-57a2d4851a1d" />
    <TestEntry testId="15485402-babc-8148-a00d-3b3a04aa965d" executionId="f0731077-ba1a-4876-a5a1-2af54d9c1d31" testListId="8c84fa94-04c1-424b-9868-57a2d4851a1d" />
    <TestEntry testId="12eebe59-b7eb-87a8-8282-2d13f9e54c54" executionId="aa1397e0-1c01-4d61-bacb-1103a475a302" testListId="8c84fa94-04c1-424b-9868-57a2d4851a1d" />
    <TestEntry testId="1c2ef036-14b2-8d35-baa1-e9ba529e62c6" executionId="c3b19e04-ab77-4282-8286-13dc28191dfa" testListId="8c84fa94-04c1-424b-9868-57a2d4851a1d" />
    <TestEntry testId="121b556a-ec1d-898c-afaa-9c63d52e16ce" executionId="9c78c0da-0bb8-4c90-bb35-57407d537941" testListId="8c84fa94-04c1-424b-9868-57a2d4851a1d" />
    <TestEntry testId="1bedfc28-0c97-86a7-990f-40eb08664138" executionId="c39a2ded-6e98-4783-a056-e297646151e1" testListId="8c84fa94-04c1-424b-9868-57a2d4851a1d" />
    <TestEntry testId="199b6309-6d3e-8456-a247-c40152350ed2" executionId="22b198d5-fbb7-4f12-bb69-33da8c945862" testListId="8c84fa94-04c1-424b-9868-57a2d4851a1d" />
    <TestEntry testId="19cfed95-64ea-8e47-b985-84112045ba8e" executionId="ceefae71-c548-444f-ad4c-724faf306698" testListId="8c84fa94-04c1-424b-9868-57a2d4851a1d" />
    <TestEntry testId="1d7d68a5-4dc8-8b4d-acb9-8d6014661dba" executionId="1d7795bc-7cec-4449-9153-7ff245900c98" testListId="8c84fa94-04c1-424b-9868-57a2d4851a1d" />
    <TestEntry testId="192f0265-2878-80a0-b42b-52aa757d3490" executionId="9cfd325c-9fb7-46af-8d20-69ddac3a662b" testListId="8c84fa94-04c1-424b-9868-57a2d4851a1d" />
    <TestEntry testId="1410dc7c-d1c8-8ea8-9050-6710adb1c79d" executionId="74834a9e-5d4f-4299-a8d5-acbfc1ea5f68" testListId="8c84fa94-04c1-424b-9868-57a2d4851a1d" />
    <TestEntry testId="112c2e8c-d794-8551-9b83-43410102fdff" executionId="830c7d9e-dcba-4531-bf22-d027af519136" testListId="8c84fa94-04c1-424b-9868-57a2d4851a1d" />
    <TestEntry testId="1b9e976c-39d3-84d0-a5d2-6ebc63c48977" executionId="1b1063f2-67d7-4fb5-81ae-0b7d930128c4" testListId="8c84fa94-04c1-424b-9868-57a2d4851a1d" />
    <TestEntry testId="1f6d96ba-b34c-89a5-be30-c9aef7e88a13" executionId="286956d4-3896-4836-a984-8b8eae6c810a" testListId="8c84fa94-04c1-424b-9868-57a2d4851a1d" />
    <TestEntry testId="19369df1-ba0e-84e8-acd7-76a2c7b50d63" executionId="92aa8250-2cef-48f3-858f-c8dedcc88416" testListId="8c84fa94-04c1-424b-9868-57a2d4851a1d" />
    <TestEntry testId="157ec2ec-5a79-8722-8cca-64601645213c" executionId="a91d2ff2-7ca2-4367-95cb-99864ca21533" testListId="8c84fa94-04c1-424b-9868-57a2d4851a1d" />
    <TestEntry testId="14091633-3f4a-8295-b0e3-df3795c49f50" executionId="c6e7a824-2681-46a0-b2f1-f0da3fcc42da" testListId="8c84fa94-04c1-424b-9868-57a2d4851a1d" />
    <TestEntry testId="18d081aa-9561-8d56-9d76-6e8047369c8b" executionId="325e6424-adec-4409-b326-9f2aa52ecc89" testListId="8c84fa94-04c1-424b-9868-57a2d4851a1d" />
    <TestEntry testId="1e3b2474-05c5-8073-942c-722e442775da" executionId="e334b67f-49ec-4e0f-9a4b-99da1a9035a8" testListId="8c84fa94-04c1-424b-9868-57a2d4851a1d" />
    <TestEntry testId="1a1cf4c7-a62a-8cf5-865d-36691ae11bb9" executionId="1066f2a9-ebb2-4eb4-bca3-d51b0336780e" testListId="8c84fa94-04c1-424b-9868-57a2d4851a1d" />
    <TestEntry testId="1e17995d-5291-8cf4-8030-cee8651eb801" executionId="89a0df76-bff4-485b-8fad-1c2ffc8aad6f" testListId="8c84fa94-04c1-424b-9868-57a2d4851a1d" />
    <TestEntry testId="15c73048-e96d-8fd8-b07c-5d0e3acac768" executionId="fd6fad65-c34d-45ee-b257-6b118a845782" testListId="8c84fa94-04c1-424b-9868-57a2d4851a1d" />
    <TestEntry testId="16cf2707-0500-87b4-8811-8fe6513dfc0e" executionId="ff99ff38-1b33-4d49-beea-e2f6d01bca7c" testListId="8c84fa94-04c1-424b-9868-57a2d4851a1d" />
    <TestEntry testId="134dcbbf-bddf-86ab-838b-9661da2f04fe" executionId="e804ba36-f062-4942-b003-87a091eede1b" testListId="8c84fa94-04c1-424b-9868-57a2d4851a1d" />
    <TestEntry testId="196e2303-32e2-832c-ab3e-b7bcbaa3a517" executionId="2643d790-20d2-4b9a-b4c9-0696b2a5d500" testListId="8c84fa94-04c1-424b-9868-57a2d4851a1d" />
    <TestEntry testId="1ac28375-621f-8c19-b035-68a42a2526a7" executionId="f3d1f288-db1a-45a1-a8f7-2a5d5121b252" testListId="8c84fa94-04c1-424b-9868-57a2d4851a1d" />
    <TestEntry testId="11081e06-ee64-8bcf-bd56-5036d601c7ea" executionId="75fde57c-1b44-4f17-9587-ac599b90e234" testListId="8c84fa94-04c1-424b-9868-57a2d4851a1d" />
    <TestEntry testId="1afc7c14-f345-8f3f-b79b-54d2c5d8ab8b" executionId="4600e707-515c-49e3-a7ef-e73d1bc856e8" testListId="8c84fa94-04c1-424b-9868-57a2d4851a1d" />
    <TestEntry testId="1a2797d8-77b4-8ac5-abda-fb20aac2598f" executionId="b9064d23-0847-46ea-8dff-808c463325e6" testListId="8c84fa94-04c1-424b-9868-57a2d4851a1d" />
    <TestEntry testId="191b6a18-9dc8-8329-80ba-b49568c9c7c6" executionId="13600bc4-eb46-401d-ba12-7c29f4888a92" testListId="8c84fa94-04c1-424b-9868-57a2d4851a1d" />
    <TestEntry testId="1834b158-781a-8bcd-8a6d-f4c8038be0fd" executionId="4d7a7095-bd2e-4e98-981e-aee1b1d0001b" testListId="8c84fa94-04c1-424b-9868-57a2d4851a1d" />
    <TestEntry testId="1d077c2b-90b1-809f-bd45-da76252065a0" executionId="836d0413-8d3c-4723-91ba-1b028015a452" testListId="8c84fa94-04c1-424b-9868-57a2d4851a1d" />
    <TestEntry testId="1564c491-8dac-8c5a-a663-154ca64a3fae" executionId="e92dcec6-8428-447f-9b9f-6340b73aad80" testListId="8c84fa94-04c1-424b-9868-57a2d4851a1d" />
    <TestEntry testId="10fa7df2-bd68-8877-bdea-62fce1eb0f32" executionId="1aa363c6-c242-43c7-a551-ad9b71e28d03" testListId="8c84fa94-04c1-424b-9868-57a2d4851a1d" />
    <TestEntry testId="17bc4dce-f4db-82f3-9209-15a22ef0fcdc" executionId="ab6319ac-b356-4b31-b4d7-3e1e450bb510" testListId="8c84fa94-04c1-424b-9868-57a2d4851a1d" />
    <TestEntry testId="18170e57-7ced-8105-8568-70f02c456dea" executionId="ae1b100f-9c6c-4c77-a27f-675f8562470f" testListId="8c84fa94-04c1-424b-9868-57a2d4851a1d" />
    <TestEntry testId="18f3840c-ee1d-80c2-8fe2-a7e348790355" executionId="9d6c3889-4bd3-402a-a1a5-851c13e3b585" testListId="8c84fa94-04c1-424b-9868-57a2d4851a1d" />
    <TestEntry testId="1f8987ac-9269-84b9-bfdd-ac54908ac757" executionId="4f9e5c2a-729a-42b1-89a6-212eaf241b40" testListId="8c84fa94-04c1-424b-9868-57a2d4851a1d" />
    <TestEntry testId="1d794507-bc0d-893d-ad6c-44ed66ca39b0" executionId="c04d4aea-c076-4be5-8af8-39bb8401eb32" testListId="8c84fa94-04c1-424b-9868-57a2d4851a1d" />
  </TestEntries>
  <TestLists>
    <TestList name="Results Not in a List" id="8c84fa94-04c1-424b-9868-57a2d4851a1d" />
    <TestList name="All Loaded Results" id="19431567-8539-422a-85d7-44ee4e166bda" />
  </TestLists>
  <ResultSummary outcome="Completed">
    <Counters total="58" executed="58" passed="58" failed="0" error="0" timeout="0" aborted="0" inconclusive="0" passedButRunAborted="0" notRunnable="0" notExecuted="0" disconnected="0" warning="0" completed="0" inProgress="0" pending="0" />
  </ResultSummary>
</TestRun>