PASS authorization lease dynamic smoke
wrongPinDoesNotPrime=True
epochChangeDenied=True
generationChangeDenied=True
successfulPinPrimes=True
durableAuthorityChangeDenied=True
highWaterMonotonic=True
legacyAdminOnlineCompatible=True
legacyOfflineDenied=True
unauthorizedSaleSinkRows=0
unauthorizedPublicationOutboxRows=0
legacyV1V2V3OfflineDenied=True
attestedExpirySameProcessReread=True
tamperedExpiryDenied=True
oversizedTrustedStateDenied=True
firstLoginLostResponseRetry=True
heartbeatDoesNotExtendBound=True
staleHeartbeatClockNotReset=True
concurrentHeartbeatCas=True
frozenClockMonotonicExpiry=True
frozenClockUnauthorizedSaleSinkRows=0
frozenClockUnauthorizedPublicationOutboxRows=0
monotonicCounterRegressionDenied=True
monotonicProviderFailureDenied=True
invalidMonotonicFrequencyDenied=True
monotonicElapsedOverflowDenied=True
preflightDelayExpiryDenied=True
activationDelayCountedFromReceipt=True
firstUseReceiptClockExpiryDenied=True
firstUseUnauthorizedSaleSinkRows=0
firstUseUnauthorizedPublicationOutboxRows=0
firstLoginRetryClockNotReset=True
heartbeatClockNotReset=True
betweenPreflightsExpiryDenied=True
crossGenerationReplayG2Denied=True
crossGenerationReplayG3AfterClearDenied=True
crossGenerationReplayG3AfterTryClearDenied=True
crossGenerationReplaySinkRows=0
crossGenerationReplayLineRows=0
crossGenerationReplayStockMovementRows=0
crossGenerationReplayOutboxRows=0
crossGenerationFreshResponseRecovers=True
trustedClockSaveFailureNotPublished=True
saleCommitDurabilityHeadroomDenied=True
crossPreflightRegressionDenied=True
loginRevocationRaceDenied=True
staleLoginCleanupDoesNotClearNewAuthority=True
staleDenialDoesNotClearNewAuthority=True
permissionSnapshotRejectsReplacementAdmin=True
permissionSnapshotRejectsConcurrentRevocation=True
localRecoveryCannotInheritPosAuthority=True
saleExpiryRaceSinkRows=0
saleExpiryRaceOutboxRows=0
saleRevocationRaceSinkRows=0
saleRevocationRaceOutboxRows=0
saleRevocationDemandCount=4
denialCallbacksAfterGateRelease=True
saleGenerationRaceSinkRows=0
saleGenerationRaceOutboxRows=0
saleGenerationDemandCount=4
saleCommitExpiryRaceSinkRows=0
saleCommitExpiryRaceOutboxRows=0
saleCommitExpiryDemandCount=5
saleCommitBlockedReaderExpiryDenied=True
saleCommitBlockedReaderSinkRows=0
saleCommitBlockedReaderOutboxRows=0
saleCommitBlockedReaderDemandCount=2
saleCommitFenceReleased=True
saleCommitRevocationLinearized=True
saleRaceAuditPersisted=True
saleRaceAuthorizedRetryRows=1
saleExactRetryIdempotent=True
saleAmbiguousCommitRetryIdempotent=True
saleAmbiguousCartMutationStartsNewIdentity=True
saleAmbiguousAuthorityMismatchDenied=True
concurrentAuthorizedSalesRows=2
concurrentAuthorizedSalesOutboxRows=2
hardwareEffects=0
PASS authorization lease restart prepare
processInstance=db79943045014eb99f9fe8a67a1bc02b
stateFormat=4
offlineAttested=True
PASS authorization lease restart verify
processInstance=dbb47e1d234941ca818347ccd658543b
onlineRecoveryReadable=True
offlineAttestationAfterRestart=False
offlineDenial=offline_attestation_required
unauthorizedSaleSinkRows=0
unauthorizedPublicationOutboxRows=0
freshOnlineRecovery=True
PASS authorization lease clock capacity smoke
trustedClockCapacityFailClosed=True
trustedClockCapacityNoEviction=True
trustedClockDomainMismatchDenied=True
trustedClockInvalidKeyDenied=True
AUTHORIZATION_LEASE_DATA_DIAGNOSTICS_SEPARATED=True
AUTHORIZATION_LEASE_RESTART_SEEDED_ONCE=True
AUTHORIZATION_LEASE_DIAGNOSTICS_COLLECTED=True
